core_cm4.h:1672:22:__NVIC_EnableIRQ	16	static
core_cm4.h:1708:22:__NVIC_DisableIRQ	16	static
core_cm4.h:1800:22:__NVIC_SetPriority	16	static
core_cm4.h:1923:22:__NVIC_SystemReset	4	static
fsl_common.h:363:28:EnableIRQ	16	static
fsl_common.h:401:28:DisableIRQ	16	static
fsl_uart.h:570:23:UART_ReadByte	16	static
fsl_port.h:364:20:PORT_SetPinMux	24	static
fsl_pit.h:131:20:PIT_GetDefaultConfig	16	static
fsl_pit.h:185:20:PIT_EnableInterrupts	24	static
fsl_pit.h:246:20:PIT_ClearStatusFlags	24	static
fsl_pit.h:272:20:PIT_SetTimerPeriod	24	static
fsl_pit.h:312:20:PIT_StartTimer	16	static
fsl_gpio.h:161:20:GPIO_PinWrite	24	static
USB_Log.c:167:6:USB0_IRQHandler	8	static
USB_Log.c:176:6:USB_HostClockInit	8	static
USB_Log.c:184:6:USB_HostIsrEnable	16	static
USB_Log.c:201:6:USB_HostTaskFn	16	static
USB_Log.c:214:21:USB_HostEvent	32	static
USB_Log.c:297:13:USB_HostApplicationInit	16	static
USB_Log.c:320:6:UART1_RX_TX_IRQHandler	16	static
USB_Log.c:357:6:PIT0_IRQHandler	8	static
USB_Log.c:369:6:delay	16	static
USB_Log.c:399:7:error_trap	8	static
USB_Log.c:407:7:app_finalize	8	static
USB_Log.c:424:5:main	80	static
