fsl_clock.h:631:20:CLOCK_EnableClock	24	static
fsl_clock.h:642:20:CLOCK_DisableClock	24	static
fsl_clock.h:653:20:CLOCK_SetEr32kClock	16	static
fsl_clock.h:673:20:CLOCK_SetPllFllSelClock	16	static
fsl_clock.h:1089:20:OSC_SetExtRefClkConfig	24	static
fsl_clock.h:1115:20:OSC_SetCapLoad	24	static
fsl_clock.c:207:6:CLOCK_FllStableDelay	16	static
fsl_clock.c:227:17:CLOCK_GetMcgExtClkFreq	16	static
fsl_clock.c:251:17:CLOCK_GetFllExtRefClkFreq	16	static
fsl_clock.c:305:17:CLOCK_GetInternalRefClkSelectFreq	4	static
fsl_clock.c:319:17:CLOCK_GetFllRefClkFreq	8	static
fsl_clock.c:333:17:CLOCK_GetPll0RefFreq	8	static
fsl_clock.c:339:16:CLOCK_GetOscRangeFromFreq	24	static
fsl_clock.c:359:10:CLOCK_GetOsc0ErClkFreq	8	static
fsl_clock.c:373:10:CLOCK_GetEr32kClkFreq	16	static
fsl_clock.c:397:10:CLOCK_GetPllFllSelClkFreq	16	static
fsl_clock.c:417:10:CLOCK_GetPlatClkFreq	8	static
fsl_clock.c:422:10:CLOCK_GetFlashClkFreq	8	static
fsl_clock.c:427:10:CLOCK_GetBusClkFreq	8	static
fsl_clock.c:432:10:CLOCK_GetCoreSysClkFreq	8	static
fsl_clock.c:437:10:CLOCK_GetFreq	24	static
fsl_clock.c:485:6:CLOCK_SetSimConfig	16	static
fsl_clock.c:492:6:CLOCK_EnableUsbfs0Clock	24	static
fsl_clock.c:531:10:CLOCK_GetOutClkFreq	16	static
fsl_clock.c:557:10:CLOCK_GetFllFreq	16	static
fsl_clock.c:583:10:CLOCK_GetInternalRefClkFreq	8	static
fsl_clock.c:594:10:CLOCK_GetFixedFreqClkFreq	16	static
fsl_clock.c:609:10:CLOCK_GetPll0Freq	16	static
fsl_clock.c:633:10:CLOCK_SetExternalRefClkConfig	24	static
fsl_clock.c:670:10:CLOCK_SetInternalRefClkConfig	24	static
fsl_clock.c:718:10:CLOCK_CalcPllDiv	48	static
fsl_clock.c:815:6:CLOCK_EnablePll0	24	static
fsl_clock.c:835:6:CLOCK_SetOsc0MonitorMode	16	static
fsl_clock.c:858:6:CLOCK_SetRtcOscMonitorMode	24	static
fsl_clock.c:875:6:CLOCK_SetPll0MonitorMode	24	static
fsl_clock.c:905:10:CLOCK_GetStatusFlags	16	static
fsl_clock.c:933:6:CLOCK_ClearStatusFlags	24	static
fsl_clock.c:952:6:CLOCK_InitOsc0	24	static
fsl_clock.c:970:6:CLOCK_DeinitOsc0	4	static
fsl_clock.c:976:10:CLOCK_TrimInternalRefClk	40	static
fsl_clock.c:1052:12:CLOCK_GetMode	32	static
fsl_clock.c:1152:10:CLOCK_SetFeiMode	24	static
fsl_clock.c:1212:10:CLOCK_SetFeeMode	24	static
fsl_clock.c:1290:10:CLOCK_SetFbiMode	24	static
fsl_clock.c:1354:10:CLOCK_SetFbeMode	24	static
fsl_clock.c:1437:10:CLOCK_SetBlpiMode	4	static
fsl_clock.c:1452:10:CLOCK_SetBlpeMode	4	static
fsl_clock.c:1467:10:CLOCK_SetPbeMode	16	static
fsl_clock.c:1508:10:CLOCK_SetPeeMode	4	static
fsl_clock.c:1529:10:CLOCK_ExternalModeToFbeModeQuick	4	static
fsl_clock.c:1555:10:CLOCK_InternalModeToFbiModeQuick	4	static
fsl_clock.c:1575:10:CLOCK_BootToFeiMode	16	static
fsl_clock.c:1580:10:CLOCK_BootToFeeMode	24	static
fsl_clock.c:1588:10:CLOCK_BootToBlpiMode	16	static
fsl_clock.c:1605:10:CLOCK_BootToBlpeMode	16	static
fsl_clock.c:1637:10:CLOCK_BootToPeeMode	16	static
fsl_clock.c:1683:10:CLOCK_SetMcgConfig	32	static
