Archive member included to satisfy reference by file (symbol)

c:/nxp/mcuxpressoide_11.1.1_3241/ide/plugins/com.nxp.mcuxpresso.tools.win32_11.1.0.202001081728/tools/bin/../lib/gcc/arm-none-eabi/8.3.1/../../../../arm-none-eabi/lib/thumb/v7e-m/nofp\libcr_semihost_nf.a(_cr__main.o)
                              ./startup/startup_mk22d5.o (__main)
c:/nxp/mcuxpressoide_11.1.1_3241/ide/plugins/com.nxp.mcuxpresso.tools.win32_11.1.0.202001081728/tools/bin/../lib/gcc/arm-none-eabi/8.3.1/../../../../arm-none-eabi/lib/thumb/v7e-m/nofp\libcr_semihost_nf.a(_cr_assert.o)
                              ./utilities/fsl_debug_console.o (__assertion_failed)
c:/nxp/mcuxpressoide_11.1.1_3241/ide/plugins/com.nxp.mcuxpresso.tools.win32_11.1.0.202001081728/tools/bin/../lib/gcc/arm-none-eabi/8.3.1/../../../../arm-none-eabi/lib/thumb/v7e-m/nofp\libcr_semihost_nf.a(__ciob.o)
                              c:/nxp/mcuxpressoide_11.1.1_3241/ide/plugins/com.nxp.mcuxpresso.tools.win32_11.1.0.202001081728/tools/bin/../lib/gcc/arm-none-eabi/8.3.1/../../../../arm-none-eabi/lib/thumb/v7e-m/nofp\libcr_semihost_nf.a(_cr_assert.o) (__Ciob)
c:/nxp/mcuxpressoide_11.1.1_3241/ide/plugins/com.nxp.mcuxpresso.tools.win32_11.1.0.202001081728/tools/bin/../lib/gcc/arm-none-eabi/8.3.1/../../../../arm-none-eabi/lib/thumb/v7e-m/nofp\libcr_semihost_nf.a(__sys_appexit.o)
                              c:/nxp/mcuxpressoide_11.1.1_3241/ide/plugins/com.nxp.mcuxpresso.tools.win32_11.1.0.202001081728/tools/bin/../lib/gcc/arm-none-eabi/8.3.1/../../../../arm-none-eabi/lib/thumb/v7e-m/nofp\libcr_semihost_nf.a(_cr_assert.o) (__sys_appexit)
c:/nxp/mcuxpressoide_11.1.1_3241/ide/plugins/com.nxp.mcuxpresso.tools.win32_11.1.0.202001081728/tools/bin/../lib/gcc/arm-none-eabi/8.3.1/../../../../arm-none-eabi/lib/thumb/v7e-m/nofp\libcr_c.a(memcpy.o)
                              ./drivers/fsl_flash.o (memcpy)
c:/nxp/mcuxpressoide_11.1.1_3241/ide/plugins/com.nxp.mcuxpresso.tools.win32_11.1.0.202001081728/tools/bin/../lib/gcc/arm-none-eabi/8.3.1/../../../../arm-none-eabi/lib/thumb/v7e-m/nofp\libcr_c.a(memset.o)
                              ./source/USB_Log.o (memset)
c:/nxp/mcuxpressoide_11.1.1_3241/ide/plugins/com.nxp.mcuxpresso.tools.win32_11.1.0.202001081728/tools/bin/../lib/gcc/arm-none-eabi/8.3.1/../../../../arm-none-eabi/lib/thumb/v7e-m/nofp\libcr_c.a(_deferredlazyseek.o)
                              c:/nxp/mcuxpressoide_11.1.1_3241/ide/plugins/com.nxp.mcuxpresso.tools.win32_11.1.0.202001081728/tools/bin/../lib/gcc/arm-none-eabi/8.3.1/../../../../arm-none-eabi/lib/thumb/v7e-m/nofp\libcr_semihost_nf.a(_cr_assert.o) (__flsbuf)
c:/nxp/mcuxpressoide_11.1.1_3241/ide/plugins/com.nxp.mcuxpresso.tools.win32_11.1.0.202001081728/tools/bin/../lib/gcc/arm-none-eabi/8.3.1/../../../../arm-none-eabi/lib/thumb/v7e-m/nofp\libcr_c.a(_fflush.o)
                              c:/nxp/mcuxpressoide_11.1.1_3241/ide/plugins/com.nxp.mcuxpresso.tools.win32_11.1.0.202001081728/tools/bin/../lib/gcc/arm-none-eabi/8.3.1/../../../../arm-none-eabi/lib/thumb/v7e-m/nofp\libcr_c.a(_deferredlazyseek.o) (_fflush)
c:/nxp/mcuxpressoide_11.1.1_3241/ide/plugins/com.nxp.mcuxpresso.tools.win32_11.1.0.202001081728/tools/bin/../lib/gcc/arm-none-eabi/8.3.1/../../../../arm-none-eabi/lib/thumb/v7e-m/nofp\libcr_c.a(_writebuf.o)
                              c:/nxp/mcuxpressoide_11.1.1_3241/ide/plugins/com.nxp.mcuxpresso.tools.win32_11.1.0.202001081728/tools/bin/../lib/gcc/arm-none-eabi/8.3.1/../../../../arm-none-eabi/lib/thumb/v7e-m/nofp\libcr_c.a(_deferredlazyseek.o) (_Cwritebuf)
c:/nxp/mcuxpressoide_11.1.1_3241/ide/plugins/com.nxp.mcuxpresso.tools.win32_11.1.0.202001081728/tools/bin/../lib/gcc/arm-none-eabi/8.3.1/../../../../arm-none-eabi/lib/thumb/v7e-m/nofp\libcr_c.a(alloc.o)
                              ./osa/usb_osa_bm.o (malloc)
c:/nxp/mcuxpressoide_11.1.1_3241/ide/plugins/com.nxp.mcuxpresso.tools.win32_11.1.0.202001081728/tools/bin/../lib/gcc/arm-none-eabi/8.3.1/../../../../arm-none-eabi/lib/thumb/v7e-m/nofp\libcr_c.a(fputs.o)
                              c:/nxp/mcuxpressoide_11.1.1_3241/ide/plugins/com.nxp.mcuxpresso.tools.win32_11.1.0.202001081728/tools/bin/../lib/gcc/arm-none-eabi/8.3.1/../../../../arm-none-eabi/lib/thumb/v7e-m/nofp\libcr_semihost_nf.a(_cr_assert.o) (fputs)
c:/nxp/mcuxpressoide_11.1.1_3241/ide/plugins/com.nxp.mcuxpresso.tools.win32_11.1.0.202001081728/tools/bin/../lib/gcc/arm-none-eabi/8.3.1/../../../../arm-none-eabi/lib/thumb/v7e-m/nofp\libcr_c.a(fseek.o)
                              c:/nxp/mcuxpressoide_11.1.1_3241/ide/plugins/com.nxp.mcuxpresso.tools.win32_11.1.0.202001081728/tools/bin/../lib/gcc/arm-none-eabi/8.3.1/../../../../arm-none-eabi/lib/thumb/v7e-m/nofp\libcr_c.a(_deferredlazyseek.o) (fseek)
c:/nxp/mcuxpressoide_11.1.1_3241/ide/plugins/com.nxp.mcuxpresso.tools.win32_11.1.0.202001081728/tools/bin/../lib/gcc/arm-none-eabi/8.3.1/../../../../arm-none-eabi/lib/thumb/v7e-m/nofp\libcr_c.a(ftell.o)
[...]
Memory Configuration

Name             Origin             Length             Attributes
PROGRAM_FLASH    0x00000000         0x00040000         xr
SRAM_UPPER       0x20000000         0x00004000         xrw
SRAM_LOWER       0x1fffc000         0x00004000         xrw
FLEX_RAM         0x14000000         0x00001000         xrw
*default*        0x00000000         0xffffffff

Linker script and memory map

LOAD ./utilities/fsl_assert.o
LOAD ./utilities/fsl_debug_console.o
LOAD ./utilities/fsl_io.o
LOAD ./utilities/fsl_log.o
LOAD ./utilities/fsl_str.o
LOAD ./usb/host/class/usb_host_hub.o
LOAD ./usb/host/class/usb_host_hub_app.o
LOAD ./usb/host/class/usb_host_msd.o
LOAD ./usb/host/class/usb_host_msd_ufi.o
LOAD ./usb/host/usb_host_devices.o
LOAD ./usb/host/usb_host_framework.o
LOAD ./usb/host/usb_host_hci.o
LOAD ./usb/host/usb_host_khci.o
LOAD ./startup/startup_mk22d5.o
LOAD ./sources/app.o
LOAD ./sources/fsl_usb_disk_bm.o
LOAD ./sources/host_msd_fatfs.o
LOAD ./source/USB_Log.o
LOAD ./source/semihost_hardfault.o
LOAD ./osa/usb_osa_bm.o
LOAD ./fatfs/fatfs_source/diskio.o
LOAD ./fatfs/fatfs_source/ff.o
LOAD ./drivers/fsl_clock.o
LOAD ./drivers/fsl_common.o
LOAD ./drivers/fsl_flash.o
LOAD ./drivers/fsl_gpio.o
LOAD ./drivers/fsl_pit.o
LOAD ./drivers/fsl_sim.o
LOAD ./drivers/fsl_smc.o
LOAD ./drivers/fsl_uart.o
LOAD ./board/board.o
LOAD ./board/clock_config.o
LOAD ./board/peripherals.o
LOAD ./board/pin_mux.o
LOAD ./CMSIS/system_MK22D5.o
START GROUP
LOAD c:/nxp/mcuxpressoide_11.1.1_3241/ide/plugins/com.nxp.mcuxpresso.tools.win32_11.1.0.202001081728/tools/bin/../lib/gcc/arm-none-eabi/8.3.1/../../../../arm-none-eabi/lib/thumb/v7e-m/nofp\libcr_semihost_nf.a
LOAD c:/nxp/mcuxpressoide_11.1.1_3241/ide/plugins/com.nxp.mcuxpresso.tools.win32_11.1.0.202001081728/tools/bin/../lib/gcc/arm-none-eabi/8.3.1/../../../../arm-none-eabi/lib/thumb/v7e-m/nofp\libcr_c.a
LOAD c:/nxp/mcuxpressoide_11.1.1_3241/ide/plugins/com.nxp.mcuxpresso.tools.win32_11.1.0.202001081728/tools/bin/../lib/gcc/arm-none-eabi/8.3.1/thumb/v7e-m/nofp\libcr_eabihelpers.a
LOAD c:/nxp/mcuxpressoide_11.1.1_3241/ide/plugins/com.nxp.mcuxpresso.tools.win32_11.1.0.202001081728/tools/bin/../lib/gcc/arm-none-eabi/8.3.1/thumb/v7e-m/nofp\libgcc.a
END GROUP
                0x00000000                __base_PROGRAM_FLASH = 0x0
                0x00000000                __base_Flash = 0x0
                0x00040000                __top_PROGRAM_FLASH = 0x40000
                0x00040000                __top_Flash = 0x40000
                0x20000000                __base_SRAM_UPPER = 0x20000000
                0x20000000                __base_RAM = 0x20000000
                0x20004000                __top_SRAM_UPPER = 0x20004000
                0x20004000                __top_RAM = 0x20004000
                0x1fffc000                __base_SRAM_LOWER = 0x1fffc000
                0x1fffc000                __base_RAM2 = 0x1fffc000
                0x20000000                __top_SRAM_LOWER = 0x20000000
                0x20000000                __top_RAM2 = 0x20000000
                0x14000000                __base_FLEX_RAM = 0x14000000
                0x14000000                __base_RAM3 = 0x14000000
                0x14001000                __top_FLEX_RAM = 0x14001000
                0x14001000                __top_RAM3 = 0x14001000

.text           0x00000000     0xf630
 FILL mask 0xff
                0x00000000                __vectors_start__ = ABSOLUTE (.)
 *(SORT_BY_ALIGNMENT(.isr_vector))
 .isr_vector    0x00000000      0x144 ./startup/startup_mk22d5.o
                0x00000000                g_pfnVectors
                0x00000000                __Vectors
                0x00000144                . = ALIGN (0x4)
                0x00000144                __section_table_start = .
                0x00000144                __data_section_table = .
                0x00000144        0x4 LONG 0xf630 LOADADDR (.data)
                0x00000148        0x4 LONG 0x20000000 ADDR (.data)
                0x0000014c        0x4 LONG 0x18 SIZEOF (.data)
                0x00000150        0x4 LONG 0xf630 LOADADDR (.data_RAM2)
                0x00000154        0x4 LONG 0x1fffc000 ADDR (.data_RAM2)
                0x00000158        0x4 LONG 0x0 SIZEOF (.data_RAM2)
                0x0000015c        0x4 LONG 0xf630 LOADADDR (.data_RAM3)
                0x00000160        0x4 LONG 0x14000000 ADDR (.data_RAM3)
                0x00000164        0x4 LONG 0x0 SIZEOF (.data_RAM3)
                0x00000168                __data_section_table_end = .
                0x00000168                __bss_section_table = .
                0x00000168        0x4 LONG 0x20000200 ADDR (.bss)
                0x0000016c        0x4 LONG 0x10d4 SIZEOF (.bss)
                0x00000170        0x4 LONG 0x1fffc000 ADDR (.bss_RAM2)
                0x00000174        0x4 LONG 0x0 SIZEOF (.bss_RAM2)
                0x00000178        0x4 LONG 0x14000000 ADDR (.bss_RAM3)
                0x0000017c        0x4 LONG 0x0 SIZEOF (.bss_RAM3)
                0x00000180                __bss_section_table_end = .
                0x00000180                __section_table_end = .
 *(SORT_BY_ALIGNMENT(.after_vectors*))
 .after_vectors.reset
                0x00000180       0x4c ./startup/startup_mk22d5.o
                0x00000180                ResetISR
 .after_vectors.init_data
                0x000001cc       0x1c ./startup/startup_mk22d5.o
                0x000001cc                data_init
 .after_vectors.init_bss
                0x000001e8       0x12 ./startup/startup_mk22d5.o
                0x000001e8                bss_init
 .after_vectors
                0x000001fa       0x14 ./startup/startup_mk22d5.o
                0x000001fa                NMI_Handler
                0x000001fe                MemManage_Handler
                0x00000200                BusFault_Handler
                0x00000202                UsageFault_Handler
                0x00000204                SVC_Handler
                0x00000206                DebugMon_Handler
                0x00000208                PendSV_Handler
                0x0000020a                SysTick_Handler
                0x0000020c                DMA_Error_DriverIRQHandler
                0x0000020c                LPTMR0_DriverIRQHandler
                0x0000020c                SPI1_DriverIRQHandler
                0x0000020c                FTM1_DriverIRQHandler
                0x0000020c                FTM2_DriverIRQHandler
                0x0000020c                PIT2_DriverIRQHandler
                0x0000020c                I2S0_Tx_DriverIRQHandler
                0x0000020c                RTC_Seconds_DriverIRQHandler
                0x0000020c                DMA6_DriverIRQHandler
                0x0000020c                LLWU_DriverIRQHandler
                0x0000020c                MCM_DriverIRQHandler
                0x0000020c                MCG_DriverIRQHandler
                0x0000020c                DMA12_DriverIRQHandler
                0x0000020c                CMP1_DriverIRQHandler
                0x0000020c                FTM0_DriverIRQHandler
                0x0000020c                IntDefaultHandler
                0x0000020c                USB0_DriverIRQHandler
                0x0000020c                PORTC_DriverIRQHandler
                0x0000020c                DMA11_DriverIRQHandler
                0x0000020c                DAC0_DriverIRQHandler
                0x0000020c                DMA10_DriverIRQHandler
                0x0000020c                UART2_ERR_DriverIRQHandler
                0x0000020c                LVD_LVW_DriverIRQHandler
                0x0000020c                PORTB_DriverIRQHandler
                0x0000020c                DMA5_DriverIRQHandler
                0x0000020c                DMA4_DriverIRQHandler
                0x0000020c                USBDCD_DriverIRQHandler
                0x0000020c                UART3_ERR_DriverIRQHandler
                0x0000020c                DMA3_DriverIRQHandler
                0x0000020c                DMA8_DriverIRQHandler
                0x0000020c                DMA9_DriverIRQHandler
                0x0000020c                UART0_ERR_DriverIRQHandler
                0x0000020c                CMT_DriverIRQHandler
                0x0000020c                Reserved71_DriverIRQHandler
                0x0000020c                PORTA_DriverIRQHandler
                0x0000020c                DMA14_DriverIRQHandler
                0x0000020c                PIT3_DriverIRQHandler
                0x0000020c                PIT1_DriverIRQHandler
                0x0000020c                WDOG_EWM_DriverIRQHandler
                0x0000020c                PDB0_DriverIRQHandler
                0x0000020c                RTC_DriverIRQHandler
                0x0000020c                I2S0_Rx_DriverIRQHandler
                0x0000020c                Read_Collision_DriverIRQHandler
                0x0000020c                SWI_DriverIRQHandler
                0x0000020c                DMA0_DriverIRQHandler
                0x0000020c                Reserved39_DriverIRQHandler
                0x0000020c                DMA1_DriverIRQHandler
                0x0000020c                I2C1_DriverIRQHandler
                0x0000020c                DMA13_DriverIRQHandler
                0x0000020c                DMA15_DriverIRQHandler
                0x0000020c                SPI0_DriverIRQHandler
                0x0000020c                ADC0_DriverIRQHandler
                0x0000020c                FTFL_DriverIRQHandler
                0x0000020c                CMP0_DriverIRQHandler
                0x0000020c                PIT0_DriverIRQHandler
                0x0000020c                UART1_ERR_DriverIRQHandler
                0x0000020c                DMA2_DriverIRQHandler
                0x0000020c                PORTD_DriverIRQHandler
                0x0000020c                Reserved46_DriverIRQHandler
                0x0000020c                PORTE_DriverIRQHandler
                0x0000020c                I2C0_DriverIRQHandler
                0x0000020c                DMA7_DriverIRQHandler
                0x00000400                . = 0x400
 *fill*         0x0000020e      0x1f2 ff
                0x00000400                PROVIDE (__FLASH_CONFIG_START__ = .)
 *(SORT_BY_ALIGNMENT(.FlashConfig))
 .FlashConfig   0x00000400       0x10 ./startup/startup_mk22d5.o
                0x00000400                Flash_Config
                0x00000410                PROVIDE (__FLASH_CONFIG_END__ = .)
                0x00000001                ASSERT (! ((__FLASH_CONFIG_START__ == __FLASH_CONFIG_END__)), Linker Flash Config Support Enabled, but no .FlashConfig section provided within application)
 *(SORT_BY_ALIGNMENT(.text*))
 .text.USB_HostHubClassRequestCommon
                0x00000410       0xcc ./usb/host/class/usb_host_hub.o
 .text.USB_HostHubInterruptRecv
                0x000004dc       0x94 ./usb/host/class/usb_host_hub.o
                0x000004dc                USB_HostHubInterruptRecv
 .text.USB_HostHubGetHubList
                0x00000570       0x18 ./usb/host/class/usb_host_hub_app.o
 .text.USB_HostHubGetInterruptStatus
                0x00000588       0x5c ./usb/host/class/usb_host_hub_app.o
 .text.USB_HostHubProcess
                0x000005e4      0x2dc ./usb/host/class/usb_host_hub_app.o
 .text.USB_HostHubProcessPortAttach
                0x000008c0      0x44c ./usb/host/class/usb_host_hub_app.o
 .text.USB_HostHubProcessPortDetach
                0x00000d0c      0x22c ./usb/host/class/usb_host_hub_app.o
 .text.USB_HostHubProcessData
                0x00000f38      0x114 ./usb/host/class/usb_host_hub_app.o
 .text.USB_HostHubDeviceEvent
                0x0000104c      0x31c ./usb/host/class/usb_host_hub_app.o
                0x0000104c                USB_HostHubDeviceEvent
 .text.USB_HostMsdMassResetClearInCallback
                0x00001368       0x5c ./usb/host/class/usb_host_msd.o
 .text.USB_HostMsdMassResetCallback
                0x000013c4       0x60 ./usb/host/class/usb_host_msd.o
 .text.USB_HostMsdCswCallback
                0x00001424      0x1a4 ./usb/host/class/usb_host_msd.o
 .text.USB_HostMsdCbwCallback
                0x000015c8      0x170 ./usb/host/class/usb_host_msd.o
 .text.USB_HostMsdDataCallback
                0x00001738       0xe0 ./usb/host/class/usb_host_msd.o
 .text.USB_HostMsdProcessCommand
                0x00001818      0x180 ./usb/host/class/usb_host_msd.o
 .text.USB_HostMsdInit
                0x00001998       0x90 ./usb/host/class/usb_host_msd.o
                0x00001998                USB_HostMsdInit
 .text.USB_HostMsdSetInterface
                0x00001a28      0x14c ./usb/host/class/usb_host_msd.o
                0x00001a28                USB_HostMsdSetInterface
 .text.USB_HostMsdMassStorageReset
                0x00001b74       0x3c ./usb/host/class/usb_host_msd.o
                0x00001b74                USB_HostMsdMassStorageReset
 .text.USB_HostEnumerationTransferCallback
                0x00001bb0      0x174 ./usb/host/usb_host_devices.o
 .text.USB_HostProcessState
                0x00001d24      0x1f4 ./usb/host/usb_host_devices.o
 .text.USB_HostProcessCallback
                0x00001f18      0x198 ./usb/host/usb_host_devices.o
 .text.USB_HostOpenDeviceInterface
                0x000020b0       0xf4 ./usb/host/usb_host_devices.o
                0x000020b0                USB_HostOpenDeviceInterface
 .text.USB_HostCloseDeviceInterface
                0x000021a4      0x15c ./usb/host/usb_host_devices.o
                0x000021a4                USB_HostCloseDeviceInterface
 .text.USB_HostGetInstance
                0x00002300       0xf0 ./usb/host/usb_host_hci.o
 .text.USB_HostGetControllerInterface
                0x000023f0       0x28 ./usb/host/usb_host_hci.o
 .text.USB_HostHelperGetPeripheralInformation
                0x00002418      0x174 ./usb/host/usb_host_hci.o
                0x00002418                USB_HostHelperGetPeripheralInformation
 .text._USB_HostKhciGetFrameCountSum
                0x0000258c       0x4c ./usb/host/usb_host_khci.o
 .text._USB_HostKhciAttach
                0x000025d8      0x260 ./usb/host/usb_host_khci.o
 .text._USB_HostKhciTransactionDone
                0x00002838      0x294 ./usb/host/usb_host_khci.o
 .text._USB_HostKhciAtomNonblockingTransaction
                0x00002acc      0x32c ./usb/host/usb_host_khci.o
 .text._USB_HostKhciStartTranfer
                0x00002df8      0x1c0 ./usb/host/usb_host_khci.o
 .text._USB_HostKhciFinishTranfer
                0x00002fb8      0x168 ./usb/host/usb_host_khci.o
 .text._USB_HostKhciTransferStateMachine
                0x00003120      0x204 ./usb/host/usb_host_khci.o
                0x00003120                _USB_HostKhciTransferStateMachine
 .text.USB_HostKhciTaskFunction
                0x00003324       0xf0 ./usb/host/usb_host_khci.o
                0x00003324                USB_HostKhciTaskFunction
 .text.USB_HostKhciCreate
                0x00003414      0x1c0 ./usb/host/usb_host_khci.o
                0x00003414                USB_HostKhciCreate
 .text.USB_HostKciIoctl
                0x000035d4       0x88 ./usb/host/usb_host_khci.o
                0x000035d4                USB_HostKciIoctl
 .text.USB_HostMsdUfiCallback
                0x0000365c       0x2c ./sources/fsl_usb_disk_bm.o
 .text.USB_HostMsdInitializeDisk
                0x00003688      0x140 ./sources/fsl_usb_disk_bm.o
                0x00003688                USB_HostMsdInitializeDisk
 .text.USB_HostMsdReadDisk
                0x000037c8       0xe0 ./sources/fsl_usb_disk_bm.o
                0x000037c8                USB_HostMsdReadDisk
 .text.USB_HostMsdWriteDisk
                0x000038a8       0xdc ./sources/fsl_usb_disk_bm.o
                0x000038a8                USB_HostMsdWriteDisk
 .text.USB_HostMsdIoctlDisk
                0x00003984      0x1a8 ./sources/fsl_usb_disk_bm.o
                0x00003984                USB_HostMsdIoctlDisk
 .text.__NVIC_EnableIRQ
                0x00003b2c       0x38 ./sources/host_msd_fatfs.o
 .text.__NVIC_DisableIRQ
                0x00003b64       0x44 ./sources/host_msd_fatfs.o
 .text.USB_HostMsdControlCallback
                0x00003ba8       0x44 ./sources/host_msd_fatfs.o
                0x00003ba8                USB_HostMsdControlCallback
 .text.USB_HostMsdFatfsTestDone
                0x00003bec       0x14 ./sources/host_msd_fatfs.o
 .text.USB_HostMsdFatfsTest
                0x00003c00      0xa0c ./sources/host_msd_fatfs.o
 .text.USB_HostMsdTask
                0x0000460c       0xfc ./sources/host_msd_fatfs.o
                0x0000460c                USB_HostMsdTask
 .text.USB_HostMsdEvent
                0x00004708      0x1ac ./sources/host_msd_fatfs.o
                0x00004708                USB_HostMsdEvent
 .text.__NVIC_EnableIRQ
                0x000048b4       0x38 ./source/USB_Log.o
 .text.__NVIC_DisableIRQ
                0x000048ec       0x44 ./source/USB_Log.o
 .text.__NVIC_SetPriority
                0x00004930       0x54 ./source/USB_Log.o
 .text.__NVIC_SystemReset
                0x00004984       0x28 ./source/USB_Log.o
 .text.PIT_GetDefaultConfig
                0x000049ac       0x28 ./source/USB_Log.o
 .text.USB0_IRQHandler
                0x000049d4       0x1c ./source/USB_Log.o
                0x000049d4                USB0_IRQHandler
 .text.USB_HostEvent
                0x000049f0       0x78 ./source/USB_Log.o
 .text.USB_HostApplicationInit
                0x00004a68       0x4c ./source/USB_Log.o
 .text.UART1_RX_TX_IRQHandler
                0x00004ab4       0x9c ./source/USB_Log.o
                0x00004ab4                UART1_RX_TX_IRQHandler
 .text.PIT0_IRQHandler
                0x00004b50       0x24 ./source/USB_Log.o
                0x00004b50                PIT0_IRQHandler
 .text.error_trap
                0x00004b74       0x20 ./source/USB_Log.o
                0x00004b74                error_trap
 .text.app_finalize
                0x00004b94       0x20 ./source/USB_Log.o
                0x00004b94                app_finalize
 .text.main     0x00004bb4      0xf70 ./source/USB_Log.o
                0x00004bb4                main
 .text.USB_OsaEventCreate
                0x00005b24       0x9c ./osa/usb_osa_bm.o
                0x00005b24                USB_OsaEventCreate
 .text.USB_OsaMutexCreate
                0x00005bc0       0x28 ./osa/usb_osa_bm.o
                0x00005bc0                USB_OsaMutexCreate
 .text.sync_fs  0x00005be8       0xdc ./fatfs/fatfs_source/ff.o
 .text.create_name
                0x00005cc4      0x1a4 ./fatfs/fatfs_source/ff.o
 .text.check_fs
                0x00005e68       0xac ./fatfs/fatfs_source/ff.o
 .text.find_volume
                0x00005f14      0x494 ./fatfs/fatfs_source/ff.o
 .text.f_mount  0x000063a8       0x88 ./fatfs/fatfs_source/ff.o
                0x000063a8                f_mount
 .text.f_open   0x00006430      0x314 ./fatfs/fatfs_source/ff.o
                0x00006430                f_open
 .text.f_sync   0x00006744      0x100 ./fatfs/fatfs_source/ff.o
                0x00006744                f_sync
 .text.CLOCK_SetEr32kClock
                0x00006844       0x2c ./drivers/fsl_clock.o
 .text.CLOCK_SetPllFllSelClock
                0x00006870       0x38 ./drivers/fsl_clock.o
 .text.CLOCK_GetMcgExtClkFreq
                0x000068a8       0x6c ./drivers/fsl_clock.o
 .text.CLOCK_GetFllExtRefClkFreq
                0x00006914       0xc8 ./drivers/fsl_clock.o
 .text.CLOCK_GetInternalRefClkSelectFreq
                0x000069dc       0x40 ./drivers/fsl_clock.o
 .text.CLOCK_GetFllRefClkFreq
                0x00006a1c       0x2c ./drivers/fsl_clock.o
 .text.CLOCK_GetOscRangeFromFreq
                0x00006a48       0x3c ./drivers/fsl_clock.o
 .text.CLOCK_GetOsc0ErClkFreq
                0x00006a84       0x38 ./drivers/fsl_clock.o
                0x00006a84                CLOCK_GetOsc0ErClkFreq
 .text.CLOCK_GetEr32kClkFreq
                0x00006abc       0x70 ./drivers/fsl_clock.o
                0x00006abc                CLOCK_GetEr32kClkFreq
 .text.CLOCK_GetPllFllSelClkFreq
                0x00006b2c       0x44 ./drivers/fsl_clock.o
                0x00006b2c                CLOCK_GetPllFllSelClkFreq
 .text.CLOCK_GetFreq
                0x00006b70      0x11c ./drivers/fsl_clock.o
                0x00006b70                CLOCK_GetFreq
 .text.CLOCK_SetSimConfig
                0x00006c8c       0x38 ./drivers/fsl_clock.o
                0x00006c8c                CLOCK_SetSimConfig
 .text.CLOCK_EnableUsbfs0Clock
                0x00006cc4       0xe0 ./drivers/fsl_clock.o
                0x00006cc4                CLOCK_EnableUsbfs0Clock
 .text.CLOCK_GetOutClkFreq
                0x00006da4       0x64 ./drivers/fsl_clock.o
                0x00006da4                CLOCK_GetOutClkFreq
 .text.CLOCK_GetFllFreq
                0x00006e08       0x7c ./drivers/fsl_clock.o
                0x00006e08                CLOCK_GetFllFreq
 .text.CLOCK_GetInternalRefClkFreq
                0x00006e84       0x24 ./drivers/fsl_clock.o
                0x00006e84                CLOCK_GetInternalRefClkFreq
 .text.CLOCK_GetPll0Freq
                0x00006ea8       0x68 ./drivers/fsl_clock.o
                0x00006ea8                CLOCK_GetPll0Freq
 .text.CLOCK_SetExternalRefClkConfig
                0x00006f10       0x6c ./drivers/fsl_clock.o
                0x00006f10                CLOCK_SetExternalRefClkConfig
 .text.CLOCK_SetInternalRefClkConfig
                0x00006f7c      0x104 ./drivers/fsl_clock.o
                0x00006f7c                CLOCK_SetInternalRefClkConfig
 .text.CLOCK_EnablePll0
                0x00007080       0x84 ./drivers/fsl_clock.o
                0x00007080                CLOCK_EnablePll0
 .text.CLOCK_InitOsc0
                0x00007104       0x8c ./drivers/fsl_clock.o
                0x00007104                CLOCK_InitOsc0
 .text.CLOCK_SetPbeMode
                0x00007190       0xa8 ./drivers/fsl_clock.o
                0x00007190                CLOCK_SetPbeMode
 .text.CLOCK_BootToPeeMode
                0x00007238       0x64 ./drivers/fsl_clock.o
                0x00007238                CLOCK_BootToPeeMode
 .text.FLASH_Init
                0x0000729c       0xd8 ./drivers/fsl_flash.o
                0x0000729c                FLASH_Init
 .text.FLASH_Erase
                0x00007374       0xd4 ./drivers/fsl_flash.o
                0x00007374                FLASH_Erase
 .text.FLASH_Program
                0x00007448       0xd0 ./drivers/fsl_flash.o
                0x00007448                FLASH_Program
 .text.FLASH_ReadResource
                0x00007518       0xd8 ./drivers/fsl_flash.o
                0x00007518                FLASH_ReadResource
 .text.FLASH_GetSecurityState
                0x000075f0       0x68 ./drivers/fsl_flash.o
                0x000075f0                FLASH_GetSecurityState
 .text.FLASH_VerifyErase
                0x00007658       0xf0 ./drivers/fsl_flash.o
                0x00007658                FLASH_VerifyErase
 .text.FLASH_VerifyProgram
                0x00007748       0xc8 ./drivers/fsl_flash.o
                0x00007748                FLASH_VerifyProgram
 .text.FLASH_GetProperty
                0x00007810      0x13c ./drivers/fsl_flash.o
                0x00007810                FLASH_GetProperty
 .text.copy_flash_run_command
                0x0000794c       0x2c ./drivers/fsl_flash.o
 .text.flash_command_sequence
                0x00007978       0x6c ./drivers/fsl_flash.o
 .text.copy_flash_common_bit_operation
                0x000079e4       0x2c ./drivers/fsl_flash.o
 .text.fmc_flash_cache_clear
                0x00007a10       0x30 ./drivers/fsl_flash.o
                0x00007a10                fmc_flash_cache_clear
 .text.fmc_flash_prefetch_speculation_clear
                0x00007a40       0x30 ./drivers/fsl_flash.o
                0x00007a40                fmc_flash_prefetch_speculation_clear
 .text.flash_check_user_key
                0x00007a70       0x24 ./drivers/fsl_flash.o
 .text.flash_update_flexnvm_memory_partition_status
                0x00007a94      0x234 ./drivers/fsl_flash.o
 .text.flash_check_resource_range
                0x00007cc8       0x8c ./drivers/fsl_flash.o
 .text.GPIO_PinInit
                0x00007d54       0x64 ./drivers/fsl_gpio.o
                0x00007d54                GPIO_PinInit
 .text.PIT_GetInstance
                0x00007db8       0x44 ./drivers/fsl_pit.o
 .text.PIT_Init
                0x00007dfc       0x64 ./drivers/fsl_pit.o
                0x00007dfc                PIT_Init
 .text.UART_GetInstance
                0x00007e60       0x54 ./drivers/fsl_uart.o
                0x00007e60                UART_GetInstance
 .text.UART_Init
                0x00007eb4      0x29c ./drivers/fsl_uart.o
                0x00007eb4                UART_Init
 .text.UART_GetDefaultConfig
                0x00008150       0x58 ./drivers/fsl_uart.o
                0x00008150                UART_GetDefaultConfig
 .text.UART_EnableInterrupts
                0x000081a8       0x70 ./drivers/fsl_uart.o
                0x000081a8                UART_EnableInterrupts
 .text.UART0_DriverIRQHandler
                0x00008218       0x28 ./drivers/fsl_uart.o
                0x00008218                UART0_DriverIRQHandler
 .text.UART2_DriverIRQHandler
                0x00008240       0x28 ./drivers/fsl_uart.o
                0x00008240                UART2_DriverIRQHandler
 .text.UART3_DriverIRQHandler
                0x00008268       0x28 ./drivers/fsl_uart.o
                0x00008268                UART3_DriverIRQHandler
 .text.CLOCK_SetSimSafeDivs
                0x00008290       0x20 ./board/clock_config.o
 .text.CLOCK_SetXtal0Freq
                0x000082b0       0x1c ./board/clock_config.o
 .text.CLOCK_CONFIG_SetFllExtRefDiv
                0x000082cc       0x38 ./board/clock_config.o
 .text.BOARD_BootClockRUN
                0x00008304       0x60 ./board/clock_config.o
                0x00008304                BOARD_BootClockRUN
 .text.BOARD_InitBootPins
                0x00008364       0x68 ./board/pin_mux.o
                0x00008364                BOARD_InitBootPins
 .text.SystemInit
                0x000083cc       0x28 ./CMSIS/system_MK22D5.o
                0x000083cc                SystemInit
 .text.SystemCoreClockUpdate
                0x000083f4      0x254 ./CMSIS/system_MK22D5.o
                0x000083f4                SystemCoreClockUpdate
 .text.__assertion_failed
                0x00008648       0x4c c:/nxp/mcuxpressoide_11.1.1_3241/ide/plugins/com.nxp.mcuxpresso.tools.win32_11.1.0.202001081728/tools/bin/../lib/gcc/arm-none-eabi/8.3.1/../../../../arm-none-eabi/lib/thumb/v7e-m/nofp\libcr_semihost_nf.a(_cr_assert.o)
                0x00008648                __assertion_failed
 .text.__sys_appexit
                0x00008694        0xc c:/nxp/mcuxpressoide_11.1.1_3241/ide/plugins/com.nxp.mcuxpresso.tools.win32_11.1.0.202001081728/tools/bin/../lib/gcc/arm-none-eabi/8.3.1/../../../../arm-none-eabi/lib/thumb/v7e-m/nofp\libcr_semihost_nf.a(__sys_appexit.o)
                0x00008694                __sys_appexit
                0x00008694                __exit
 .text._Cwritebuf
                0x000086a0       0x6c c:/nxp/mcuxpressoide_11.1.1_3241/ide/plugins/com.nxp.mcuxpresso.tools.win32_11.1.0.202001081728/tools/bin/../lib/gcc/arm-none-eabi/8.3.1/../../../../arm-none-eabi/lib/thumb/v7e-m/nofp\libcr_c.a(_writebuf.o)
                0x000086a0                _Cwritebuf
 .text.malloc   0x0000870c       0xc8 c:/nxp/mcuxpressoide_11.1.1_3241/ide/plugins/com.nxp.mcuxpresso.tools.win32_11.1.0.202001081728/tools/bin/../lib/gcc/arm-none-eabi/8.3.1/../../../../arm-none-eabi/lib/thumb/v7e-m/nofp\libcr_c.a(alloc.o)
                0x0000870c                malloc
 .text._Csys_alloc
                0x000087d4       0x20 c:/nxp/mcuxpressoide_11.1.1_3241/ide/plugins/com.nxp.mcuxpresso.tools.win32_11.1.0.202001081728/tools/bin/../lib/gcc/arm-none-eabi/8.3.1/../../../../arm-none-eabi/lib/thumb/v7e-m/nofp\libcr_c.a(alloc.o)
                0x000087d4                _Csys_alloc
 .text.fseek    0x000087f4      0x100 c:/nxp/mcuxpressoide_11.1.1_3241/ide/plugins/com.nxp.mcuxpresso.tools.win32_11.1.0.202001081728/tools/bin/../lib/gcc/arm-none-eabi/8.3.1/../../../../arm-none-eabi/lib/thumb/v7e-m/nofp\libcr_c.a(fseek.o)
                0x000087f4                fseek
 .text.ftell    0x000088f4       0x48 c:/nxp/mcuxpressoide_11.1.1_3241/ide/plugins/com.nxp.mcuxpresso.tools.win32_11.1.0.202001081728/tools/bin/../lib/gcc/arm-none-eabi/8.3.1/../../../../arm-none-eabi/lib/thumb/v7e-m/nofp\libcr_c.a(ftell.o)
                0x000088f4                ftell
 .text._initio  0x0000893c       0x78 c:/nxp/mcuxpressoide_11.1.1_3241/ide/plugins/com.nxp.mcuxpresso.tools.win32_11.1.0.202001081728/tools/bin/../lib/gcc/arm-none-eabi/8.3.1/../../../../arm-none-eabi/lib/thumb/v7e-m/nofp\libcr_c.a(initio.o)
                0x0000893c                _initio
 .text.__vfprintf
                0x000089b4      0xbdc c:/nxp/mcuxpressoide_11.1.1_3241/ide/plugins/com.nxp.mcuxpresso.tools.win32_11.1.0.202001081728/tools/bin/../lib/gcc/arm-none-eabi/8.3.1/../../../../arm-none-eabi/lib/thumb/v7e-m/nofp\libcr_c.a(printf.o)
                0x000089b4                __vfprintf
 .text._sprintf
                0x00009590       0x6c c:/nxp/mcuxpressoide_11.1.1_3241/ide/plugins/com.nxp.mcuxpresso.tools.win32_11.1.0.202001081728/tools/bin/../lib/gcc/arm-none-eabi/8.3.1/../../../../arm-none-eabi/lib/thumb/v7e-m/nofp\libcr_c.a(printf.o)
                0x00009590                _sprintf
 .text._vsnprintf
                0x000095fc       0x68 c:/nxp/mcuxpressoide_11.1.1_3241/ide/plugins/com.nxp.mcuxpresso.tools.win32_11.1.0.202001081728/tools/bin/../lib/gcc/arm-none-eabi/8.3.1/../../../../arm-none-eabi/lib/thumb/v7e-m/nofp\libcr_c.a(printf.o)
                0x000095fc                _vsnprintf
 .text._printf  0x00009664       0x54 c:/nxp/mcuxpressoide_11.1.1_3241/ide/plugins/com.nxp.mcuxpresso.tools.win32_11.1.0.202001081728/tools/bin/../lib/gcc/arm-none-eabi/8.3.1/../../../../arm-none-eabi/lib/thumb/v7e-m/nofp\libcr_c.a(printf.o)
                0x00009664                _printf
 .text.setvbuf  0x000096b8       0x40 c:/nxp/mcuxpressoide_11.1.1_3241/ide/plugins/com.nxp.mcuxpresso.tools.win32_11.1.0.202001081728/tools/bin/../lib/gcc/arm-none-eabi/8.3.1/../../../../arm-none-eabi/lib/thumb/v7e-m/nofp\libcr_c.a(setvbuf.o)
                0x000096b8                setvbuf
 .text._sbrk    0x000096f8       0x3c c:/nxp/mcuxpressoide_11.1.1_3241/ide/plugins/com.nxp.mcuxpresso.tools.win32_11.1.0.202001081728/tools/bin/../lib/gcc/arm-none-eabi/8.3.1/../../../../arm-none-eabi/lib/thumb/v7e-m/nofp\libcr_c.a(_cr_sbrk.o)
                0x000096f8                _sbrk
 .text.fflush   0x00009734       0x44 c:/nxp/mcuxpressoide_11.1.1_3241/ide/plugins/com.nxp.mcuxpresso.tools.win32_11.1.0.202001081728/tools/bin/../lib/gcc/arm-none-eabi/8.3.1/../../../../arm-none-eabi/lib/thumb/v7e-m/nofp\libcr_c.a(fflush.o)
                0x00009734                fflush
 .text.__check_heap_overflow
                0x00009778       0x18 c:/nxp/mcuxpressoide_11.1.1_3241/ide/plugins/com.nxp.mcuxpresso.tools.win32_11.1.0.202001081728/tools/bin/../lib/gcc/arm-none-eabi/8.3.1/../../../../arm-none-eabi/lib/thumb/v7e-m/nofp\libcr_c.a(_cr_check_heap.o)
                0x00009778                __check_heap_overflow
 .text.USB_HostHubControlCallback
                0x00009790       0x48 ./usb/host/class/usb_host_hub.o
 .text.USB_HostHubInPipeCallback
                0x000097d8       0x42 ./usb/host/class/usb_host_hub.o
 .text.USB_HostHubInit
                0x0000981a       0x7c ./usb/host/class/usb_host_hub.o
                0x0000981a                USB_HostHubInit
 .text.USB_HostHubSetInterface
                0x00009896      0x168 ./usb/host/class/usb_host_hub.o
                0x00009896                USB_HostHubSetInterface
 .text.USB_HostHubDeinit
                0x000099fe       0xa0 ./usb/host/class/usb_host_hub.o
                0x000099fe                USB_HostHubDeinit
 .text.USB_HostHubGetDescriptor
                0x00009a9e       0x3a ./usb/host/class/usb_host_hub.o
                0x00009a9e                USB_HostHubGetDescriptor
 .text.USB_HostHubClearFeature
                0x00009ad8       0x3e ./usb/host/class/usb_host_hub.o
                0x00009ad8                USB_HostHubClearFeature
 .text.USB_HostHubGetStatus
                0x00009b16       0x3a ./usb/host/class/usb_host_hub.o
                0x00009b16                USB_HostHubGetStatus
 .text.USB_HostHubSetPortFeature
                0x00009b50       0x42 ./usb/host/class/usb_host_hub.o
                0x00009b50                USB_HostHubSetPortFeature
 .text.USB_HostHubClearPortFeature
                0x00009b92       0x42 ./usb/host/class/usb_host_hub.o
                0x00009b92                USB_HostHubClearPortFeature
 .text.USB_HostHubGetPortStatus
                0x00009bd4       0x40 ./usb/host/class/usb_host_hub.o
                0x00009bd4                USB_HostHubGetPortStatus
 .text.USB_HostHubProcessPort
                0x00009c14       0x3c ./usb/host/class/usb_host_hub_app.o
 .text.USB_HostHubControlCallback
                0x00009c50       0x92 ./usb/host/class/usb_host_hub_app.o
                0x00009c50                USB_HostHubControlCallback
 .text.USB_HostHubInterruptInCallback
                0x00009ce2       0x70 ./usb/host/class/usb_host_hub_app.o
                0x00009ce2                USB_HostHubInterruptInCallback
 .text.USB_HostHubGetHsHubNumber
                0x00009d52       0x8e ./usb/host/class/usb_host_hub_app.o
                0x00009d52                USB_HostHubGetHsHubNumber
 .text.USB_HostHubGetHsHubPort
                0x00009de0       0x92 ./usb/host/class/usb_host_hub_app.o
                0x00009de0                USB_HostHubGetHsHubPort
 .text.USB_HostHubGetTotalThinkTime
                0x00009e72       0x64 ./usb/host/class/usb_host_hub_app.o
                0x00009e72                USB_HostHubGetTotalThinkTime
 .text.USB_HostMsdClearHaltCallback
                0x00009ed6       0x42 ./usb/host/class/usb_host_msd.o
 .text.USB_HostMsdClearHalt
                0x00009f18       0xb2 ./usb/host/class/usb_host_msd.o
 .text.USB_HostMsdResetDone
                0x00009fca       0x60 ./usb/host/class/usb_host_msd.o
 .text.USB_HostMsdMassResetClearOutCallback
                0x0000a02a       0x36 ./usb/host/class/usb_host_msd.o
 .text.USB_HostMsdCommandDone
                0x0000a060       0x38 ./usb/host/class/usb_host_msd.o
 .text.USB_HostMsdCommand
                0x0000a098       0xd2 ./usb/host/class/usb_host_msd.o
                0x0000a098                USB_HostMsdCommand
 .text.USB_HostMsdOpenInterface
                0x0000a16a      0x194 ./usb/host/class/usb_host_msd.o
 .text.USB_HostMsdSetInterfaceCallback
                0x0000a2fe       0x54 ./usb/host/class/usb_host_msd.o
 .text.USB_HostMsdDeinit
                0x0000a352       0xd8 ./usb/host/class/usb_host_msd.o
                0x0000a352                USB_HostMsdDeinit
 .text.USB_HostMsdControl
                0x0000a42a       0xc2 ./usb/host/class/usb_host_msd.o
 .text.USB_HostMsdRead10
                0x0000a4ec       0x74 ./usb/host/class/usb_host_msd_ufi.o
                0x0000a4ec                USB_HostMsdRead10
 .text.USB_HostMsdWrite10
                0x0000a560       0x74 ./usb/host/class/usb_host_msd_ufi.o
                0x0000a560                USB_HostMsdWrite10
 .text.USB_HostMsdReadCapacity
                0x0000a5d4       0x60 ./usb/host/class/usb_host_msd_ufi.o
                0x0000a5d4                USB_HostMsdReadCapacity
 .text.USB_HostMsdTestUnitReady
                0x0000a634       0x48 ./usb/host/class/usb_host_msd_ufi.o
                0x0000a634                USB_HostMsdTestUnitReady
 .text.USB_HostMsdRequestSense
                0x0000a67c       0x62 ./usb/host/class/usb_host_msd_ufi.o
                0x0000a67c                USB_HostMsdRequestSense
 .text.USB_HostNotifyDevice
                0x0000a6de       0xc4 ./usb/host/usb_host_devices.o
 .text.USB_HostAllocateDeviceAddress
                0x0000a7a2       0xa4 ./usb/host/usb_host_devices.o
 .text.USB_HostReleaseDeviceAddress
                0x0000a846       0x5e ./usb/host/usb_host_devices.o
 .text.USB_HostRemoveDeviceInstance
                0x0000a8a4       0x74 ./usb/host/usb_host_devices.o
 .text.USB_HostReleaseDeviceResource
                0x0000a918       0xb6 ./usb/host/usb_host_devices.o
 .text.USB_HostParseDeviceConfigurationDescriptor
                0x0000a9ce      0x3ce ./usb/host/usb_host_devices.o
 .text.USB_HostAttachDevice
                0x0000ad9c      0x21e ./usb/host/usb_host_devices.o
                0x0000ad9c                USB_HostAttachDevice
 .text.USB_HostDetachDevice
                0x0000afba       0x80 ./usb/host/usb_host_devices.o
                0x0000afba                USB_HostDetachDevice
 .text.USB_HostDetachDeviceInternal
                0x0000b03a       0x7c ./usb/host/usb_host_devices.o
                0x0000b03a                USB_HostDetachDeviceInternal
 .text.USB_HostValidateDevice
                0x0000b0b6       0x48 ./usb/host/usb_host_devices.o
                0x0000b0b6                USB_HostValidateDevice
 .text.USB_HostControlBus
                0x0000b0fe       0x3e ./usb/host/usb_host_devices.o
 .text.USB_HostCh9RequestCommon
                0x0000b13c       0x56 ./usb/host/usb_host_framework.o
                0x0000b13c                USB_HostCh9RequestCommon
 .text.USB_HostStandardSetAddress
                0x0000b192       0x32 ./usb/host/usb_host_framework.o
                0x0000b192                USB_HostStandardSetAddress
 .text.USB_HostStandardSetGetDescriptor
                0x0000b1c4       0x50 ./usb/host/usb_host_framework.o
                0x0000b1c4                USB_HostStandardSetGetDescriptor
 .text.USB_HostReleaseInstance
                0x0000b214       0x2a ./usb/host/usb_host_hci.o
 .text.USB_HostInit
                0x0000b23e      0x162 ./usb/host/usb_host_hci.o
                0x0000b23e                USB_HostInit
 .text.USB_HostOpenPipe
                0x0000b3a0       0x44 ./usb/host/usb_host_hci.o
                0x0000b3a0                USB_HostOpenPipe
 .text.USB_HostClosePipe
                0x0000b3e4       0x42 ./usb/host/usb_host_hci.o
                0x0000b3e4                USB_HostClosePipe
 .text.USB_HostSend
                0x0000b426       0x6c ./usb/host/usb_host_hci.o
                0x0000b426                USB_HostSend
 .text.USB_HostSendSetup
                0x0000b492       0x90 ./usb/host/usb_host_hci.o
                0x0000b492                USB_HostSendSetup
 .text.USB_HostRecv
                0x0000b522       0x6c ./usb/host/usb_host_hci.o
                0x0000b522                USB_HostRecv
 .text.USB_HostCancelTransfer
                0x0000b58e       0x4e ./usb/host/usb_host_hci.o
                0x0000b58e                USB_HostCancelTransfer
 .text.USB_HostMallocTransfer
                0x0000b5dc       0x72 ./usb/host/usb_host_hci.o
                0x0000b5dc                USB_HostMallocTransfer
 .text.USB_HostFreeTransfer
                0x0000b64e       0x52 ./usb/host/usb_host_hci.o
                0x0000b64e                USB_HostFreeTransfer
 .text._USB_HostKhciGetRoundUpPow2
                0x0000b6a0       0x40 ./usb/host/usb_host_khci.o
 .text._USB_HostKhciGetFrameCount
                0x0000b6e0       0x3a ./usb/host/usb_host_khci.o
 .text._USB_HostKhciDelay
                0x0000b71a       0x2e ./usb/host/usb_host_khci.o
 .text.USB_HostKhciIsrFunction
                0x0000b748       0xbc ./usb/host/usb_host_khci.o
                0x0000b748                USB_HostKhciIsrFunction
 .text._USB_HostKhciReset
                0x0000b804       0x96 ./usb/host/usb_host_khci.o
 .text._USB_HostKhciDetach
                0x0000b89a       0xb6 ./usb/host/usb_host_khci.o
 .text._USB_HostKhciGetRightTrRequest
                0x0000b950      0x172 ./usb/host/usb_host_khci.o
 .text._USB_HostKhciUnlinkTrRequestFromList
                0x0000bac2       0xe8 ./usb/host/usb_host_khci.o
 .text._USB_HostKhciLinkTrRequestToList
                0x0000bbaa       0xe4 ./usb/host/usb_host_khci.o
 .text._USB_HostKhciProcessTrCallback
                0x0000bc8e       0xee ./usb/host/usb_host_khci.o
 .text._USB_HostKhciTransferClearUp
                0x0000bd7c       0xbe ./usb/host/usb_host_khci.o
                0x0000bd7c                _USB_HostKhciTransferClearUp
 .text.USB_HostKhciDestory
                0x0000be3a       0xea ./usb/host/usb_host_khci.o
                0x0000be3a                USB_HostKhciDestory
 .text.USB_HostKhciOpenPipe
                0x0000bf24      0x102 ./usb/host/usb_host_khci.o
                0x0000bf24                USB_HostKhciOpenPipe
 .text.USB_HostKhciClosePipe
                0x0000c026       0xa2 ./usb/host/usb_host_khci.o
                0x0000c026                USB_HostKhciClosePipe
 .text.USB_HostKhciWritePipe
                0x0000c0c8       0xea ./usb/host/usb_host_khci.o
                0x0000c0c8                USB_HostKhciWritePipe
 .text.USB_HostKhciReadpipe
                0x0000c1b2       0x9e ./usb/host/usb_host_khci.o
                0x0000c1b2                USB_HostKhciReadpipe
 .text._USB_HostKhciCancelPipe
                0x0000c250       0x8c ./usb/host/usb_host_khci.o
 .text._USB_HostKhciBusControl
                0x0000c2dc      0x124 ./usb/host/usb_host_khci.o
 .text.DMA0_IRQHandler
                0x0000c400        0x8 ./startup/startup_mk22d5.o
                0x0000c400                DMA0_IRQHandler
 .text.DMA1_IRQHandler
                0x0000c408        0x8 ./startup/startup_mk22d5.o
                0x0000c408                DMA1_IRQHandler
 .text.DMA2_IRQHandler
                0x0000c410        0x8 ./startup/startup_mk22d5.o
                0x0000c410                DMA2_IRQHandler
 .text.DMA3_IRQHandler
                0x0000c418        0x8 ./startup/startup_mk22d5.o
                0x0000c418                DMA3_IRQHandler
 .text.DMA4_IRQHandler
                0x0000c420        0x8 ./startup/startup_mk22d5.o
                0x0000c420                DMA4_IRQHandler
 .text.DMA5_IRQHandler
                0x0000c428        0x8 ./startup/startup_mk22d5.o
                0x0000c428                DMA5_IRQHandler
 .text.DMA6_IRQHandler
                0x0000c430        0x8 ./startup/startup_mk22d5.o
                0x0000c430                DMA6_IRQHandler
 .text.DMA7_IRQHandler
                0x0000c438        0x8 ./startup/startup_mk22d5.o
                0x0000c438                DMA7_IRQHandler
 .text.DMA8_IRQHandler
                0x0000c440        0x8 ./startup/startup_mk22d5.o
                0x0000c440                DMA8_IRQHandler
 .text.DMA9_IRQHandler
                0x0000c448        0x8 ./startup/startup_mk22d5.o
                0x0000c448                DMA9_IRQHandler
 .text.DMA10_IRQHandler
                0x0000c450        0x8 ./startup/startup_mk22d5.o
                0x0000c450                DMA10_IRQHandler
 .text.DMA11_IRQHandler
                0x0000c458        0x8 ./startup/startup_mk22d5.o
                0x0000c458                DMA11_IRQHandler
 .text.DMA12_IRQHandler
                0x0000c460        0x8 ./startup/startup_mk22d5.o
                0x0000c460                DMA12_IRQHandler
 .text.DMA13_IRQHandler
                0x0000c468        0x8 ./startup/startup_mk22d5.o
                0x0000c468                DMA13_IRQHandler
 .text.DMA14_IRQHandler
                0x0000c470        0x8 ./startup/startup_mk22d5.o
                0x0000c470                DMA14_IRQHandler
 .text.DMA15_IRQHandler
                0x0000c478        0x8 ./startup/startup_mk22d5.o
                0x0000c478                DMA15_IRQHandler
 .text.DMA_Error_IRQHandler
                0x0000c480        0x8 ./startup/startup_mk22d5.o
                0x0000c480                DMA_Error_IRQHandler
 .text.MCM_IRQHandler
                0x0000c488        0x8 ./startup/startup_mk22d5.o
                0x0000c488                MCM_IRQHandler
 .text.FTFL_IRQHandler
                0x0000c490        0x8 ./startup/startup_mk22d5.o
                0x0000c490                FTFL_IRQHandler
 .text.Read_Collision_IRQHandler
                0x0000c498        0x8 ./startup/startup_mk22d5.o
                0x0000c498                Read_Collision_IRQHandler
 .text.LVD_LVW_IRQHandler
                0x0000c4a0        0x8 ./startup/startup_mk22d5.o
                0x0000c4a0                LVD_LVW_IRQHandler
 .text.LLWU_IRQHandler
                0x0000c4a8        0x8 ./startup/startup_mk22d5.o
                0x0000c4a8                LLWU_IRQHandler
 .text.WDOG_EWM_IRQHandler
                0x0000c4b0        0x8 ./startup/startup_mk22d5.o
                0x0000c4b0                WDOG_EWM_IRQHandler
 .text.Reserved39_IRQHandler
                0x0000c4b8        0x8 ./startup/startup_mk22d5.o
                0x0000c4b8                Reserved39_IRQHandler
 .text.I2C0_IRQHandler
                0x0000c4c0        0x8 ./startup/startup_mk22d5.o
                0x0000c4c0                I2C0_IRQHandler
 .text.I2C1_IRQHandler
                0x0000c4c8        0x8 ./startup/startup_mk22d5.o
                0x0000c4c8                I2C1_IRQHandler
 .text.SPI0_IRQHandler
                0x0000c4d0        0x8 ./startup/startup_mk22d5.o
                0x0000c4d0                SPI0_IRQHandler
 .text.SPI1_IRQHandler
                0x0000c4d8        0x8 ./startup/startup_mk22d5.o
                0x0000c4d8                SPI1_IRQHandler
 .text.I2S0_Tx_IRQHandler
                0x0000c4e0        0x8 ./startup/startup_mk22d5.o
                0x0000c4e0                I2S0_Tx_IRQHandler
 .text.I2S0_Rx_IRQHandler
                0x0000c4e8        0x8 ./startup/startup_mk22d5.o
                0x0000c4e8                I2S0_Rx_IRQHandler
 .text.Reserved46_IRQHandler
                0x0000c4f0        0x8 ./startup/startup_mk22d5.o
                0x0000c4f0                Reserved46_IRQHandler
 .text.UART0_RX_TX_IRQHandler
                0x0000c4f8        0x8 ./startup/startup_mk22d5.o
                0x0000c4f8                UART0_RX_TX_IRQHandler
 .text.UART0_ERR_IRQHandler
                0x0000c500        0x8 ./startup/startup_mk22d5.o
                0x0000c500                UART0_ERR_IRQHandler
 .text.UART1_ERR_IRQHandler
                0x0000c508        0x8 ./startup/startup_mk22d5.o
                0x0000c508                UART1_ERR_IRQHandler
 .text.UART2_RX_TX_IRQHandler
                0x0000c510        0x8 ./startup/startup_mk22d5.o
                0x0000c510                UART2_RX_TX_IRQHandler
 .text.UART2_ERR_IRQHandler
                0x0000c518        0x8 ./startup/startup_mk22d5.o
                0x0000c518                UART2_ERR_IRQHandler
 .text.UART3_RX_TX_IRQHandler
                0x0000c520        0x8 ./startup/startup_mk22d5.o
                0x0000c520                UART3_RX_TX_IRQHandler
 .text.UART3_ERR_IRQHandler
                0x0000c528        0x8 ./startup/startup_mk22d5.o
                0x0000c528                UART3_ERR_IRQHandler
 .text.ADC0_IRQHandler
                0x0000c530        0x8 ./startup/startup_mk22d5.o
                0x0000c530                ADC0_IRQHandler
 .text.CMP0_IRQHandler
                0x0000c538        0x8 ./startup/startup_mk22d5.o
                0x0000c538                CMP0_IRQHandler
 .text.CMP1_IRQHandler
                0x0000c540        0x8 ./startup/startup_mk22d5.o
                0x0000c540                CMP1_IRQHandler
 .text.FTM0_IRQHandler
                0x0000c548        0x8 ./startup/startup_mk22d5.o
                0x0000c548                FTM0_IRQHandler
 .text.FTM1_IRQHandler
                0x0000c550        0x8 ./startup/startup_mk22d5.o
                0x0000c550                FTM1_IRQHandler
 .text.FTM2_IRQHandler
                0x0000c558        0x8 ./startup/startup_mk22d5.o
                0x0000c558                FTM2_IRQHandler
 .text.CMT_IRQHandler
                0x0000c560        0x8 ./startup/startup_mk22d5.o
                0x0000c560                CMT_IRQHandler
 .text.RTC_IRQHandler
                0x0000c568        0x8 ./startup/startup_mk22d5.o
                0x0000c568                RTC_IRQHandler
 .text.RTC_Seconds_IRQHandler
                0x0000c570        0x8 ./startup/startup_mk22d5.o
                0x0000c570                RTC_Seconds_IRQHandler
 .text.PIT1_IRQHandler
                0x0000c578        0x8 ./startup/startup_mk22d5.o
                0x0000c578                PIT1_IRQHandler
 .text.PIT2_IRQHandler
                0x0000c580        0x8 ./startup/startup_mk22d5.o
                0x0000c580                PIT2_IRQHandler
 .text.PIT3_IRQHandler
                0x0000c588        0x8 ./startup/startup_mk22d5.o
                0x0000c588                PIT3_IRQHandler
 .text.PDB0_IRQHandler
                0x0000c590        0x8 ./startup/startup_mk22d5.o
                0x0000c590                PDB0_IRQHandler
 .text.USBDCD_IRQHandler
                0x0000c598        0x8 ./startup/startup_mk22d5.o
                0x0000c598                USBDCD_IRQHandler
 .text.Reserved71_IRQHandler
                0x0000c5a0        0x8 ./startup/startup_mk22d5.o
                0x0000c5a0                Reserved71_IRQHandler
 .text.DAC0_IRQHandler
                0x0000c5a8        0x8 ./startup/startup_mk22d5.o
                0x0000c5a8                DAC0_IRQHandler
 .text.MCG_IRQHandler
                0x0000c5b0        0x8 ./startup/startup_mk22d5.o
                0x0000c5b0                MCG_IRQHandler
 .text.LPTMR0_IRQHandler
                0x0000c5b8        0x8 ./startup/startup_mk22d5.o
                0x0000c5b8                LPTMR0_IRQHandler
 .text.PORTA_IRQHandler
                0x0000c5c0        0x8 ./startup/startup_mk22d5.o
                0x0000c5c0                PORTA_IRQHandler
 .text.PORTB_IRQHandler
                0x0000c5c8        0x8 ./startup/startup_mk22d5.o
                0x0000c5c8                PORTB_IRQHandler
 .text.PORTC_IRQHandler
                0x0000c5d0        0x8 ./startup/startup_mk22d5.o
                0x0000c5d0                PORTC_IRQHandler
 .text.PORTD_IRQHandler
                0x0000c5d8        0x8 ./startup/startup_mk22d5.o
                0x0000c5d8                PORTD_IRQHandler
 .text.PORTE_IRQHandler
                0x0000c5e0        0x8 ./startup/startup_mk22d5.o
                0x0000c5e0                PORTE_IRQHandler
 .text.SWI_IRQHandler
                0x0000c5e8        0x8 ./startup/startup_mk22d5.o
                0x0000c5e8                SWI_IRQHandler
 .text.USB_HostControllerTaskFunction
                0x0000c5f0       0x16 ./sources/fsl_usb_disk_bm.o
 .text.USB_HostMsdGetDiskStatus
                0x0000c606       0x16 ./sources/fsl_usb_disk_bm.o
                0x0000c606                USB_HostMsdGetDiskStatus
 .text.EnableIRQ
                0x0000c61c       0x2c ./sources/host_msd_fatfs.o
 .text.DisableIRQ
                0x0000c648       0x2c ./sources/host_msd_fatfs.o
 .text.EnableIRQ
                0x0000c674       0x2c ./source/USB_Log.o
 .text.DisableIRQ
                0x0000c6a0       0x2c ./source/USB_Log.o
 .text.UART_WriteByte
                0x0000c6cc       0x1c ./source/USB_Log.o
 .text.UART_ReadByte
                0x0000c6e8       0x18 ./source/USB_Log.o
 .text.PORT_SetPinMux
                0x0000c700       0x38 ./source/USB_Log.o
 .text.PIT_EnableInterrupts
                0x0000c738       0x38 ./source/USB_Log.o
 .text.PIT_ClearStatusFlags
                0x0000c770       0x28 ./source/USB_Log.o
 .text.PIT_SetTimerPeriod
                0x0000c798       0x26 ./source/USB_Log.o
 .text.PIT_StartTimer
                0x0000c7be       0x36 ./source/USB_Log.o
 .text.GPIO_PinWrite
                0x0000c7f4       0x34 ./source/USB_Log.o
 .text.USB_HostClockInit
                0x0000c828       0x1e ./source/USB_Log.o
                0x0000c828                USB_HostClockInit
 .text.USB_HostIsrEnable
                0x0000c846       0x2c ./source/USB_Log.o
                0x0000c846                USB_HostIsrEnable
 .text.USB_HostTaskFn
                0x0000c872       0x16 ./source/USB_Log.o
                0x0000c872                USB_HostTaskFn
 .text.delay    0x0000c888       0x2a ./source/USB_Log.o
                0x0000c888                delay
 .text.HardFault_Handler
                0x0000c8b2       0x2c ./source/semihost_hardfault.o
                0x0000c8b2                HardFault_Handler
 .text.DisableGlobalIRQ
                0x0000c8de       0x1e ./osa/usb_osa_bm.o
 .text.EnableGlobalIRQ
                0x0000c8fc       0x1c ./osa/usb_osa_bm.o
 .text.USB_OsaMemoryAllocate
                0x0000c918       0x42 ./osa/usb_osa_bm.o
                0x0000c918                USB_OsaMemoryAllocate
 .text.USB_OsaMemoryFree
                0x0000c95a       0x16 ./osa/usb_osa_bm.o
                0x0000c95a                USB_OsaMemoryFree
 .text.USB_OsaEnterCritical
                0x0000c970       0x1c ./osa/usb_osa_bm.o
                0x0000c970                USB_OsaEnterCritical
 .text.USB_OsaExitCritical
                0x0000c98c       0x16 ./osa/usb_osa_bm.o
                0x0000c98c                USB_OsaExitCritical
 .text.USB_OsaEventDestroy
                0x0000c9a2       0x38 ./osa/usb_osa_bm.o
                0x0000c9a2                USB_OsaEventDestroy
 .text.USB_OsaEventSet
                0x0000c9da       0x40 ./osa/usb_osa_bm.o
                0x0000c9da                USB_OsaEventSet
 .text.USB_OsaEventWait
                0x0000ca1a       0x90 ./osa/usb_osa_bm.o
                0x0000ca1a                USB_OsaEventWait
 .text.USB_OsaEventClear
                0x0000caaa       0x4c ./osa/usb_osa_bm.o
                0x0000caaa                USB_OsaEventClear
 .text.USB_OsaMutexDestroy
                0x0000caf6       0x14 ./osa/usb_osa_bm.o
                0x0000caf6                USB_OsaMutexDestroy
 .text.USB_OsaMutexLock
                0x0000cb0a       0x14 ./osa/usb_osa_bm.o
                0x0000cb0a                USB_OsaMutexLock
 .text.USB_OsaMutexUnlock
                0x0000cb1e       0x14 ./osa/usb_osa_bm.o
                0x0000cb1e                USB_OsaMutexUnlock
 .text.disk_status
                0x0000cb32       0x2c ./fatfs/fatfs_source/diskio.o
                0x0000cb32                disk_status
 .text.disk_initialize
                0x0000cb5e       0x2c ./fatfs/fatfs_source/diskio.o
                0x0000cb5e                disk_initialize
 .text.disk_read
                0x0000cb8a       0x36 ./fatfs/fatfs_source/diskio.o
                0x0000cb8a                disk_read
 .text.disk_write
                0x0000cbc0       0x36 ./fatfs/fatfs_source/diskio.o
                0x0000cbc0                disk_write
 .text.disk_ioctl
                0x0000cbf6       0x36 ./fatfs/fatfs_source/diskio.o
                0x0000cbf6                disk_ioctl
 .text.ld_word  0x0000cc2c       0x2e ./fatfs/fatfs_source/ff.o
 .text.ld_dword
                0x0000cc5a       0x44 ./fatfs/fatfs_source/ff.o
 .text.st_word  0x0000cc9e       0x34 ./fatfs/fatfs_source/ff.o
 .text.st_dword
                0x0000ccd2       0x56 ./fatfs/fatfs_source/ff.o
 .text.mem_cpy  0x0000cd28       0x40 ./fatfs/fatfs_source/ff.o
 .text.mem_set  0x0000cd68       0x32 ./fatfs/fatfs_source/ff.o
 .text.mem_cmp  0x0000cd9a       0x4c ./fatfs/fatfs_source/ff.o
 .text.chk_chr  0x0000cde6       0x34 ./fatfs/fatfs_source/ff.o
 .text.sync_window
                0x0000ce1a       0x88 ./fatfs/fatfs_source/ff.o
 .text.move_window
                0x0000cea2       0x5a ./fatfs/fatfs_source/ff.o
 .text.clust2sect
                0x0000cefc       0x3c ./fatfs/fatfs_source/ff.o
 .text.get_fat  0x0000cf38      0x14a ./fatfs/fatfs_source/ff.o
 .text.put_fat  0x0000d082      0x1d2 ./fatfs/fatfs_source/ff.o
 .text.remove_chain
                0x0000d254       0xca ./fatfs/fatfs_source/ff.o
 .text.create_chain
                0x0000d31e      0x130 ./fatfs/fatfs_source/ff.o
 .text.dir_sdi  0x0000d44e       0xf6 ./fatfs/fatfs_source/ff.o
 .text.dir_next
                0x0000d544      0x18a ./fatfs/fatfs_source/ff.o
 .text.dir_alloc
                0x0000d6ce       0x8e ./fatfs/fatfs_source/ff.o
 .text.ld_clust
                0x0000d75c       0x3e ./fatfs/fatfs_source/ff.o
 .text.st_clust
                0x0000d79a       0x40 ./fatfs/fatfs_source/ff.o
 .text.dir_find
                0x0000d7da       0xaa ./fatfs/fatfs_source/ff.o
 .text.dir_register
                0x0000d884       0x64 ./fatfs/fatfs_source/ff.o
 .text.follow_path
                0x0000d8e8       0xe2 ./fatfs/fatfs_source/ff.o
 .text.get_ldnumber
                0x0000d9ca       0x86 ./fatfs/fatfs_source/ff.o
 .text.validate
                0x0000da50       0x68 ./fatfs/fatfs_source/ff.o
 .text.f_write  0x0000dab8      0x2d2 ./fatfs/fatfs_source/ff.o
                0x0000dab8                f_write
 .text.f_close  0x0000dd8a       0x40 ./fatfs/fatfs_source/ff.o
                0x0000dd8a                f_close
 .text.f_getfree
                0x0000ddca      0x16a ./fatfs/fatfs_source/ff.o
                0x0000ddca                f_getfree
 .text.CLOCK_EnableClock
                0x0000df34       0x32 ./drivers/fsl_clock.o
 .text.CLOCK_DisableClock
                0x0000df66       0x36 ./drivers/fsl_clock.o
 .text.OSC_SetExtRefClkConfig
                0x0000df9c       0x32 ./drivers/fsl_clock.o
 .text.OSC_SetCapLoad
                0x0000dfce       0x32 ./drivers/fsl_clock.o
 .text.CLOCK_GetPll0RefFreq
                0x0000e000        0xe ./drivers/fsl_clock.o
 .text.CLOCK_GetFixedFreqClkFreq
                0x0000e00e       0x2e ./drivers/fsl_clock.o
                0x0000e00e                CLOCK_GetFixedFreqClkFreq
 .text.FLASH_PrepareExecuteInRamFunctions
                0x0000e03c       0x44 ./drivers/fsl_flash.o
                0x0000e03c                FLASH_PrepareExecuteInRamFunctions
 .text.flash_cache_clear
                0x0000e080       0x18 ./drivers/fsl_flash.o
                0x0000e080                flash_cache_clear
 .text.flash_cache_clear_process
                0x0000e098       0x32 ./drivers/fsl_flash.o
 .text.flash_check_execute_in_ram_function_info
                0x0000e0ca       0x38 ./drivers/fsl_flash.o
 .text.flash_check_range
                0x0000e102       0x80 ./drivers/fsl_flash.o
 .text.flash_get_matched_operation_info
                0x0000e182       0xcc ./drivers/fsl_flash.o
 .text.GPIO_PinWrite
                0x0000e24e       0x34 ./drivers/fsl_gpio.o
 .text.GPIO_WritePinOutput
                0x0000e282       0x22 ./drivers/fsl_gpio.o
 .text.CLOCK_EnableClock
                0x0000e2a4       0x32 ./drivers/fsl_pit.o
 .text.CLOCK_EnableClock
                0x0000e2d6       0x32 ./drivers/fsl_uart.o
 .text.UART_GetStatusFlags
                0x0000e308       0x44 ./drivers/fsl_uart.o
                0x0000e308                UART_GetStatusFlags
 .text.UART0_RX_TX_DriverIRQHandler
                0x0000e34c       0x10 ./drivers/fsl_uart.o
                0x0000e34c                UART0_RX_TX_DriverIRQHandler
 .text.UART2_RX_TX_DriverIRQHandler
                0x0000e35c       0x10 ./drivers/fsl_uart.o
                0x0000e35c                UART2_RX_TX_DriverIRQHandler
 .text.UART3_RX_TX_DriverIRQHandler
                0x0000e36c       0x10 ./drivers/fsl_uart.o
                0x0000e36c                UART3_RX_TX_DriverIRQHandler
 .text.BOARD_InitDebugConsole
                0x0000e37c        0xc ./board/board.o
                0x0000e37c                BOARD_InitDebugConsole
 .text.CLOCK_EnableClock
                0x0000e388       0x32 ./board/pin_mux.o
 .text.PORT_SetPinMux
                0x0000e3ba       0x38 ./board/pin_mux.o
 .text.__main   0x0000e3f2        0xe c:/nxp/mcuxpressoide_11.1.1_3241/ide/plugins/com.nxp.mcuxpresso.tools.win32_11.1.0.202001081728/tools/bin/../lib/gcc/arm-none-eabi/8.3.1/../../../../arm-none-eabi/lib/thumb/v7e-m/nofp\libcr_semihost_nf.a(_cr__main.o)
                0x0000e3f2                __CR_SEMIHOST
                0x0000e3f2                __main
 .text.memcpy   0x0000e400        0x4 c:/nxp/mcuxpressoide_11.1.1_3241/ide/plugins/com.nxp.mcuxpresso.tools.win32_11.1.0.202001081728/tools/bin/../lib/gcc/arm-none-eabi/8.3.1/../../../../arm-none-eabi/lib/thumb/v7e-m/nofp\libcr_c.a(memcpy.o)
                0x0000e400                memcpy
 .text.memset   0x0000e404        0x4 c:/nxp/mcuxpressoide_11.1.1_3241/ide/plugins/com.nxp.mcuxpresso.tools.win32_11.1.0.202001081728/tools/bin/../lib/gcc/arm-none-eabi/8.3.1/../../../../arm-none-eabi/lib/thumb/v7e-m/nofp\libcr_c.a(memset.o)
                0x0000e404                memset
 .text._deferredlazyseek
                0x0000e408       0x40 c:/nxp/mcuxpressoide_11.1.1_3241/ide/plugins/com.nxp.mcuxpresso.tools.win32_11.1.0.202001081728/tools/bin/../lib/gcc/arm-none-eabi/8.3.1/../../../../arm-none-eabi/lib/thumb/v7e-m/nofp\libcr_c.a(_deferredlazyseek.o)
                0x0000e408                _deferredlazyseek
 .text.__flsbuf
                0x0000e448      0x140 c:/nxp/mcuxpressoide_11.1.1_3241/ide/plugins/com.nxp.mcuxpresso.tools.win32_11.1.0.202001081728/tools/bin/../lib/gcc/arm-none-eabi/8.3.1/../../../../arm-none-eabi/lib/thumb/v7e-m/nofp\libcr_c.a(_deferredlazyseek.o)
                0x0000e448                __flsbuf
 .text._fflush  0x0000e588       0x52 c:/nxp/mcuxpressoide_11.1.1_3241/ide/plugins/com.nxp.mcuxpresso.tools.win32_11.1.0.202001081728/tools/bin/../lib/gcc/arm-none-eabi/8.3.1/../../../../arm-none-eabi/lib/thumb/v7e-m/nofp\libcr_c.a(_fflush.o)
                0x0000e588                _fflush
 .text.free     0x0000e5da       0x30 c:/nxp/mcuxpressoide_11.1.1_3241/ide/plugins/com.nxp.mcuxpresso.tools.win32_11.1.0.202001081728/tools/bin/../lib/gcc/arm-none-eabi/8.3.1/../../../../arm-none-eabi/lib/thumb/v7e-m/nofp\libcr_c.a(alloc.o)
                0x0000e5da                free
 .text.fputs    0x0000e60a       0x2c c:/nxp/mcuxpressoide_11.1.1_3241/ide/plugins/com.nxp.mcuxpresso.tools.win32_11.1.0.202001081728/tools/bin/../lib/gcc/arm-none-eabi/8.3.1/../../../../arm-none-eabi/lib/thumb/v7e-m/nofp\libcr_c.a(fputs.o)
                0x0000e60a                fputs
 .text.no_fp_display
                0x0000e636        0x4 c:/nxp/mcuxpressoide_11.1.1_3241/ide/plugins/com.nxp.mcuxpresso.tools.win32_11.1.0.202001081728/tools/bin/../lib/gcc/arm-none-eabi/8.3.1/../../../../arm-none-eabi/lib/thumb/v7e-m/nofp\libcr_c.a(printf.o)
 .text.strlen   0x0000e63a       0x4c c:/nxp/mcuxpressoide_11.1.1_3241/ide/plugins/com.nxp.mcuxpresso.tools.win32_11.1.0.202001081728/tools/bin/../lib/gcc/arm-none-eabi/8.3.1/../../../../arm-none-eabi/lib/thumb/v7e-m/nofp\libcr_c.a(strlen.o)
                0x0000e63a                strlen
 .text._fdopen  0x0000e686       0x68 c:/nxp/mcuxpressoide_11.1.1_3241/ide/plugins/com.nxp.mcuxpresso.tools.win32_11.1.0.202001081728/tools/bin/../lib/gcc/arm-none-eabi/8.3.1/../../../../arm-none-eabi/lib/thumb/v7e-m/nofp\libcr_c.a(_fdopen.o)
                0x0000e686                _fdopen
 .text.fclose   0x0000e6ee       0x58 c:/nxp/mcuxpressoide_11.1.1_3241/ide/plugins/com.nxp.mcuxpresso.tools.win32_11.1.0.202001081728/tools/bin/../lib/gcc/arm-none-eabi/8.3.1/../../../../arm-none-eabi/lib/thumb/v7e-m/nofp\libcr_c.a(fclose.o)
                0x0000e6ee                fclose
 .text.remove   0x0000e746       0x14 c:/nxp/mcuxpressoide_11.1.1_3241/ide/plugins/com.nxp.mcuxpresso.tools.win32_11.1.0.202001081728/tools/bin/../lib/gcc/arm-none-eabi/8.3.1/../../../../arm-none-eabi/lib/thumb/v7e-m/nofp\libcr_c.a(remove.o)
                0x0000e746                remove
 .text._do_fflush
                0x0000e75a       0x40 c:/nxp/mcuxpressoide_11.1.1_3241/ide/plugins/com.nxp.mcuxpresso.tools.win32_11.1.0.202001081728/tools/bin/../lib/gcc/arm-none-eabi/8.3.1/../../../../arm-none-eabi/lib/thumb/v7e-m/nofp\libcr_c.a(_do_fflush.o)
                0x0000e75a                _do_fflush
 .text.__aeabi_division_uldivmod
                0x0000e79a      0x174 c:/nxp/mcuxpressoide_11.1.1_3241/ide/plugins/com.nxp.mcuxpresso.tools.win32_11.1.0.202001081728/tools/bin/../lib/gcc/arm-none-eabi/8.3.1/thumb/v7e-m/nofp\libcr_eabihelpers.a(division_64.o)
                0x0000e79a                __aeabi_uldivmod
                0x0000e79e                __bhs_ldivmod1
 .text.__aeabi_division_idiv0
                0x0000e90e        0x2 c:/nxp/mcuxpressoide_11.1.1_3241/ide/plugins/com.nxp.mcuxpresso.tools.win32_11.1.0.202001081728/tools/bin/../lib/gcc/arm-none-eabi/8.3.1/thumb/v7e-m/nofp\libcr_eabihelpers.a(division_idiv0.o)
                0x0000e90e                __aeabi_idiv0
 .text.__aeabi_memcpy
                0x0000e910       0x34 c:/nxp/mcuxpressoide_11.1.1_3241/ide/plugins/com.nxp.mcuxpresso.tools.win32_11.1.0.202001081728/tools/bin/../lib/gcc/arm-none-eabi/8.3.1/thumb/v7e-m/nofp\libcr_eabihelpers.a(memcpy.o)
                0x0000e910                __aeabi_memcpy
                0x0000e91a                __aeabi_memcpy8
                0x0000e91a                __aeabi_memcpy4
 .text.__aeabi_memset_lowlevel
                0x0000e944       0x32 c:/nxp/mcuxpressoide_11.1.1_3241/ide/plugins/com.nxp.mcuxpresso.tools.win32_11.1.0.202001081728/tools/bin/../lib/gcc/arm-none-eabi/8.3.1/thumb/v7e-m/nofp\libcr_eabihelpers.a(memcpy.o)
                0x0000e944                __aeabi_lowlevel_memset
 .text.__sys_close
                0x0000e976        0xc c:/nxp/mcuxpressoide_11.1.1_3241/ide/plugins/com.nxp.mcuxpresso.tools.win32_11.1.0.202001081728/tools/bin/../lib/gcc/arm-none-eabi/8.3.1/../../../../arm-none-eabi/lib/thumb/v7e-m/nofp\libcr_semihost_nf.a(__sys_close.o)
                0x0000e976                __sys_close
 .text.__sys_flen
                0x0000e982        0xc c:/nxp/mcuxpressoide_11.1.1_3241/ide/plugins/com.nxp.mcuxpresso.tools.win32_11.1.0.202001081728/tools/bin/../lib/gcc/arm-none-eabi/8.3.1/../../../../arm-none-eabi/lib/thumb/v7e-m/nofp\libcr_semihost_nf.a(__sys_flen.o)
                0x0000e982                __sys_flen
 .text.__sys_istty
                0x0000e98e        0xc c:/nxp/mcuxpressoide_11.1.1_3241/ide/plugins/com.nxp.mcuxpresso.tools.win32_11.1.0.202001081728/tools/bin/../lib/gcc/arm-none-eabi/8.3.1/../../../../arm-none-eabi/lib/thumb/v7e-m/nofp\libcr_semihost_nf.a(__sys_istty.o)
                0x0000e98e                __sys_istty
 .text.__sys_remove
                0x0000e99a        0xc c:/nxp/mcuxpressoide_11.1.1_3241/ide/plugins/com.nxp.mcuxpresso.tools.win32_11.1.0.202001081728/tools/bin/../lib/gcc/arm-none-eabi/8.3.1/../../../../arm-none-eabi/lib/thumb/v7e-m/nofp\libcr_semihost_nf.a(__sys_remove.o)
                0x0000e99a                __sys_remove
 .text.__sys_seek
                0x0000e9a6        0xc c:/nxp/mcuxpressoide_11.1.1_3241/ide/plugins/com.nxp.mcuxpresso.tools.win32_11.1.0.202001081728/tools/bin/../lib/gcc/arm-none-eabi/8.3.1/../../../../arm-none-eabi/lib/thumb/v7e-m/nofp\libcr_semihost_nf.a(__sys_seek.o)
                0x0000e9a6                __sys_seek
 .text.__sys_tmpnam
                0x0000e9b2        0xc c:/nxp/mcuxpressoide_11.1.1_3241/ide/plugins/com.nxp.mcuxpresso.tools.win32_11.1.0.202001081728/tools/bin/../lib/gcc/arm-none-eabi/8.3.1/../../../../arm-none-eabi/lib/thumb/v7e-m/nofp\libcr_semihost_nf.a(__sys_tmpnam.o)
                0x0000e9b2                __sys_tmpnam
 .text.__sys_write
                0x0000e9be        0xc c:/nxp/mcuxpressoide_11.1.1_3241/ide/plugins/com.nxp.mcuxpresso.tools.win32_11.1.0.202001081728/tools/bin/../lib/gcc/arm-none-eabi/8.3.1/../../../../arm-none-eabi/lib/thumb/v7e-m/nofp\libcr_semihost_nf.a(__sys_write.o)
                0x0000e9be                __sys_write
 *(SORT_BY_ALIGNMENT(.rodata) SORT_BY_ALIGNMENT(.rodata.*) SORT_BY_ALIGNMENT(.constdata) SORT_BY_ALIGNMENT(.constdata.*))
 *fill*         0x0000e9ca        0x2 ff
 .rodata.USB_HostHubDeviceEvent.str1.4
                0x0000e9cc       0x3f ./usb/host/class/usb_host_hub_app.o
 *fill*         0x0000ea0b        0x1 ff
 .rodata.s_EnumEntries
                0x0000ea0c       0x38 ./usb/host/usb_host_devices.o
 .rodata.s_KhciInterface
                0x0000ea44       0x1c ./usb/host/usb_host_hci.o
 .rodata.USB_HostMsdFatfsTestDone.str1.4
                0x0000ea60       0x3e ./sources/host_msd_fatfs.o
 *fill*         0x0000ea9e        0x2 ff
 .rodata.USB_HostMsdFatfsTest.str1.4
                0x0000eaa0      0x377 ./sources/host_msd_fatfs.o
 *fill*         0x0000ee17        0x1 ff
 .rodata.USB_HostMsdTask.str1.4
                0x0000ee18       0x51 ./sources/host_msd_fatfs.o
 *fill*         0x0000ee69        0x3 ff
 .rodata.USB_HostMsdEvent.str1.4
                0x0000ee6c       0x60 ./sources/host_msd_fatfs.o
                                 0x70 (size before relaxing)
 .rodata.PIT_GetDefaultConfig.str1.4
                0x0000eecc       0x70 ./source/USB_Log.o
 .rodata.USB_HostEvent.str1.4
                0x0000ef3c       0x15 ./source/USB_Log.o
 *fill*         0x0000ef51        0x3 ff
 .rodata.USB_HostApplicationInit.str1.4
                0x0000ef54       0x25 ./source/USB_Log.o
 *fill*         0x0000ef79        0x3 ff
 .rodata.error_trap.str1.4
                0x0000ef7c       0x54 ./source/USB_Log.o
 .rodata.app_finalize.str1.4
                0x0000efd0       0x4e ./source/USB_Log.o
 *fill*         0x0000f01e        0x2 ff
 .rodata.main.str1.4
                0x0000f020      0x279 ./source/USB_Log.o
                                0x27d (size before relaxing)
 *fill*         0x0000f299        0x3 ff
 .rodata.create_name.str1.4
                0x0000f29c        0xf ./fatfs/fatfs_source/ff.o
 *fill*         0x0000f2ab        0x1 ff
 .rodata.CLOCK_GetMcgExtClkFreq.str1.4
                0x0000f2ac       0x40 ./drivers/fsl_clock.o
 .rodata.CLOCK_GetOsc0ErClkFreq.str1.4
                0x0000f2ec       0x1f ./drivers/fsl_clock.o
 *fill*         0x0000f30b        0x1 ff
 .rodata.CLOCK_GetEr32kClkFreq.str1.4
                0x0000f30c       0x20 ./drivers/fsl_clock.o
 .rodata.CLOCK_GetPll0Freq.str1.4
                0x0000f32c       0x1e ./drivers/fsl_clock.o
 *fill*         0x0000f34a        0x2 ff
 .rodata.CLOCK_EnablePll0.str1.4
                0x0000f34c       0x1a ./drivers/fsl_clock.o
 *fill*         0x0000f366        0x2 ff
 .rodata.CLOCK_SetPbeMode.str1.4
                0x0000f368       0x1b ./drivers/fsl_clock.o
 *fill*         0x0000f383        0x1 ff
 .rodata.CLOCK_BootToPeeMode.str1.4
                0x0000f384       0x1b ./drivers/fsl_clock.o
 *fill*         0x0000f39f        0x1 ff
 .rodata.fllFactorTable.6067
                0x0000f3a0       0x10 ./drivers/fsl_clock.o
 .rodata.s_flashRunCommandFunctionCode
                0x0000f3b0        0xc ./drivers/fsl_flash.o
 .rodata.s_flashCommonBitOperationFunctionCode
                0x0000f3bc       0x1c ./drivers/fsl_flash.o
 .rodata.kPFlashDensities
                0x0000f3d8       0x1e ./drivers/fsl_flash.o
                0x0000f3d8                kPFlashDensities
 *fill*         0x0000f3f6        0x2 ff
 .rodata.GPIO_PinInit.str1.4
                0x0000f3f8       0x18 ./drivers/fsl_gpio.o
 .rodata.PIT_GetInstance.str1.4
                0x0000f410       0x32 ./drivers/fsl_pit.o
 *fill*         0x0000f442        0x2 ff
 .rodata.PIT_Init.str1.4
                0x0000f444       0x17 ./drivers/fsl_pit.o
 *fill*         0x0000f45b        0x1 ff
 .rodata.s_uartBases
                0x0000f45c       0x10 ./drivers/fsl_uart.o
 .rodata.s_uartClock
                0x0000f46c       0x10 ./drivers/fsl_uart.o
 .rodata.UART_GetInstance.str1.4
                0x0000f47c       0x2c ./drivers/fsl_uart.o
 .rodata.UART_Init.str1.4
                0x0000f4a8       0xe3 ./drivers/fsl_uart.o
 *fill*         0x0000f58b        0x1 ff
 .rodata.UART_GetDefaultConfig.str1.4
                0x0000f58c       0x1c ./drivers/fsl_uart.o
                                 0x19 (size before relaxing)
 .rodata.mcgConfig_BOARD_BootClockRUN
                0x0000f5a8        0xb ./board/clock_config.o
                0x0000f5a8                mcgConfig_BOARD_BootClockRUN
 *fill*         0x0000f5b3        0x1 ff
 .rodata.simConfig_BOARD_BootClockRUN
                0x0000f5b4        0x8 ./board/clock_config.o
                0x0000f5b4                simConfig_BOARD_BootClockRUN
 .rodata.oscConfig_BOARD_BootClockRUN
                0x0000f5bc        0x8 ./board/clock_config.o
                0x0000f5bc                oscConfig_BOARD_BootClockRUN
 .rodata.__num_Ciob_streams
                0x0000f5c4        0x4 c:/nxp/mcuxpressoide_11.1.1_3241/ide/plugins/com.nxp.mcuxpresso.tools.win32_11.1.0.202001081728/tools/bin/../lib/gcc/arm-none-eabi/8.3.1/../../../../arm-none-eabi/lib/thumb/v7e-m/nofp\libcr_semihost_nf.a(__ciob.o)
                0x0000f5c4                __num_Ciob_streams
 .rodata.__assertion_failed.str1.1
                0x0000f5c8       0x15 c:/nxp/mcuxpressoide_11.1.1_3241/ide/plugins/com.nxp.mcuxpresso.tools.win32_11.1.0.202001081728/tools/bin/../lib/gcc/arm-none-eabi/8.3.1/../../../../arm-none-eabi/lib/thumb/v7e-m/nofp\libcr_semihost_nf.a(_cr_assert.o)
 .rodata._Csys_alloc.str1.1
                0x0000f5dd       0x18 c:/nxp/mcuxpressoide_11.1.1_3241/ide/plugins/com.nxp.mcuxpresso.tools.win32_11.1.0.202001081728/tools/bin/../lib/gcc/arm-none-eabi/8.3.1/../../../../arm-none-eabi/lib/thumb/v7e-m/nofp\libcr_c.a(alloc.o)
 .rodata._initio.str1.1
                0x0000f5f5        0x4 c:/nxp/mcuxpressoide_11.1.1_3241/ide/plugins/com.nxp.mcuxpresso.tools.win32_11.1.0.202001081728/tools/bin/../lib/gcc/arm-none-eabi/8.3.1/../../../../arm-none-eabi/lib/thumb/v7e-m/nofp\libcr_c.a(initio.o)
 .rodata.__vfprintf.str1.1
                0x0000f5f9       0x35 c:/nxp/mcuxpressoide_11.1.1_3241/ide/plugins/com.nxp.mcuxpresso.tools.win32_11.1.0.202001081728/tools/bin/../lib/gcc/arm-none-eabi/8.3.1/../../../../arm-none-eabi/lib/thumb/v7e-m/nofp\libcr_c.a(printf.o)
                                 0x38 (size before relaxing)
                0x0000f630                . = ALIGN (0x4)
 *fill*         0x0000f62e        0x2 ff

.glue_7         0x0000f630        0x0
 .glue_7        0x0000f630        0x0 linker stubs

.glue_7t        0x0000f630        0x0
 .glue_7t       0x0000f630        0x0 linker stubs

.vfp11_veneer   0x0000f630        0x0
 .vfp11_veneer  0x0000f630        0x0 linker stubs

.v4_bx          0x0000f630        0x0
 .v4_bx         0x0000f630        0x0 linker stubs

.iplt           0x0000f630        0x0
 .iplt          0x0000f630        0x0 ./usb/host/class/usb_host_hub.o

.rel.dyn        0x0000f630        0x0
 .rel.iplt      0x0000f630        0x0 ./usb/host/class/usb_host_hub.o

.ARM.extab
 *(SORT_BY_ALIGNMENT(.ARM.extab*) SORT_BY_ALIGNMENT(.gnu.linkonce.armextab.*))

.ARM.exidx      0x0000f630        0x0
                0x0000f630                __exidx_start = .
 *(SORT_BY_ALIGNMENT(.ARM.exidx*) SORT_BY_ALIGNMENT(.gnu.linkonce.armexidx.*))
                0x0000f630                __exidx_end = .
                0x0000f630                _etext = .

.m_usb_data
 *(SORT_BY_ALIGNMENT(m_usb_bdt))

.data_RAM2      0x1fffc000        0x0 load address 0x0000f630
 FILL mask 0xff
                [!provide]                PROVIDE (__start_data_RAM2 = .)
                [!provide]                PROVIDE (__start_data_SRAM_LOWER = .)
 *(SORT_BY_ALIGNMENT(.ramfunc.$RAM2))
 *(SORT_BY_ALIGNMENT(.ramfunc.$SRAM_LOWER))
 *(SORT_BY_ALIGNMENT(.data.$RAM2))
 *(SORT_BY_ALIGNMENT(.data.$SRAM_LOWER))
 *(SORT_BY_ALIGNMENT(.data.$RAM2.*))
 *(SORT_BY_ALIGNMENT(.data.$SRAM_LOWER.*))
                0x1fffc000                . = ALIGN (0x4)
                [!provide]                PROVIDE (__end_data_RAM2 = .)
                [!provide]                PROVIDE (__end_data_SRAM_LOWER = .)

.data_RAM3      0x14000000        0x0 load address 0x0000f630
 FILL mask 0xff
                [!provide]                PROVIDE (__start_data_RAM3 = .)
                [!provide]                PROVIDE (__start_data_FLEX_RAM = .)
 *(SORT_BY_ALIGNMENT(.ramfunc.$RAM3))
 *(SORT_BY_ALIGNMENT(.ramfunc.$FLEX_RAM))
 *(SORT_BY_ALIGNMENT(.data.$RAM3))
 *(SORT_BY_ALIGNMENT(.data.$FLEX_RAM))
 *(SORT_BY_ALIGNMENT(.data.$RAM3.*))
 *(SORT_BY_ALIGNMENT(.data.$FLEX_RAM.*))
                0x14000000                . = ALIGN (0x4)
                [!provide]                PROVIDE (__end_data_RAM3 = .)
                [!provide]                PROVIDE (__end_data_FLEX_RAM = .)

.uninit_RESERVED
                0x20000000        0x0
                0x20000000                _start_uninit_RESERVED = .
 *(SORT_BY_ALIGNMENT(.bss.$RESERVED*))
                0x20000000                . = ALIGN (0x4)
                0x20000000                _end_uninit_RESERVED = .

.data           0x20000000       0x18 load address 0x0000f630
 FILL mask 0xff
                0x20000000                _data = .
                [!provide]                PROVIDE (__start_data_RAM = .)
                [!provide]                PROVIDE (__start_data_SRAM_UPPER = .)
 *(SORT_BY_ALIGNMENT(vtable))
 *(SORT_BY_ALIGNMENT(.ramfunc*))
 *(SORT_BY_ALIGNMENT(CodeQuickAccess))
 *(SORT_BY_ALIGNMENT(DataQuickAccess))
 *(SORT_BY_ALIGNMENT(RamFunction))
 *(SORT_BY_ALIGNMENT(.data*))
 .data.Address_Index_Log
                0x20000000        0x4 ./source/USB_Log.o
                0x20000000                Address_Index_Log
 .data.Address_Index_Identifier
                0x20000004        0x4 ./source/USB_Log.o
                0x20000004                Address_Index_Identifier
 .data.Size_Memory_Log
                0x20000008        0x4 ./source/USB_Log.o
                0x20000008                Size_Memory_Log
 .data.s_slowIrcFreq
                0x2000000c        0x4 ./drivers/fsl_clock.o
 .data.s_fastIrcFreq
                0x20000010        0x4 ./drivers/fsl_clock.o
 .data.SystemCoreClock
                0x20000014        0x4 ./CMSIS/system_MK22D5.o
                0x20000014                SystemCoreClock
                0x20000018                . = ALIGN (0x4)
                0x20000018                _edata = .
                [!provide]                PROVIDE (__end_data_RAM = .)
                [!provide]                PROVIDE (__end_data_SRAM_UPPER = .)

.igot.plt       0x20000018        0x0 load address 0x0000f648
 .igot.plt      0x20000018        0x0 ./usb/host/class/usb_host_hub.o

.bss_RAM2       0x1fffc000        0x0
                [!provide]                PROVIDE (__start_bss_RAM2 = .)
                [!provide]                PROVIDE (__start_bss_SRAM_LOWER = .)
 *(SORT_BY_ALIGNMENT(.bss.$RAM2))
 *(SORT_BY_ALIGNMENT(.bss.$SRAM_LOWER))
 *(SORT_BY_ALIGNMENT(.bss.$RAM2.*))
 *(SORT_BY_ALIGNMENT(.bss.$SRAM_LOWER.*))
                0x1fffc000                . = ALIGN ((. != 0x0)?0x4:0x1)
                [!provide]                PROVIDE (__end_bss_RAM2 = .)
                [!provide]                PROVIDE (__end_bss_SRAM_LOWER = .)

.bss_RAM3       0x14000000        0x0
                [!provide]                PROVIDE (__start_bss_RAM3 = .)
                [!provide]                PROVIDE (__start_bss_FLEX_RAM = .)
 *(SORT_BY_ALIGNMENT(.bss.$RAM3))
 *(SORT_BY_ALIGNMENT(.bss.$FLEX_RAM))
 *(SORT_BY_ALIGNMENT(.bss.$RAM3.*))
 *(SORT_BY_ALIGNMENT(.bss.$FLEX_RAM.*))
                0x14000000                . = ALIGN ((. != 0x0)?0x4:0x1)
                [!provide]                PROVIDE (__end_bss_RAM3 = .)
                [!provide]                PROVIDE (__end_bss_FLEX_RAM = .)

.bss            0x20000200     0x10d4
                0x20000200                _bss = .
                [!provide]                PROVIDE (__start_bss_RAM = .)
                [!provide]                PROVIDE (__start_bss_SRAM_UPPER = .)
 *(SORT_BY_ALIGNMENT(.bss*))
 .bss.bdt       0x20000200      0x200 ./usb/host/usb_host_khci.o
 .bss.s_HubDeviceHandle
                0x20000400        0x4 ./usb/host/class/usb_host_hub_app.o
 .bss.s_HubInterfaceHandle
                0x20000404        0x4 ./usb/host/class/usb_host_hub_app.o
 .bss.s_HubGlobalArray
                0x20000408       0x10 ./usb/host/class/usb_host_hub_app.o
 .bss.g_UsbHostInstance
                0x20000418      0x32c ./usb/host/usb_host_hci.o
                0x20000418                g_UsbHostInstance
 .bss.s_Setupbuffer
                0x20000744       0x80 ./usb/host/usb_host_hci.o
 .bss.totalFrameNumber.6763
                0x200007c4        0x4 ./usb/host/usb_host_khci.o
 .bss.transferResult.6918
                0x200007c8        0x4 ./usb/host/usb_host_khci.o
 .bss.transferResult.6925
                0x200007cc        0x4 ./usb/host/usb_host_khci.o
 .bss.transfer.6961
                0x200007d0        0x4 ./usb/host/usb_host_khci.o
 .bss.g_UsbFatfsClassHandle
                0x200007d4        0x4 ./sources/fsl_usb_disk_bm.o
                0x200007d4                g_UsbFatfsClassHandle
 .bss.s_FatfsSectorSize
                0x200007d8        0x4 ./sources/fsl_usb_disk_bm.o
 .bss.s_UsbTransferBuffer
                0x200007dc       0x14 ./sources/fsl_usb_disk_bm.o
 .bss.g_MsdFatfsInstance
                0x200007f0       0x14 ./sources/host_msd_fatfs.o
                0x200007f0                g_MsdFatfsInstance
 .bss.fatfs     0x20000804      0x230 ./sources/host_msd_fatfs.o
 .bss.testBuffer
                0x20000a34      0x200 ./sources/host_msd_fatfs.o
 .bss.i         0x20000c34        0x4 ./source/USB_Log.o
                0x20000c34                i
 .bss.failAddr  0x20000c38        0x4 ./source/USB_Log.o
                0x20000c38                failAddr
 .bss.failDat   0x20000c3c        0x4 ./source/USB_Log.o
                0x20000c3c                failDat
 .bss.x         0x20000c40        0x4 ./source/USB_Log.o
                0x20000c40                x
 .bss.y         0x20000c44        0x4 ./source/USB_Log.o
                0x20000c44                y
 .bss.Log_Salvati
                0x20000c48        0x4 ./source/USB_Log.o
                0x20000c48                Log_Salvati
 .bss.demoRingBuffer
                0x20000c4c      0x1f4 ./source/USB_Log.o
                0x20000c4c                demoRingBuffer
 .bss.demoRingBuffer_test
                0x20000e40       0xc8 ./source/USB_Log.o
                0x20000e40                demoRingBuffer_test
 .bss.demoRingBuffer_memory
                0x20000f08       0x78 ./source/USB_Log.o
                0x20000f08                demoRingBuffer_memory
 .bss.g_HostHandle
                0x20000f80        0x4 ./source/USB_Log.o
                0x20000f80                g_HostHandle
 .bss.s_flashDriver
                0x20000f84       0x34 ./source/USB_Log.o
 .bss.Valore_Test
                0x20000fb8        0x4 ./source/USB_Log.o
                0x20000fb8                Valore_Test
 .bss.Address_Log
                0x20000fbc        0x4 ./source/USB_Log.o
                0x20000fbc                Address_Log
 .bss.Address_Identifier
                0x20000fc0        0x4 ./source/USB_Log.o
                0x20000fc0                Address_Identifier
 .bss.Identifier
                0x20000fc4        0x4 ./source/USB_Log.o
                0x20000fc4                Identifier
 .bss.Sector_Start_Address
                0x20000fc8       0x7c ./source/USB_Log.o
                0x20000fc8                Sector_Start_Address
 .bss.Enable_Sector_Erase
                0x20001044       0x1f ./source/USB_Log.o
                0x20001044                Enable_Sector_Erase
 *fill*         0x20001063        0x1 
 .bss.US00      0x20001064        0xf ./source/USB_Log.o
                0x20001064                US00
 *fill*         0x20001073        0x1 
 .bss.m_usb_global
                0x20001074       0xd0 ./osa/usb_osa_bm.o
 .bss.FatFs     0x20001144        0xc ./fatfs/fatfs_source/ff.o
 .bss.g_xtal0Freq
                0x20001150        0x4 ./drivers/fsl_clock.o
                0x20001150                g_xtal0Freq
 .bss.g_xtal32Freq
                0x20001154        0x4 ./drivers/fsl_clock.o
                0x20001154                g_xtal32Freq
 .bss.callFlashRunCommand
                0x20001158        0x4 ./drivers/fsl_flash.o
 .bss.callFlashCommonBitOperation
                0x2000115c        0x4 ./drivers/fsl_flash.o
 .bss.s_flashRunCommand
                0x20001160       0x40 ./drivers/fsl_flash.o
 .bss.s_flashCommonBitOperation
                0x200011a0       0x40 ./drivers/fsl_flash.o
 .bss.s_flashExecuteInRamFunctionInfo
                0x200011e0        0xc ./drivers/fsl_flash.o
 .bss.s_uartHandle
                0x200011ec       0x10 ./drivers/fsl_uart.o
 .bss.s_uartIsr
                0x200011fc        0x4 ./drivers/fsl_uart.o
 .bss.__Ciob    0x20001200       0xb4 c:/nxp/mcuxpressoide_11.1.1_3241/ide/plugins/com.nxp.mcuxpresso.tools.win32_11.1.0.202001081728/tools/bin/../lib/gcc/arm-none-eabi/8.3.1/../../../../arm-none-eabi/lib/thumb/v7e-m/nofp\libcr_semihost_nf.a(__ciob.o)
                0x20001200                __Ciob
 .bss.__end_of_heap
                0x200012b4        0x4 c:/nxp/mcuxpressoide_11.1.1_3241/ide/plugins/com.nxp.mcuxpresso.tools.win32_11.1.0.202001081728/tools/bin/../lib/gcc/arm-none-eabi/8.3.1/../../../../arm-none-eabi/lib/thumb/v7e-m/nofp\libcr_c.a(__init_alloc.o)
                0x200012b4                __end_of_heap
 .bss.__heaps   0x200012b8        0x4 c:/nxp/mcuxpressoide_11.1.1_3241/ide/plugins/com.nxp.mcuxpresso.tools.win32_11.1.0.202001081728/tools/bin/../lib/gcc/arm-none-eabi/8.3.1/../../../../arm-none-eabi/lib/thumb/v7e-m/nofp\libcr_c.a(__init_alloc.o)
                0x200012b8                __heaps
 .bss.errno     0x200012bc        0x4 c:/nxp/mcuxpressoide_11.1.1_3241/ide/plugins/com.nxp.mcuxpresso.tools.win32_11.1.0.202001081728/tools/bin/../lib/gcc/arm-none-eabi/8.3.1/../../../../arm-none-eabi/lib/thumb/v7e-m/nofp\libcr_c.a(errno.o)
                0x200012bc                errno
 .bss.oldFrameNumber.6764
                0x200012c0        0x2 ./usb/host/usb_host_khci.o
 .bss.Dati_Presenti
                0x200012c2        0x2 ./source/USB_Log.o
                0x200012c2                Dati_Presenti
 .bss.txIndex   0x200012c4        0x2 ./source/USB_Log.o
                0x200012c4                txIndex
 .bss.rxIndex   0x200012c6        0x2 ./source/USB_Log.o
                0x200012c6                rxIndex
 .bss.Fsid      0x200012c8        0x2 ./fatfs/fatfs_source/ff.o
 .bss.ufiIng    0x200012ca        0x1 ./sources/fsl_usb_disk_bm.o
 .bss.ufiStatus
                0x200012cb        0x1 ./sources/fsl_usb_disk_bm.o
 .bss.controlIng
                0x200012cc        0x1 ./sources/host_msd_fatfs.o
                0x200012cc                controlIng
 .bss.controlStatus
                0x200012cd        0x1 ./sources/host_msd_fatfs.o
                0x200012cd                controlStatus
 .bss.pitIsrFlag
                0x200012ce        0x1 ./source/USB_Log.o
                0x200012ce                pitIsrFlag
 .bss.IndexAddress
                0x200012cf        0x1 ./source/USB_Log.o
                0x200012cf                IndexAddress
 .bss.IndexErase
                0x200012d0        0x1 ./source/USB_Log.o
                0x200012d0                IndexErase
 *(SORT_BY_ALIGNMENT(COMMON))
                0x200012d4                . = ALIGN (0x4)
 *fill*         0x200012d1        0x3 
                0x200012d4                _ebss = .
                [!provide]                PROVIDE (__end_bss_RAM = .)
                [!provide]                PROVIDE (__end_bss_SRAM_UPPER = .)
                [!provide]                PROVIDE (end = .)

.noinit_RAM2    0x1fffc000        0x0
                [!provide]                PROVIDE (__start_noinit_RAM2 = .)
                [!provide]                PROVIDE (__start_noinit_SRAM_LOWER = .)
 *(SORT_BY_ALIGNMENT(.noinit.$RAM2))
 *(SORT_BY_ALIGNMENT(.noinit.$SRAM_LOWER))
 *(SORT_BY_ALIGNMENT(.noinit.$RAM2.*))
 *(SORT_BY_ALIGNMENT(.noinit.$SRAM_LOWER.*))
                0x1fffc000                . = ALIGN (0x4)
                [!provide]                PROVIDE (__end_noinit_RAM2 = .)
                [!provide]                PROVIDE (__end_noinit_SRAM_LOWER = .)

.noinit_RAM3    0x14000000        0x0
                [!provide]                PROVIDE (__start_noinit_RAM3 = .)
                [!provide]                PROVIDE (__start_noinit_FLEX_RAM = .)
 *(SORT_BY_ALIGNMENT(.noinit.$RAM3))
 *(SORT_BY_ALIGNMENT(.noinit.$FLEX_RAM))
 *(SORT_BY_ALIGNMENT(.noinit.$RAM3.*))
 *(SORT_BY_ALIGNMENT(.noinit.$FLEX_RAM.*))
                0x14000000                . = ALIGN (0x4)
                [!provide]                PROVIDE (__end_noinit_RAM3 = .)
                [!provide]                PROVIDE (__end_noinit_FLEX_RAM = .)

.noinit         0x200012d4        0x0
                0x200012d4                _noinit = .
                [!provide]                PROVIDE (__start_noinit_RAM = .)
                [!provide]                PROVIDE (__start_noinit_SRAM_UPPER = .)
 *(SORT_BY_ALIGNMENT(.noinit*))
                0x200012d4                . = ALIGN (0x4)
                0x200012d4                _end_noinit = .
                [!provide]                PROVIDE (__end_noinit_RAM = .)
                [!provide]                PROVIDE (__end_noinit_SRAM_UPPER = .)
                0x00000400                _HeapSize = 0x400

.heap           0x200012d4      0x400
                0x200012d4                _pvHeapStart = .
                0x200016d4                . = (. + _HeapSize)
 *fill*         0x200012d4      0x400 
                0x200016d4                . = ALIGN (0x4)
                0x200016d4                _pvHeapLimit = .
                0x00000400                _StackSize = 0x400

.heap2stackfill
                0x200016d4      0x400
                0x20001ad4                . = (. + _StackSize)
 *fill*         0x200016d4      0x400 

.stack          0x20003c00        0x0
                0x20003c00                _vStackBase = .
                0x20003c00                . = ALIGN (0x4)
                0x20004000                _vStackTop = (. + _StackSize)
                0x00000000                _image_start = LOADADDR (.text)
                0x0000f648                _image_end = (LOADADDR (.data) + SIZEOF (.data))
                0x0000f648                _image_size = (_image_end - _image_start)
OUTPUT(USB_Log.axf elf32-littlearm)

.debug_info     0x00000000    0x19a1c
 .debug_info    0x00000000     0x10e8 ./usb/host/class/usb_host_hub.o
 .debug_info    0x000010e8     0x14fc ./usb/host/class/usb_host_hub_app.o
 .debug_info    0x000025e4     0x132d ./usb/host/class/usb_host_msd.o
 .debug_info    0x00003911      0xd8a ./usb/host/class/usb_host_msd_ufi.o
 .debug_info    0x0000469b     0x1998 ./usb/host/usb_host_devices.o
 .debug_info    0x00006033      0xf78 ./usb/host/usb_host_framework.o
 .debug_info    0x00006fab     0x176e ./usb/host/usb_host_hci.o
 .debug_info    0x00008719     0x1d35 ./usb/host/usb_host_khci.o
 .debug_info    0x0000a44e      0x79f ./startup/startup_mk22d5.o
 .debug_info    0x0000abed      0x885 ./sources/fsl_usb_disk_bm.o
 .debug_info    0x0000b472     0x15c0 ./sources/host_msd_fatfs.o
 .debug_info    0x0000ca32     0x23e8 ./source/USB_Log.o
 .debug_info    0x0000ee1a       0x3c ./source/semihost_hardfault.o
 .debug_info    0x0000ee56      0xebf ./osa/usb_osa_bm.o
 .debug_info    0x0000fd15      0x414 ./fatfs/fatfs_source/diskio.o
 .debug_info    0x00010129     0x2127 ./fatfs/fatfs_source/ff.o
 .debug_info    0x00012250     0x1b6d ./drivers/fsl_clock.o
 .debug_info    0x00013dbd     0x1fe1 ./drivers/fsl_flash.o
 .debug_info    0x00015d9e      0x652 ./drivers/fsl_gpio.o
 .debug_info    0x000163f0      0x648 ./drivers/fsl_pit.o
 .debug_info    0x00016a38     0x1911 ./drivers/fsl_uart.o
 .debug_info    0x00018349       0xba ./board/board.o
 .debug_info    0x00018403      0xb3d ./board/clock_config.o
 .debug_info    0x00018f40      0x602 ./board/pin_mux.o
 .debug_info    0x00019542      0x4da ./CMSIS/system_MK22D5.o

.debug_abbrev   0x00000000     0x36ba
 .debug_abbrev  0x00000000      0x204 ./usb/host/class/usb_host_hub.o
 .debug_abbrev  0x00000204      0x24f ./usb/host/class/usb_host_hub_app.o
 .debug_abbrev  0x00000453      0x202 ./usb/host/class/usb_host_msd.o
 .debug_abbrev  0x00000655      0x183 ./usb/host/class/usb_host_msd_ufi.o
 .debug_abbrev  0x000007d8      0x274 ./usb/host/usb_host_devices.o
 .debug_abbrev  0x00000a4c      0x1f4 ./usb/host/usb_host_framework.o
 .debug_abbrev  0x00000c40      0x2c6 ./usb/host/usb_host_hci.o
 .debug_abbrev  0x00000f06      0x366 ./usb/host/usb_host_khci.o
 .debug_abbrev  0x0000126c      0x17a ./startup/startup_mk22d5.o
 .debug_abbrev  0x000013e6      0x1f9 ./sources/fsl_usb_disk_bm.o
 .debug_abbrev  0x000015df      0x386 ./sources/host_msd_fatfs.o
 .debug_abbrev  0x00001965      0x414 ./source/USB_Log.o
 .debug_abbrev  0x00001d79       0x31 ./source/semihost_hardfault.o
 .debug_abbrev  0x00001daa      0x2d7 ./osa/usb_osa_bm.o
 .debug_abbrev  0x00002081      0x15a ./fatfs/fatfs_source/diskio.o
 .debug_abbrev  0x000021db      0x227 ./fatfs/fatfs_source/ff.o
 .debug_abbrev  0x00002402      0x34b ./drivers/fsl_clock.o
 .debug_abbrev  0x0000274d      0x2a6 ./drivers/fsl_flash.o
 .debug_abbrev  0x000029f3      0x1d2 ./drivers/fsl_gpio.o
 .debug_abbrev  0x00002bc5      0x203 ./drivers/fsl_pit.o
 .debug_abbrev  0x00002dc8      0x345 ./drivers/fsl_uart.o
 .debug_abbrev  0x0000310d       0x8b ./board/board.o
 .debug_abbrev  0x00003198      0x211 ./board/clock_config.o
 .debug_abbrev  0x000033a9      0x1bb ./board/pin_mux.o
 .debug_abbrev  0x00003564      0x156 ./CMSIS/system_MK22D5.o

.debug_aranges  0x00000000     0x1290
 .debug_aranges
                0x00000000       0x90 ./usb/host/class/usb_host_hub.o
 .debug_aranges
                0x00000090       0x88 ./usb/host/class/usb_host_hub_app.o
 .debug_aranges
                0x00000118       0xc0 ./usb/host/class/usb_host_msd.o
 .debug_aranges
                0x000001d8       0xb0 ./usb/host/class/usb_host_msd_ufi.o
 .debug_aranges
                0x00000288       0xa8 ./usb/host/usb_host_devices.o
 .debug_aranges
                0x00000330       0x60 ./usb/host/usb_host_framework.o
 .debug_aranges
                0x00000390       0x98 ./usb/host/usb_host_hci.o
 .debug_aranges
                0x00000428       0xf8 ./usb/host/usb_host_khci.o
 .debug_aranges
                0x00000520      0x288 ./startup/startup_mk22d5.o
 .debug_aranges
                0x000007a8       0x50 ./sources/fsl_usb_disk_bm.o
 .debug_aranges
                0x000007f8       0x70 ./sources/host_msd_fatfs.o
 .debug_aranges
                0x00000868       0xf0 ./source/USB_Log.o