usb_host_msd.c:209:13:USB_HostMsdClearHaltCallback	32	static
usb_host_msd.c:228:21:USB_HostMsdClearHalt	32	static
usb_host_msd.c:268:13:USB_HostMsdResetDone	24	static
usb_host_msd.c:295:13:USB_HostMsdMassResetClearOutCallback	32	static
usb_host_msd.c:304:13:USB_HostMsdMassResetClearInCallback	32	static
usb_host_msd.c:327:13:USB_HostMsdMassResetCallback	32	static
usb_host_msd.c:348:13:USB_HostMsdControlCallback	40	static
usb_host_msd.c:363:13:USB_HostMsdCommandDone	24	static
usb_host_msd.c:374:13:USB_HostMsdCswCallback	32	static
usb_host_msd.c:477:13:USB_HostMsdCbwCallback	32	static
usb_host_msd.c:570:13:USB_HostMsdDataCallback	32	static
usb_host_msd.c:627:21:USB_HostMsdProcessCommand	24	static
usb_host_msd.c:745:14:USB_HostMsdCommand	40	static
usb_host_msd.c:801:21:USB_HostMsdOpenInterface	48	static
usb_host_msd.c:893:13:USB_HostMsdSetInterfaceCallback	40	static
usb_host_msd.c:913:14:USB_HostMsdInit	32	static
usb_host_msd.c:947:14:USB_HostMsdSetInterface	48	static
usb_host_msd.c:1039:14:USB_HostMsdDeinit	24	static
usb_host_msd.c:1090:21:USB_HostMsdControl	32	static
usb_host_msd.c:1141:14:USB_HostMsdMassStorageReset	48	static
usb_host_msd.c:1152:14:USB_HostMsdGetMaxLun	48	static
