fsl_ftfx_flexnvm.c:33:10:FLEXNVM_Init	24	static
fsl_ftfx_flexnvm.c:75:10:FLEXNVM_DflashErase	32	static
fsl_ftfx_flexnvm.c:90:10:FLEXNVM_EraseAll	16	static
fsl_ftfx_flexnvm.c:108:10:FLEXNVM_DflashProgram	32	static
fsl_ftfx_flexnvm.c:124:10:FLEXNVM_DflashProgramSection	32	static
fsl_ftfx_flexnvm.c:142:10:FLEXNVM_ProgramPartition	24	static
fsl_ftfx_flexnvm.c:154:10:FLEXNVM_ReadResource	32	static
fsl_ftfx_flexnvm.c:164:10:FLEXNVM_DflashVerifyErase	32	static
fsl_ftfx_flexnvm.c:182:10:FLEXNVM_VerifyEraseAll	16	static
fsl_ftfx_flexnvm.c:190:10:FLEXNVM_DflashVerifyProgram	48	static
fsl_ftfx_flexnvm.c:212:10:FLEXNVM_GetSecurityState	16	static
fsl_ftfx_flexnvm.c:220:10:FLEXNVM_SecurityBypass	16	static
fsl_ftfx_flexnvm.c:229:10:FLEXNVM_SetFlexramFunction	16	static
fsl_ftfx_flexnvm.c:238:10:FLEXNVM_EepromWrite	32	static
fsl_ftfx_flexnvm.c:321:10:FLEXNVM_DflashSetProtection	16	static
fsl_ftfx_flexnvm.c:349:10:FLEXNVM_DflashGetProtection	16	static
fsl_ftfx_flexnvm.c:370:10:FLEXNVM_EepromSetProtection	16	static
fsl_ftfx_flexnvm.c:397:10:FLEXNVM_EepromGetProtection	16	static
fsl_ftfx_flexnvm.c:418:10:FLEXNVM_GetProperty	32	static
fsl_ftfx_flexnvm.c:474:17:flexnvm_convert_start_address	24	static
