Archive member included to satisfy reference by file (symbol)

c:/nxp/mcuxpressoide_11.1.1_3241/ide/plugins/com.nxp.mcuxpresso.tools.win32_11.1.0.202001081728/tools/bin/../lib/gcc/arm-none-eabi/8.3.1/../../../../arm-none-eabi/lib/thumb/v7e-m/nofp\libcr_semihost_nf.a(_cr__main.o)
                              ./startup/startup_mk22d5.o (__main)
c:/nxp/mcuxpressoide_11.1.1_3241/ide/plugins/com.nxp.mcuxpresso.tools.win32_11.1.0.202001081728/tools/bin/../lib/gcc/arm-none-eabi/8.3.1/../../../../arm-none-eabi/lib/thumb/v7e-m/nofp\libcr_semihost_nf.a(_cr_assert.o)
                              ./utilities/fsl_debug_console.o (__assertion_failed)
c:/nxp/mcuxpressoide_11.1.1_3241/ide/plugins/com.nxp.mcuxpresso.tools.win32_11.1.0.202001081728/tools/bin/../lib/gcc/arm-none-eabi/8.3.1/../../../../arm-none-eabi/lib/thumb/v7e-m/nofp\libcr_semihost_nf.a(__ciob.o)
                              c:/nxp/mcuxpressoide_11.1.1_3241/ide/plugins/com.nxp.mcuxpresso.tools.win32_11.1.0.202001081728/tools/bin/../lib/gcc/arm-none-eabi/8.3.1/../../../../arm-none-eabi/lib/thumb/v7e-m/nofp\libcr_semihost_nf.a(_cr_assert.o) (__Ciob)
c:/nxp/mcuxpressoide_11.1.1_3241/ide/plugins/com.nxp.mcuxpresso.tools.win32_11.1.0.202001081728/tools/bin/../lib/gcc/arm-none-eabi/8.3.1/../../../../arm-none-eabi/lib/thumb/v7e-m/nofp\libcr_semihost_nf.a(__sys_appexit.o)
                              c:/nxp/mcuxpressoide_11.1.1_3241/ide/plugins/com.nxp.mcuxpresso.tools.win32_11.1.0.202001081728/tools/bin/../lib/gcc/arm-none-eabi/8.3.1/../../../../arm-none-eabi/lib/thumb/v7e-m/nofp\libcr_semihost_nf.a(_cr_assert.o) (__sys_appexit)
c:/nxp/mcuxpressoide_11.1.1_3241/ide/plugins/com.nxp.mcuxpresso.tools.win32_11.1.0.202001081728/tools/bin/../lib/gcc/arm-none-eabi/8.3.1/../../../../arm-none-eabi/lib/thumb/v7e-m/nofp\libcr_c.a(memcpy.o)
                              ./drivers/fsl_flash.o (memcpy)
c:/nxp/mcuxpressoide_11.1.1_3241/ide/plugins/com.nxp.mcuxpresso.tools.win32_11.1.0.202001081728/tools/bin/../lib/gcc/arm-none-eabi/8.3.1/../../../../arm-none-eabi/lib/thumb/v7e-m/nofp\libcr_c.a(memset.o)
                              ./source/USB_Log.o (memset)
c:/nxp/mcuxpressoide_11.1.1_3241/ide/plugins/com.nxp.mcuxpresso.tools.win32_11.1.0.202001081728/tools/bin/../lib/gcc/arm-none-eabi/8.3.1/../../../../arm-none-eabi/lib/thumb/v7e-m/nofp\libcr_c.a(_deferredlazyseek.o)
                              c:/nxp/mcuxpressoide_11.1.1_3241/ide/plugins/com.nxp.mcuxpresso.tools.win32_11.1.0.202001081728/tools/bin/../lib/gcc/arm-none-eabi/8.3.1/../../../../arm-none-eabi/lib/thumb/v7e-m/nofp\libcr_semihost_nf.a(_cr_assert.o) (__flsbuf)
c:/nxp/mcuxpressoide_11.1.1_3241/ide/plugins/com.nxp.mcuxpresso.tools.win32_11.1.0.202001081728/tools/bin/../lib/gcc/arm-none-eabi/8.3.1/../../../../arm-none-eabi/lib/thumb/v7e-m/nofp\libcr_c.a(_fflush.o)
                              c:/nxp/mcuxpressoide_11.1.1_3241/ide/plugins/com.nxp.mcuxpresso.tools.win32_11.1.0.202001081728/tools/bin/../lib/gcc/arm-none-eabi/8.3.1/../../../../arm-none-eabi/lib/thumb/v7e-m/nofp\libcr_c.a(_deferredlazyseek.o) (_fflush)
c:/nxp/mcuxpressoide_11.1.1_3241/ide/plugins/com.nxp.mcuxpresso.tools.win32_11.1.0.202001081728/tools/bin/../lib/gcc/arm-none-eabi/8.3.1/../../../../arm-none-eabi/lib/thumb/v7e-m/nofp\libcr_c.a(_writebuf.o)
                              c:/nxp/mcuxpressoide_11.1.1_3241/ide/plugins/com.nxp.mcuxpresso.tools.win32_11.1.0.202001081728/tools/bin/../lib/gcc/arm-none-eabi/8.3.1/../../../../arm-none-eabi/lib/thumb/v7e-m/nofp\libcr_c.a(_deferredlazyseek.o) (_Cwritebuf)
c:/nxp/mcuxpressoide_11.1.1_3241/ide/plugins/com.nxp.mcuxpresso.tools.win32_11.1.0.202001081728/tools/bin/../lib/gcc/arm-none-eabi/8.3.1/../../../../arm-none-eabi/lib/thumb/v7e-m/nofp\libcr_c.a(alloc.o)
                              ./osa/usb_osa_bm.o (malloc)
c:/nxp/mcuxpressoide_11.1.1_3241/ide/plugins/com.nxp.mcuxpresso.tools.win32_11.1.0.202001081728/tools/bin/../lib/gcc/arm-none-eabi/8.3.1/../../../../arm-none-eabi/lib/thumb/v7e-m/nofp\libcr_c.a(fputs.o)
                              c:/nxp/mcuxpressoide_11.1.1_3241/ide/plugins/com.nxp.mcuxpresso.tools.win32_11.1.0.202001081728/tools/bin/../lib/gcc/arm-none-eabi/8.3.1/../../../../arm-none-eabi/lib/thumb/v7e-m/nofp\libcr_semihost_nf.a(_cr_assert.o) (fputs)
c:/nxp/mcuxpressoide_11.1.1_3241/ide/plugins/com.nxp.mcuxpresso.tools.win32_11.1.0.202001081728/tools/bin/../lib/gcc/arm-none-eabi/8.3.1/../../../../arm-none-eabi/lib/thumb/v7e-m/nofp\libcr_c.a(fseek.o)
                              c:/nxp/mcuxpressoide_11.1.1_3241/ide/plugins/com.nxp.mcuxpresso.tools.win32_11.1.0.202001081728/tools/bin/../lib/gcc/arm-none-eabi/8.3.1/../../../../arm-none-eabi/lib/thumb/v7e-m/nofp\libcr_c.a(_deferredlazyseek.o) (fseek)
c:/nxp/mcuxpressoide_11.1.1_3241/ide/plugins/com.nxp.mcuxpresso.tools.win32_11.1.0.202001081728/tools/bin/../lib/gcc/arm-none-eabi/8.3.1/../../../../arm-none-eabi/lib/thumb/v7e-m/nofp\libcr_c.a(ftell.o)
[...]
Memory Configuration

Name             Origin             Length             Attributes
PROGRAM_FLASH    0x00000000         0x00040000         xr
SRAM_UPPER       0x20000000         0x00004000         xrw
SRAM_LOWER       0x1fffc000         0x00004000         xrw
FLEX_RAM         0x14000000         0x00001000         xrw
*default*        0x00000000         0xffffffff

Linker script and memory map

LOAD ./utilities/fsl_assert.o
LOAD ./utilities/fsl_debug_console.o
LOAD ./utilities/fsl_io.o
LOAD ./utilities/fsl_log.o
LOAD ./utilities/fsl_str.o
LOAD ./usb/host/class/usb_host_hub.o
LOAD ./usb/host/class/usb_host_hub_app.o
LOAD ./usb/host/class/usb_host_msd.o
LOAD ./usb/host/class/usb_host_msd_ufi.o
LOAD ./usb/host/usb_host_devices.o
LOAD ./usb/host/usb_host_framework.o
LOAD ./usb/host/usb_host_hci.o
LOAD ./usb/host/usb_host_khci.o
LOAD ./startup/startup_mk22d5.o
LOAD ./sources/app.o
LOAD ./sources/fsl_usb_disk_bm.o
LOAD ./sources/host_msd_fatfs.o
LOAD ./source/USB_Log.o
LOAD ./source/semihost_hardfault.o
LOAD ./osa/usb_osa_bm.o
LOAD ./fatfs/fatfs_source/diskio.o
LOAD ./fatfs/fatfs_source/ff.o
LOAD ./drivers/fsl_clock.o
LOAD ./drivers/fsl_common.o
LOAD ./drivers/fsl_flash.o
LOAD ./drivers/fsl_gpio.o
LOAD ./drivers/fsl_pit.o
LOAD ./drivers/fsl_sim.o
LOAD ./drivers/fsl_smc.o
LOAD ./drivers/fsl_uart.o
LOAD ./board/board.o
LOAD ./board/clock_config.o
LOAD ./board/peripherals.o
LOAD ./board/pin_mux.o
LOAD ./CMSIS/system_MK22D5.o
START GROUP
LOAD c:/nxp/mcuxpressoide_11.1.1_3241/ide/plugins/com.nxp.mcuxpresso.tools.win32_11.1.0.202001081728/tools/bin/../lib/gcc/arm-none-eabi/8.3.1/../../../../arm-none-eabi/lib/thumb/v7e-m/nofp\libcr_semihost_nf.a
LOAD c:/nxp/mcuxpressoide_11.1.1_3241/ide/plugins/com.nxp.mcuxpresso.tools.win32_11.1.0.202001081728/tools/bin/../lib/gcc/arm-none-eabi/8.3.1/../../../../arm-none-eabi/lib/thumb/v7e-m/nofp\libcr_c.a
LOAD c:/nxp/mcuxpressoide_11.1.1_3241/ide/plugins/com.nxp.mcuxpresso.tools.win32_11.1.0.202001081728/tools/bin/../lib/gcc/arm-none-eabi/8.3.1/thumb/v7e-m/nofp\libcr_eabihelpers.a
LOAD c:/nxp/mcuxpressoide_11.1.1_3241/ide/plugins/com.nxp.mcuxpresso.tools.win32_11.1.0.202001081728/tools/bin/../lib/gcc/arm-none-eabi/8.3.1/thumb/v7e-m/nofp\libgcc.a
END GROUP
                0x00000000                __base_PROGRAM_FLASH = 0x0
                0x00000000                __base_Flash = 0x0
                0x00040000                __top_PROGRAM_FLASH = 0x40000
                0x00040000                __top_Flash = 0x40000
                0x20000000                __base_SRAM_UPPER = 0x20000000
                0x20000000                __base_RAM = 0x20000000
                0x20004000                __top_SRAM_UPPER = 0x20004000
                0x20004000                __top_RAM = 0x20004000
                0x1fffc000                __base_SRAM_LOWER = 0x1fffc000
                0x1fffc000                __base_RAM2 = 0x1fffc000
                0x20000000                __top_SRAM_LOWER = 0x20000000
                0x20000000                __top_RAM2 = 0x20000000
                0x14000000                __base_FLEX_RAM = 0x14000000
                0x14000000                __base_RAM3 = 0x14000000
                0x14001000                __top_FLEX_RAM = 0x14001000
                0x14001000                __top_RAM3 = 0x14001000

.text           0x00000000     0xe924
 FILL mask 0xff
                0x00000000                __vectors_start__ = ABSOLUTE (.)
 *(SORT_BY_ALIGNMENT(.isr_vector))
 .isr_vector    0x00000000      0x144 ./startup/startup_mk22d5.o
                0x00000000                g_pfnVectors
                0x00000000                __Vectors
                0x00000144                . = ALIGN (0x4)
                0x00000144                __section_table_start = .
                0x00000144                __data_section_table = .
                0x00000144        0x4 LONG 0xe924 LOADADDR (.data)
                0x00000148        0x4 LONG 0x20000000 ADDR (.data)
                0x0000014c        0x4 LONG 0x10 SIZEOF (.data)
                0x00000150        0x4 LONG 0xe924 LOADADDR (.data_RAM2)
                0x00000154        0x4 LONG 0x1fffc000 ADDR (.data_RAM2)
                0x00000158        0x4 LONG 0x0 SIZEOF (.data_RAM2)
                0x0000015c        0x4 LONG 0xe924 LOADADDR (.data_RAM3)
                0x00000160        0x4 LONG 0x14000000 ADDR (.data_RAM3)
                0x00000164        0x4 LONG 0x0 SIZEOF (.data_RAM3)
                0x00000168                __data_section_table_end = .
                0x00000168                __bss_section_table = .
                0x00000168        0x4 LONG 0x20000200 ADDR (.bss)
                0x0000016c        0x4 LONG 0xfac SIZEOF (.bss)
                0x00000170        0x4 LONG 0x1fffc000 ADDR (.bss_RAM2)
                0x00000174        0x4 LONG 0x0 SIZEOF (.bss_RAM2)
                0x00000178        0x4 LONG 0x14000000 ADDR (.bss_RAM3)
                0x0000017c        0x4 LONG 0x0 SIZEOF (.bss_RAM3)
                0x00000180                __bss_section_table_end = .
                0x00000180                __section_table_end = .
 *(SORT_BY_ALIGNMENT(.after_vectors*))
 .after_vectors.reset
                0x00000180       0x4c ./startup/startup_mk22d5.o
                0x00000180                ResetISR
 .after_vectors.init_data
                0x000001cc       0x1c ./startup/startup_mk22d5.o
                0x000001cc                data_init
 .after_vectors.init_bss
                0x000001e8       0x12 ./startup/startup_mk22d5.o
                0x000001e8                bss_init
 .after_vectors
                0x000001fa       0x14 ./startup/startup_mk22d5.o
                0x000001fa                NMI_Handler
                0x000001fe                MemManage_Handler
                0x00000200                BusFault_Handler
                0x00000202                UsageFault_Handler
                0x00000204                SVC_Handler
                0x00000206                DebugMon_Handler
                0x00000208                PendSV_Handler
                0x0000020a                SysTick_Handler
                0x0000020c                DMA_Error_DriverIRQHandler
                0x0000020c                LPTMR0_DriverIRQHandler
                0x0000020c                SPI1_DriverIRQHandler
                0x0000020c                FTM1_DriverIRQHandler
                0x0000020c                FTM2_DriverIRQHandler
                0x0000020c                PIT2_DriverIRQHandler
                0x0000020c                I2S0_Tx_DriverIRQHandler
                0x0000020c                RTC_Seconds_DriverIRQHandler
                0x0000020c                DMA6_DriverIRQHandler
                0x0000020c                LLWU_DriverIRQHandler
                0x0000020c                MCM_DriverIRQHandler
                0x0000020c                MCG_DriverIRQHandler
                0x0000020c                DMA12_DriverIRQHandler
                0x0000020c                CMP1_DriverIRQHandler
                0x0000020c                FTM0_DriverIRQHandler
                0x0000020c                IntDefaultHandler
                0x0000020c                USB0_DriverIRQHandler
                0x0000020c                PORTC_DriverIRQHandler
                0x0000020c                DMA11_DriverIRQHandler
                0x0000020c                DAC0_DriverIRQHandler
                0x0000020c                DMA10_DriverIRQHandler
                0x0000020c                UART2_ERR_DriverIRQHandler
                0x0000020c                LVD_LVW_DriverIRQHandler
                0x0000020c                PORTB_DriverIRQHandler
                0x0000020c                DMA5_DriverIRQHandler
                0x0000020c                DMA4_DriverIRQHandler
                0x0000020c                USBDCD_DriverIRQHandler
                0x0000020c                UART3_ERR_DriverIRQHandler
                0x0000020c                DMA3_DriverIRQHandler
                0x0000020c                DMA8_DriverIRQHandler
                0x0000020c                DMA9_DriverIRQHandler
                0x0000020c                UART0_ERR_DriverIRQHandler
                0x0000020c                CMT_DriverIRQHandler
                0x0000020c                Reserved71_DriverIRQHandler
                0x0000020c                PORTA_DriverIRQHandler
                0x0000020c                DMA14_DriverIRQHandler
                0x0000020c                PIT3_DriverIRQHandler
                0x0000020c                PIT1_DriverIRQHandler
                0x0000020c                WDOG_EWM_DriverIRQHandler
                0x0000020c                PDB0_DriverIRQHandler
                0x0000020c                RTC_DriverIRQHandler
                0x0000020c                I2S0_Rx_DriverIRQHandler
                0x0000020c                Read_Collision_DriverIRQHandler
                0x0000020c                SWI_DriverIRQHandler
                0x0000020c                DMA0_DriverIRQHandler
                0x0000020c                Reserved39_DriverIRQHandler
                0x0000020c                DMA1_DriverIRQHandler
                0x0000020c                I2C1_DriverIRQHandler
                0x0000020c                DMA13_DriverIRQHandler
                0x0000020c                DMA15_DriverIRQHandler
                0x0000020c                SPI0_DriverIRQHandler
                0x0000020c                ADC0_DriverIRQHandler
                0x0000020c                FTFL_DriverIRQHandler
                0x0000020c                CMP0_DriverIRQHandler
                0x0000020c                PIT0_DriverIRQHandler
                0x0000020c                UART1_ERR_DriverIRQHandler
                0x0000020c                DMA2_DriverIRQHandler
                0x0000020c                PORTD_DriverIRQHandler
                0x0000020c                Reserved46_DriverIRQHandler
                0x0000020c                PORTE_DriverIRQHandler
                0x0000020c                I2C0_DriverIRQHandler
                0x0000020c                DMA7_DriverIRQHandler
                0x00000400                . = 0x400
 *fill*         0x0000020e      0x1f2 ff
                0x00000400                PROVIDE (__FLASH_CONFIG_START__ = .)
 *(SORT_BY_ALIGNMENT(.FlashConfig))
 .FlashConfig   0x00000400       0x10 ./startup/startup_mk22d5.o
                0x00000400                Flash_Config
                0x00000410                PROVIDE (__FLASH_CONFIG_END__ = .)
                0x00000001                ASSERT (! ((__FLASH_CONFIG_START__ == __FLASH_CONFIG_END__)), Linker Flash Config Support Enabled, but no .FlashConfig section provided within application)
 *(SORT_BY_ALIGNMENT(.text*))
 .text.USB_HostHubClassRequestCommon
                0x00000410       0xcc ./usb/host/class/usb_host_hub.o
 .text.USB_HostHubInterruptRecv
                0x000004dc       0x94 ./usb/host/class/usb_host_hub.o
                0x000004dc                USB_HostHubInterruptRecv
 .text.USB_HostHubGetHubList
                0x00000570       0x18 ./usb/host/class/usb_host_hub_app.o
 .text.USB_HostHubGetInterruptStatus
                0x00000588       0x5c ./usb/host/class/usb_host_hub_app.o
 .text.USB_HostHubProcess
                0x000005e4      0x2dc ./usb/host/class/usb_host_hub_app.o
 .text.USB_HostHubProcessPortAttach
                0x000008c0      0x44c ./usb/host/class/usb_host_hub_app.o
 .text.USB_HostHubProcessPortDetach
                0x00000d0c      0x22c ./usb/host/class/usb_host_hub_app.o
 .text.USB_HostHubProcessData
                0x00000f38      0x114 ./usb/host/class/usb_host_hub_app.o
 .text.USB_HostHubDeviceEvent
                0x0000104c      0x328 ./usb/host/class/usb_host_hub_app.o
                0x0000104c                USB_HostHubDeviceEvent
 .text.USB_HostMsdMassResetClearInCallback
                0x00001374       0x5c ./usb/host/class/usb_host_msd.o
 .text.USB_HostMsdMassResetCallback
                0x000013d0       0x60 ./usb/host/class/usb_host_msd.o
 .text.USB_HostMsdCswCallback
                0x00001430      0x1ac ./usb/host/class/usb_host_msd.o
 .text.USB_HostMsdCbwCallback
                0x000015dc      0x16c ./usb/host/class/usb_host_msd.o
 .text.USB_HostMsdDataCallback
                0x00001748       0xe0 ./usb/host/class/usb_host_msd.o
 .text.USB_HostMsdProcessCommand
                0x00001828      0x180 ./usb/host/class/usb_host_msd.o
 .text.USB_HostMsdInit
                0x000019a8       0x90 ./usb/host/class/usb_host_msd.o
                0x000019a8                USB_HostMsdInit
 .text.USB_HostMsdSetInterface
                0x00001a38      0x14c ./usb/host/class/usb_host_msd.o
                0x00001a38                USB_HostMsdSetInterface
 .text.USB_HostMsdMassStorageReset
                0x00001b84       0x3c ./usb/host/class/usb_host_msd.o
                0x00001b84                USB_HostMsdMassStorageReset
 .text.USB_HostEnumerationTransferCallback
                0x00001bc0      0x174 ./usb/host/usb_host_devices.o
 .text.USB_HostProcessState
                0x00001d34      0x1f4 ./usb/host/usb_host_devices.o
 .text.USB_HostProcessCallback
                0x00001f28      0x198 ./usb/host/usb_host_devices.o
 .text.USB_HostOpenDeviceInterface
                0x000020c0       0xf4 ./usb/host/usb_host_devices.o
                0x000020c0                USB_HostOpenDeviceInterface
 .text.USB_HostCloseDeviceInterface
                0x000021b4      0x15c ./usb/host/usb_host_devices.o
                0x000021b4                USB_HostCloseDeviceInterface
 .text.USB_HostGetInstance
                0x00002310       0xf0 ./usb/host/usb_host_hci.o
 .text.USB_HostGetControllerInterface
                0x00002400       0x28 ./usb/host/usb_host_hci.o
 .text.USB_HostHelperGetPeripheralInformation
                0x00002428      0x174 ./usb/host/usb_host_hci.o
                0x00002428                USB_HostHelperGetPeripheralInformation
 .text._USB_HostKhciGetFrameCountSum
                0x0000259c       0x4c ./usb/host/usb_host_khci.o
 .text._USB_HostKhciAttach
                0x000025e8      0x260 ./usb/host/usb_host_khci.o
 .text._USB_HostKhciTransactionDone
                0x00002848      0x29c ./usb/host/usb_host_khci.o
 .text._USB_HostKhciAtomNonblockingTransaction
                0x00002ae4      0x334 ./usb/host/usb_host_khci.o
 .text._USB_HostKhciStartTranfer
                0x00002e18      0x1c0 ./usb/host/usb_host_khci.o
 .text._USB_HostKhciFinishTranfer
                0x00002fd8      0x168 ./usb/host/usb_host_khci.o
 .text._USB_HostKhciTransferStateMachine
                0x00003140      0x204 ./usb/host/usb_host_khci.o
                0x00003140                _USB_HostKhciTransferStateMachine
 .text.USB_HostKhciTaskFunction
                0x00003344       0xf0 ./usb/host/usb_host_khci.o
                0x00003344                USB_HostKhciTaskFunction
 .text.USB_HostKhciCreate
                0x00003434      0x1c0 ./usb/host/usb_host_khci.o
                0x00003434                USB_HostKhciCreate
 .text.USB_HostKciIoctl
                0x000035f4       0x88 ./usb/host/usb_host_khci.o
                0x000035f4                USB_HostKciIoctl
 .text.USB_HostMsdUfiCallback
                0x0000367c       0x2c ./sources/fsl_usb_disk_bm.o
 .text.USB_HostMsdInitializeDisk
                0x000036a8      0x140 ./sources/fsl_usb_disk_bm.o
                0x000036a8                USB_HostMsdInitializeDisk
 .text.USB_HostMsdReadDisk
                0x000037e8       0xe0 ./sources/fsl_usb_disk_bm.o
                0x000037e8                USB_HostMsdReadDisk
 .text.USB_HostMsdWriteDisk
                0x000038c8       0xdc ./sources/fsl_usb_disk_bm.o
                0x000038c8                USB_HostMsdWriteDisk
 .text.USB_HostMsdIoctlDisk
                0x000039a4      0x1ac ./sources/fsl_usb_disk_bm.o
                0x000039a4                USB_HostMsdIoctlDisk
 .text.USB_HostMsdControlCallback
                0x00003b50       0x44 ./sources/host_msd_fatfs.o
                0x00003b50                USB_HostMsdControlCallback
 .text.USB_HostMsdFatfsTestDone
                0x00003b94       0x14 ./sources/host_msd_fatfs.o
 .text.USB_HostMsdFatfsTest
                0x00003ba8      0x854 ./sources/host_msd_fatfs.o
 .text.USB_HostMsdTask
                0x000043fc      0x114 ./sources/host_msd_fatfs.o
                0x000043fc                USB_HostMsdTask
 .text.USB_HostMsdEvent
                0x00004510      0x19c ./sources/host_msd_fatfs.o
                0x00004510                USB_HostMsdEvent
 .text.__NVIC_EnableIRQ
                0x000046ac       0x38 ./source/USB_Log.o
 .text.__NVIC_DisableIRQ
                0x000046e4       0x44 ./source/USB_Log.o
 .text.__NVIC_SetPriority
                0x00004728       0x54 ./source/USB_Log.o
 .text.__NVIC_SystemReset
                0x0000477c       0x28 ./source/USB_Log.o
 .text.PIT_GetDefaultConfig
                0x000047a4       0x28 ./source/USB_Log.o
 .text.USB0_IRQHandler
                0x000047cc       0x1c ./source/USB_Log.o
                0x000047cc                USB0_IRQHandler
 .text.USB_HostEvent
                0x000047e8       0x78 ./source/USB_Log.o
 .text.USB_HostApplicationInit
                0x00004860       0x4c ./source/USB_Log.o
 .text.UART1_RX_TX_IRQHandler
                0x000048ac       0x8c ./source/USB_Log.o
                0x000048ac                UART1_RX_TX_IRQHandler
 .text.PIT0_IRQHandler
                0x00004938       0x24 ./source/USB_Log.o
                0x00004938                PIT0_IRQHandler
 .text.error_trap
                0x0000495c       0x20 ./source/USB_Log.o
                0x0000495c                error_trap
 .text.app_finalize
                0x0000497c       0x20 ./source/USB_Log.o
                0x0000497c                app_finalize
 .text.main     0x0000499c      0x7ec ./source/USB_Log.o
                0x0000499c                main
 .text.USB_OsaEventCreate
                0x00005188       0x9c ./osa/usb_osa_bm.o
                0x00005188                USB_OsaEventCreate
 .text.USB_OsaMutexCreate
                0x00005224       0x28 ./osa/usb_osa_bm.o
                0x00005224                USB_OsaMutexCreate
 .text.sync_fs  0x0000524c       0xdc ./fatfs/fatfs_source/ff.o
 .text.create_name
                0x00005328      0x1a4 ./fatfs/fatfs_source/ff.o
 .text.check_fs
                0x000054cc       0xac ./fatfs/fatfs_source/ff.o
 .text.find_volume
                0x00005578      0x494 ./fatfs/fatfs_source/ff.o
 .text.f_mount  0x00005a0c       0x88 ./fatfs/fatfs_source/ff.o
                0x00005a0c                f_mount
 .text.f_open   0x00005a94      0x314 ./fatfs/fatfs_source/ff.o
                0x00005a94                f_open
 .text.f_sync   0x00005da8      0x100 ./fatfs/fatfs_source/ff.o
                0x00005da8                f_sync
 .text.CLOCK_SetEr32kClock
                0x00005ea8       0x2c ./drivers/fsl_clock.o
 .text.CLOCK_SetPllFllSelClock
                0x00005ed4       0x38 ./drivers/fsl_clock.o
 .text.CLOCK_GetMcgExtClkFreq
                0x00005f0c       0x6c ./drivers/fsl_clock.o
 .text.CLOCK_GetFllExtRefClkFreq
                0x00005f78       0xb4 ./drivers/fsl_clock.o
 .text.CLOCK_GetInternalRefClkSelectFreq
                0x0000602c       0x40 ./drivers/fsl_clock.o
 .text.CLOCK_GetFllRefClkFreq
                0x0000606c       0x2c ./drivers/fsl_clock.o
 .text.CLOCK_GetOscRangeFromFreq
                0x00006098       0x3c ./drivers/fsl_clock.o
 .text.CLOCK_GetOsc0ErClkFreq
                0x000060d4       0x38 ./drivers/fsl_clock.o
                0x000060d4                CLOCK_GetOsc0ErClkFreq
 .text.CLOCK_GetEr32kClkFreq
                0x0000610c       0x74 ./drivers/fsl_clock.o
                0x0000610c                CLOCK_GetEr32kClkFreq
 .text.CLOCK_GetPllFllSelClkFreq
                0x00006180       0x44 ./drivers/fsl_clock.o
                0x00006180                CLOCK_GetPllFllSelClkFreq
 .text.CLOCK_GetFreq
                0x000061c4      0x11c ./drivers/fsl_clock.o
                0x000061c4                CLOCK_GetFreq
 .text.CLOCK_SetSimConfig
                0x000062e0       0x38 ./drivers/fsl_clock.o
                0x000062e0                CLOCK_SetSimConfig
 .text.CLOCK_EnableUsbfs0Clock
                0x00006318       0xe8 ./drivers/fsl_clock.o
                0x00006318                CLOCK_EnableUsbfs0Clock
 .text.CLOCK_GetOutClkFreq
                0x00006400       0x64 ./drivers/fsl_clock.o
                0x00006400                CLOCK_GetOutClkFreq
 .text.CLOCK_GetFllFreq
                0x00006464       0x7c ./drivers/fsl_clock.o
                0x00006464                CLOCK_GetFllFreq
 .text.CLOCK_GetInternalRefClkFreq
                0x000064e0       0x24 ./drivers/fsl_clock.o
                0x000064e0                CLOCK_GetInternalRefClkFreq
 .text.CLOCK_GetPll0Freq
                0x00006504       0x68 ./drivers/fsl_clock.o
                0x00006504                CLOCK_GetPll0Freq
 .text.CLOCK_SetExternalRefClkConfig
                0x0000656c       0x6c ./drivers/fsl_clock.o
                0x0000656c                CLOCK_SetExternalRefClkConfig
 .text.CLOCK_SetInternalRefClkConfig
                0x000065d8      0x104 ./drivers/fsl_clock.o
                0x000065d8                CLOCK_SetInternalRefClkConfig
 .text.CLOCK_EnablePll0
                0x000066dc       0x88 ./drivers/fsl_clock.o
                0x000066dc                CLOCK_EnablePll0
 .text.CLOCK_InitOsc0
                0x00006764       0x8c ./drivers/fsl_clock.o
                0x00006764                CLOCK_InitOsc0
 .text.CLOCK_SetPbeMode
                0x000067f0       0xa8 ./drivers/fsl_clock.o
                0x000067f0                CLOCK_SetPbeMode
 .text.CLOCK_BootToPeeMode
                0x00006898       0x64 ./drivers/fsl_clock.o
                0x00006898                CLOCK_BootToPeeMode
 .text.FLASH_Init
                0x000068fc       0xd8 ./drivers/fsl_flash.o
                0x000068fc                FLASH_Init
 .text.FLASH_Erase
                0x000069d4       0xd4 ./drivers/fsl_flash.o
                0x000069d4                FLASH_Erase
 .text.FLASH_Program
                0x00006aa8       0xd0 ./drivers/fsl_flash.o
                0x00006aa8                FLASH_Program
 .text.FLASH_ReadResource
                0x00006b78       0xd8 ./drivers/fsl_flash.o
                0x00006b78                FLASH_ReadResource
 .text.FLASH_GetSecurityState
                0x00006c50       0x68 ./drivers/fsl_flash.o
                0x00006c50                FLASH_GetSecurityState
 .text.FLASH_VerifyErase
                0x00006cb8       0xf0 ./drivers/fsl_flash.o
                0x00006cb8                FLASH_VerifyErase
 .text.FLASH_VerifyProgram
                0x00006da8       0xc8 ./drivers/fsl_flash.o
                0x00006da8                FLASH_VerifyProgram
 .text.FLASH_GetProperty
                0x00006e70      0x13c ./drivers/fsl_flash.o
                0x00006e70                FLASH_GetProperty
 .text.copy_flash_run_command
                0x00006fac       0x2c ./drivers/fsl_flash.o
 .text.flash_command_sequence
                0x00006fd8       0x6c ./drivers/fsl_flash.o
 .text.copy_flash_common_bit_operation
                0x00007044       0x2c ./drivers/fsl_flash.o
 .text.fmc_flash_cache_clear
                0x00007070       0x30 ./drivers/fsl_flash.o
                0x00007070                fmc_flash_cache_clear
 .text.fmc_flash_prefetch_speculation_clear
                0x000070a0       0x30 ./drivers/fsl_flash.o
                0x000070a0                fmc_flash_prefetch_speculation_clear
 .text.flash_check_user_key
                0x000070d0       0x24 ./drivers/fsl_flash.o
 .text.flash_update_flexnvm_memory_partition_status
                0x000070f4      0x234 ./drivers/fsl_flash.o
 .text.flash_check_resource_range
                0x00007328       0x8c ./drivers/fsl_flash.o
 .text.GPIO_PinInit
                0x000073b4       0x64 ./drivers/fsl_gpio.o
                0x000073b4                GPIO_PinInit
 .text.PIT_GetInstance
                0x00007418       0x44 ./drivers/fsl_pit.o
 .text.PIT_Init
                0x0000745c       0x64 ./drivers/fsl_pit.o
                0x0000745c                PIT_Init
 .text.UART_GetInstance
                0x000074c0       0x54 ./drivers/fsl_uart.o
                0x000074c0                UART_GetInstance
 .text.UART_Init
                0x00007514      0x29c ./drivers/fsl_uart.o
                0x00007514                UART_Init
 .text.UART_GetDefaultConfig
                0x000077b0       0x58 ./drivers/fsl_uart.o
                0x000077b0                UART_GetDefaultConfig
 .text.UART_EnableInterrupts
                0x00007808       0x70 ./drivers/fsl_uart.o
                0x00007808                UART_EnableInterrupts
 .text.UART0_DriverIRQHandler
                0x00007878       0x28 ./drivers/fsl_uart.o
                0x00007878                UART0_DriverIRQHandler
 .text.UART2_DriverIRQHandler
                0x000078a0       0x28 ./drivers/fsl_uart.o
                0x000078a0                UART2_DriverIRQHandler
 .text.UART3_DriverIRQHandler
                0x000078c8       0x28 ./drivers/fsl_uart.o
                0x000078c8                UART3_DriverIRQHandler
 .text.CLOCK_SetSimSafeDivs
                0x000078f0       0x20 ./board/clock_config.o
 .text.CLOCK_SetXtal0Freq
                0x00007910       0x1c ./board/clock_config.o
 .text.CLOCK_CONFIG_SetFllExtRefDiv
                0x0000792c       0x38 ./board/clock_config.o
 .text.BOARD_BootClockRUN
                0x00007964       0x60 ./board/clock_config.o
                0x00007964                BOARD_BootClockRUN
 .text.BOARD_InitBootPins
                0x000079c4       0x68 ./board/pin_mux.o
                0x000079c4                BOARD_InitBootPins
 .text.SystemInit
                0x00007a2c       0x28 ./CMSIS/system_MK22D5.o
                0x00007a2c                SystemInit
 .text.SystemCoreClockUpdate
                0x00007a54      0x270 ./CMSIS/system_MK22D5.o
                0x00007a54                SystemCoreClockUpdate
 .text.__assertion_failed
                0x00007cc4       0x4c c:/nxp/mcuxpressoide_11.1.1_3241/ide/plugins/com.nxp.mcuxpresso.tools.win32_11.1.0.202001081728/tools/bin/../lib/gcc/arm-none-eabi/8.3.1/../../../../arm-none-eabi/lib/thumb/v7e-m/nofp\libcr_semihost_nf.a(_cr_assert.o)
                0x00007cc4                __assertion_failed
 .text.__sys_appexit
                0x00007d10        0xc c:/nxp/mcuxpressoide_11.1.1_3241/ide/plugins/com.nxp.mcuxpresso.tools.win32_11.1.0.202001081728/tools/bin/../lib/gcc/arm-none-eabi/8.3.1/../../../../arm-none-eabi/lib/thumb/v7e-m/nofp\libcr_semihost_nf.a(__sys_appexit.o)
                0x00007d10                __sys_appexit
                0x00007d10                __exit
 .text._Cwritebuf
                0x00007d1c       0x6c c:/nxp/mcuxpressoide_11.1.1_3241/ide/plugins/com.nxp.mcuxpresso.tools.win32_11.1.0.202001081728/tools/bin/../lib/gcc/arm-none-eabi/8.3.1/../../../../arm-none-eabi/lib/thumb/v7e-m/nofp\libcr_c.a(_writebuf.o)
                0x00007d1c                _Cwritebuf
 .text.malloc   0x00007d88       0xc8 c:/nxp/mcuxpressoide_11.1.1_3241/ide/plugins/com.nxp.mcuxpresso.tools.win32_11.1.0.202001081728/tools/bin/../lib/gcc/arm-none-eabi/8.3.1/../../../../arm-none-eabi/lib/thumb/v7e-m/nofp\libcr_c.a(alloc.o)
                0x00007d88                malloc
 .text._Csys_alloc
                0x00007e50       0x20 c:/nxp/mcuxpressoide_11.1.1_3241/ide/plugins/com.nxp.mcuxpresso.tools.win32_11.1.0.202001081728/tools/bin/../lib/gcc/arm-none-eabi/8.3.1/../../../../arm-none-eabi/lib/thumb/v7e-m/nofp\libcr_c.a(alloc.o)
                0x00007e50                _Csys_alloc
 .text.fseek    0x00007e70      0x100 c:/nxp/mcuxpressoide_11.1.1_3241/ide/plugins/com.nxp.mcuxpresso.tools.win32_11.1.0.202001081728/tools/bin/../lib/gcc/arm-none-eabi/8.3.1/../../../../arm-none-eabi/lib/thumb/v7e-m/nofp\libcr_c.a(fseek.o)
                0x00007e70                fseek
 .text.ftell    0x00007f70       0x48 c:/nxp/mcuxpressoide_11.1.1_3241/ide/plugins/com.nxp.mcuxpresso.tools.win32_11.1.0.202001081728/tools/bin/../lib/gcc/arm-none-eabi/8.3.1/../../../../arm-none-eabi/lib/thumb/v7e-m/nofp\libcr_c.a(ftell.o)
                0x00007f70                ftell
 .text._initio  0x00007fb8       0x78 c:/nxp/mcuxpressoide_11.1.1_3241/ide/plugins/com.nxp.mcuxpresso.tools.win32_11.1.0.202001081728/tools/bin/../lib/gcc/arm-none-eabi/8.3.1/../../../../arm-none-eabi/lib/thumb/v7e-m/nofp\libcr_c.a(initio.o)
                0x00007fb8                _initio
 .text.__vfprintf
                0x00008030      0xbdc c:/nxp/mcuxpressoide_11.1.1_3241/ide/plugins/com.nxp.mcuxpresso.tools.win32_11.1.0.202001081728/tools/bin/../lib/gcc/arm-none-eabi/8.3.1/../../../../arm-none-eabi/lib/thumb/v7e-m/nofp\libcr_c.a(printf.o)
                0x00008030                __vfprintf
 .text._sprintf
                0x00008c0c       0x6c c:/nxp/mcuxpressoide_11.1.1_3241/ide/plugins/com.nxp.mcuxpresso.tools.win32_11.1.0.202001081728/tools/bin/../lib/gcc/arm-none-eabi/8.3.1/../../../../arm-none-eabi/lib/thumb/v7e-m/nofp\libcr_c.a(printf.o)
                0x00008c0c                _sprintf
 .text._vsnprintf
                0x00008c78       0x68 c:/nxp/mcuxpressoide_11.1.1_3241/ide/plugins/com.nxp.mcuxpresso.tools.win32_11.1.0.202001081728/tools/bin/../lib/gcc/arm-none-eabi/8.3.1/../../../../arm-none-eabi/lib/thumb/v7e-m/nofp\libcr_c.a(printf.o)
                0x00008c78                _vsnprintf
 .text._printf  0x00008ce0       0x54 c:/nxp/mcuxpressoide_11.1.1_3241/ide/plugins/com.nxp.mcuxpresso.tools.win32_11.1.0.202001081728/tools/bin/../lib/gcc/arm-none-eabi/8.3.1/../../../../arm-none-eabi/lib/thumb/v7e-m/nofp\libcr_c.a(printf.o)
                0x00008ce0                _printf
 .text.setvbuf  0x00008d34       0x40 c:/nxp/mcuxpressoide_11.1.1_3241/ide/plugins/com.nxp.mcuxpresso.tools.win32_11.1.0.202001081728/tools/bin/../lib/gcc/arm-none-eabi/8.3.1/../../../../arm-none-eabi/lib/thumb/v7e-m/nofp\libcr_c.a(setvbuf.o)
                0x00008d34                setvbuf
 .text._sbrk    0x00008d74       0x3c c:/nxp/mcuxpressoide_11.1.1_3241/ide/plugins/com.nxp.mcuxpresso.tools.win32_11.1.0.202001081728/tools/bin/../lib/gcc/arm-none-eabi/8.3.1/../../../../arm-none-eabi/lib/thumb/v7e-m/nofp\libcr_c.a(_cr_sbrk.o)
                0x00008d74                _sbrk
 .text.fflush   0x00008db0       0x44 c:/nxp/mcuxpressoide_11.1.1_3241/ide/plugins/com.nxp.mcuxpresso.tools.win32_11.1.0.202001081728/tools/bin/../lib/gcc/arm-none-eabi/8.3.1/../../../../arm-none-eabi/lib/thumb/v7e-m/nofp\libcr_c.a(fflush.o)
                0x00008db0                fflush
 .text.__check_heap_overflow
                0x00008df4       0x18 c:/nxp/mcuxpressoide_11.1.1_3241/ide/plugins/com.nxp.mcuxpresso.tools.win32_11.1.0.202001081728/tools/bin/../lib/gcc/arm-none-eabi/8.3.1/../../../../arm-none-eabi/lib/thumb/v7e-m/nofp\libcr_c.a(_cr_check_heap.o)
                0x00008df4                __check_heap_overflow
 .text.USB_HostHubControlCallback
                0x00008e0c       0x48 ./usb/host/class/usb_host_hub.o
 .text.USB_HostHubInPipeCallback
                0x00008e54       0x42 ./usb/host/class/usb_host_hub.o
 .text.USB_HostHubInit
                0x00008e96       0x7c ./usb/host/class/usb_host_hub.o
                0x00008e96                USB_HostHubInit
 .text.USB_HostHubSetInterface
                0x00008f12      0x168 ./usb/host/class/usb_host_hub.o
                0x00008f12                USB_HostHubSetInterface
 .text.USB_HostHubDeinit
                0x0000907a       0xa0 ./usb/host/class/usb_host_hub.o
                0x0000907a                USB_HostHubDeinit
 .text.USB_HostHubGetDescriptor
                0x0000911a       0x3a ./usb/host/class/usb_host_hub.o
                0x0000911a                USB_HostHubGetDescriptor
 .text.USB_HostHubClearFeature
                0x00009154       0x3e ./usb/host/class/usb_host_hub.o
                0x00009154                USB_HostHubClearFeature
 .text.USB_HostHubGetStatus
                0x00009192       0x3a ./usb/host/class/usb_host_hub.o
                0x00009192                USB_HostHubGetStatus
 .text.USB_HostHubSetPortFeature
                0x000091cc       0x42 ./usb/host/class/usb_host_hub.o
                0x000091cc                USB_HostHubSetPortFeature
 .text.USB_HostHubClearPortFeature
                0x0000920e       0x42 ./usb/host/class/usb_host_hub.o
                0x0000920e                USB_HostHubClearPortFeature
 .text.USB_HostHubGetPortStatus
                0x00009250       0x40 ./usb/host/class/usb_host_hub.o
                0x00009250                USB_HostHubGetPortStatus
 .text.USB_HostHubProcessPort
                0x00009290       0x3c ./usb/host/class/usb_host_hub_app.o
 .text.USB_HostHubControlCallback
                0x000092cc       0x92 ./usb/host/class/usb_host_hub_app.o
                0x000092cc                USB_HostHubControlCallback
 .text.USB_HostHubInterruptInCallback
                0x0000935e       0x70 ./usb/host/class/usb_host_hub_app.o
                0x0000935e                USB_HostHubInterruptInCallback
 .text.USB_HostHubGetHsHubNumber
                0x000093ce       0x8e ./usb/host/class/usb_host_hub_app.o
                0x000093ce                USB_HostHubGetHsHubNumber
 .text.USB_HostHubGetHsHubPort
                0x0000945c       0x92 ./usb/host/class/usb_host_hub_app.o
                0x0000945c                USB_HostHubGetHsHubPort
 .text.USB_HostHubGetTotalThinkTime
                0x000094ee       0x64 ./usb/host/class/usb_host_hub_app.o
                0x000094ee                USB_HostHubGetTotalThinkTime
 .text.USB_HostMsdClearHaltCallback
                0x00009552       0x42 ./usb/host/class/usb_host_msd.o
 .text.USB_HostMsdClearHalt
                0x00009594       0xb2 ./usb/host/class/usb_host_msd.o
 .text.USB_HostMsdResetDone
                0x00009646       0x60 ./usb/host/class/usb_host_msd.o
 .text.USB_HostMsdMassResetClearOutCallback
                0x000096a6       0x36 ./usb/host/class/usb_host_msd.o
 .text.USB_HostMsdCommandDone
                0x000096dc       0x38 ./usb/host/class/usb_host_msd.o
 .text.USB_HostMsdCommand
                0x00009714       0xd2 ./usb/host/class/usb_host_msd.o
                0x00009714                USB_HostMsdCommand
 .text.USB_HostMsdOpenInterface
                0x000097e6      0x194 ./usb/host/class/usb_host_msd.o
 .text.USB_HostMsdSetInterfaceCallback
                0x0000997a       0x54 ./usb/host/class/usb_host_msd.o
 .text.USB_HostMsdDeinit
                0x000099ce       0xd8 ./usb/host/class/usb_host_msd.o
                0x000099ce                USB_HostMsdDeinit
 .text.USB_HostMsdControl
                0x00009aa6       0xc2 ./usb/host/class/usb_host_msd.o
 .text.USB_HostMsdRead10
                0x00009b68       0x74 ./usb/host/class/usb_host_msd_ufi.o
                0x00009b68                USB_HostMsdRead10
 .text.USB_HostMsdWrite10
                0x00009bdc       0x74 ./usb/host/class/usb_host_msd_ufi.o
                0x00009bdc                USB_HostMsdWrite10
 .text.USB_HostMsdReadCapacity
                0x00009c50       0x60 ./usb/host/class/usb_host_msd_ufi.o
                0x00009c50                USB_HostMsdReadCapacity
 .text.USB_HostMsdTestUnitReady
                0x00009cb0       0x48 ./usb/host/class/usb_host_msd_ufi.o
                0x00009cb0                USB_HostMsdTestUnitReady
 .text.USB_HostMsdRequestSense
                0x00009cf8       0x62 ./usb/host/class/usb_host_msd_ufi.o
                0x00009cf8                USB_HostMsdRequestSense
 .text.USB_HostNotifyDevice
                0x00009d5a       0xc4 ./usb/host/usb_host_devices.o
 .text.USB_HostAllocateDeviceAddress
                0x00009e1e       0xa4 ./usb/host/usb_host_devices.o
 .text.USB_HostReleaseDeviceAddress
                0x00009ec2       0x5e ./usb/host/usb_host_devices.o
 .text.USB_HostRemoveDeviceInstance
                0x00009f20       0x74 ./usb/host/usb_host_devices.o
 .text.USB_HostReleaseDeviceResource
                0x00009f94       0xb6 ./usb/host/usb_host_devices.o
 .text.USB_HostParseDeviceConfigurationDescriptor
                0x0000a04a      0x3ce ./usb/host/usb_host_devices.o
 .text.USB_HostAttachDevice
                0x0000a418      0x21e ./usb/host/usb_host_devices.o
                0x0000a418                USB_HostAttachDevice
 .text.USB_HostDetachDevice
                0x0000a636       0x80 ./usb/host/usb_host_devices.o
                0x0000a636                USB_HostDetachDevice
 .text.USB_HostDetachDeviceInternal
                0x0000a6b6       0x7c ./usb/host/usb_host_devices.o
                0x0000a6b6                USB_HostDetachDeviceInternal
 .text.USB_HostValidateDevice
                0x0000a732       0x48 ./usb/host/usb_host_devices.o
                0x0000a732                USB_HostValidateDevice
 .text.USB_HostControlBus
                0x0000a77a       0x3e ./usb/host/usb_host_devices.o
 .text.USB_HostCh9RequestCommon
                0x0000a7b8       0x56 ./usb/host/usb_host_framework.o
                0x0000a7b8                USB_HostCh9RequestCommon
 .text.USB_HostStandardSetAddress
                0x0000a80e       0x32 ./usb/host/usb_host_framework.o
                0x0000a80e                USB_HostStandardSetAddress
 .text.USB_HostStandardSetGetDescriptor
                0x0000a840       0x50 ./usb/host/usb_host_framework.o
                0x0000a840                USB_HostStandardSetGetDescriptor
 .text.USB_HostReleaseInstance
                0x0000a890       0x2a ./usb/host/usb_host_hci.o
 .text.USB_HostInit
                0x0000a8ba      0x162 ./usb/host/usb_host_hci.o
                0x0000a8ba                USB_HostInit
 .text.USB_HostOpenPipe
                0x0000aa1c       0x44 ./usb/host/usb_host_hci.o
                0x0000aa1c                USB_HostOpenPipe
 .text.USB_HostClosePipe
                0x0000aa60       0x42 ./usb/host/usb_host_hci.o
                0x0000aa60                USB_HostClosePipe
 .text.USB_HostSend
                0x0000aaa2       0x6c ./usb/host/usb_host_hci.o
                0x0000aaa2                USB_HostSend
 .text.USB_HostSendSetup
                0x0000ab0e       0x90 ./usb/host/usb_host_hci.o
                0x0000ab0e                USB_HostSendSetup
 .text.USB_HostRecv
                0x0000ab9e       0x6c ./usb/host/usb_host_hci.o
                0x0000ab9e                USB_HostRecv
 .text.USB_HostCancelTransfer
                0x0000ac0a       0x4e ./usb/host/usb_host_hci.o
                0x0000ac0a                USB_HostCancelTransfer
 .text.USB_HostMallocTransfer
                0x0000ac58       0x72 ./usb/host/usb_host_hci.o
                0x0000ac58                USB_HostMallocTransfer
 .text.USB_HostFreeTransfer
                0x0000acca       0x52 ./usb/host/usb_host_hci.o
                0x0000acca                USB_HostFreeTransfer
 .text._USB_HostKhciGetRoundUpPow2
                0x0000ad1c       0x40 ./usb/host/usb_host_khci.o
 .text._USB_HostKhciGetFrameCount
                0x0000ad5c       0x3a ./usb/host/usb_host_khci.o
 .text._USB_HostKhciDelay
                0x0000ad96       0x30 ./usb/host/usb_host_khci.o
 .text.USB_HostKhciIsrFunction
                0x0000adc6       0xbc ./usb/host/usb_host_khci.o
                0x0000adc6                USB_HostKhciIsrFunction
 .text._USB_HostKhciReset
                0x0000ae82       0x96 ./usb/host/usb_host_khci.o
 .text._USB_HostKhciDetach
                0x0000af18       0xb6 ./usb/host/usb_host_khci.o
 .text._USB_HostKhciGetRightTrRequest
                0x0000afce      0x172 ./usb/host/usb_host_khci.o
 .text._USB_HostKhciUnlinkTrRequestFromList
                0x0000b140       0xe8 ./usb/host/usb_host_khci.o
 .text._USB_HostKhciLinkTrRequestToList
                0x0000b228       0xe4 ./usb/host/usb_host_khci.o
 .text._USB_HostKhciProcessTrCallback
                0x0000b30c       0xee ./usb/host/usb_host_khci.o
 .text._USB_HostKhciTransferClearUp
                0x0000b3fa       0xbe ./usb/host/usb_host_khci.o
                0x0000b3fa                _USB_HostKhciTransferClearUp
 .text.USB_HostKhciDestory
                0x0000b4b8       0xea ./usb/host/usb_host_khci.o
                0x0000b4b8                USB_HostKhciDestory
 .text.USB_HostKhciOpenPipe
                0x0000b5a2      0x102 ./usb/host/usb_host_khci.o
                0x0000b5a2                USB_HostKhciOpenPipe
 .text.USB_HostKhciClosePipe
                0x0000b6a4       0xa2 ./usb/host/usb_host_khci.o
                0x0000b6a4                USB_HostKhciClosePipe
 .text.USB_HostKhciWritePipe
                0x0000b746       0xea ./usb/host/usb_host_khci.o
                0x0000b746                USB_HostKhciWritePipe
 .text.USB_HostKhciReadpipe
                0x0000b830       0x9e ./usb/host/usb_host_khci.o
                0x0000b830                USB_HostKhciReadpipe
 .text._USB_HostKhciCancelPipe
                0x0000b8ce       0x8c ./usb/host/usb_host_khci.o
 .text._USB_HostKhciBusControl
                0x0000b95a      0x124 ./usb/host/usb_host_khci.o
 .text.DMA0_IRQHandler
                0x0000ba7e        0x8 ./startup/startup_mk22d5.o
                0x0000ba7e                DMA0_IRQHandler
 .text.DMA1_IRQHandler
                0x0000ba86        0x8 ./startup/startup_mk22d5.o
                0x0000ba86                DMA1_IRQHandler
 .text.DMA2_IRQHandler
                0x0000ba8e        0x8 ./startup/startup_mk22d5.o
                0x0000ba8e                DMA2_IRQHandler
 .text.DMA3_IRQHandler
                0x0000ba96        0x8 ./startup/startup_mk22d5.o
                0x0000ba96                DMA3_IRQHandler
 .text.DMA4_IRQHandler
                0x0000ba9e        0x8 ./startup/startup_mk22d5.o
                0x0000ba9e                DMA4_IRQHandler
 .text.DMA5_IRQHandler
                0x0000baa6        0x8 ./startup/startup_mk22d5.o
                0x0000baa6                DMA5_IRQHandler
 .text.DMA6_IRQHandler
                0x0000baae        0x8 ./startup/startup_mk22d5.o
                0x0000baae                DMA6_IRQHandler
 .text.DMA7_IRQHandler
                0x0000bab6        0x8 ./startup/startup_mk22d5.o
                0x0000bab6                DMA7_IRQHandler
 .text.DMA8_IRQHandler
                0x0000babe        0x8 ./startup/startup_mk22d5.o
                0x0000babe                DMA8_IRQHandler
 .text.DMA9_IRQHandler
                0x0000bac6        0x8 ./startup/startup_mk22d5.o
                0x0000bac6                DMA9_IRQHandler
 .text.DMA10_IRQHandler
                0x0000bace        0x8 ./startup/startup_mk22d5.o
                0x0000bace                DMA10_IRQHandler
 .text.DMA11_IRQHandler
                0x0000bad6        0x8 ./startup/startup_mk22d5.o
                0x0000bad6                DMA11_IRQHandler
 .text.DMA12_IRQHandler
                0x0000bade        0x8 ./startup/startup_mk22d5.o
                0x0000bade                DMA12_IRQHandler
 .text.DMA13_IRQHandler
                0x0000bae6        0x8 ./startup/startup_mk22d5.o
                0x0000bae6                DMA13_IRQHandler
 .text.DMA14_IRQHandler
                0x0000baee        0x8 ./startup/startup_mk22d5.o
                0x0000baee                DMA14_IRQHandler
 .text.DMA15_IRQHandler
                0x0000baf6        0x8 ./startup/startup_mk22d5.o
                0x0000baf6                DMA15_IRQHandler
 .text.DMA_Error_IRQHandler
                0x0000bafe        0x8 ./startup/startup_mk22d5.o
                0x0000bafe                DMA_Error_IRQHandler
 .text.MCM_IRQHandler
                0x0000bb06        0x8 ./startup/startup_mk22d5.o
                0x0000bb06                MCM_IRQHandler
 .text.FTFL_IRQHandler
                0x0000bb0e        0x8 ./startup/startup_mk22d5.o
                0x0000bb0e                FTFL_IRQHandler
 .text.Read_Collision_IRQHandler
                0x0000bb16        0x8 ./startup/startup_mk22d5.o
                0x0000bb16                Read_Collision_IRQHandler
 .text.LVD_LVW_IRQHandler
                0x0000bb1e        0x8 ./startup/startup_mk22d5.o
                0x0000bb1e                LVD_LVW_IRQHandler
 .text.LLWU_IRQHandler
                0x0000bb26        0x8 ./startup/startup_mk22d5.o
                0x0000bb26                LLWU_IRQHandler
 .text.WDOG_EWM_IRQHandler
                0x0000bb2e        0x8 ./startup/startup_mk22d5.o
                0x0000bb2e                WDOG_EWM_IRQHandler
 .text.Reserved39_IRQHandler
                0x0000bb36        0x8 ./startup/startup_mk22d5.o
                0x0000bb36                Reserved39_IRQHandler
 .text.I2C0_IRQHandler
                0x0000bb3e        0x8 ./startup/startup_mk22d5.o
                0x0000bb3e                I2C0_IRQHandler
 .text.I2C1_IRQHandler
                0x0000bb46        0x8 ./startup/startup_mk22d5.o
                0x0000bb46                I2C1_IRQHandler
 .text.SPI0_IRQHandler
                0x0000bb4e        0x8 ./startup/startup_mk22d5.o
                0x0000bb4e                SPI0_IRQHandler
 .text.SPI1_IRQHandler
                0x0000bb56        0x8 ./startup/startup_mk22d5.o
                0x0000bb56                SPI1_IRQHandler
 .text.I2S0_Tx_IRQHandler
                0x0000bb5e        0x8 ./startup/startup_mk22d5.o
                0x0000bb5e                I2S0_Tx_IRQHandler
 .text.I2S0_Rx_IRQHandler
                0x0000bb66        0x8 ./startup/startup_mk22d5.o
                0x0000bb66                I2S0_Rx_IRQHandler
 .text.Reserved46_IRQHandler
                0x0000bb6e        0x8 ./startup/startup_mk22d5.o
                0x0000bb6e                Reserved46_IRQHandler
 .text.UART0_RX_TX_IRQHandler
                0x0000bb76        0x8 ./startup/startup_mk22d5.o
                0x0000bb76                UART0_RX_TX_IRQHandler
 .text.UART0_ERR_IRQHandler
                0x0000bb7e        0x8 ./startup/startup_mk22d5.o
                0x0000bb7e                UART0_ERR_IRQHandler
 .text.UART1_ERR_IRQHandler
                0x0000bb86        0x8 ./startup/startup_mk22d5.o
                0x0000bb86                UART1_ERR_IRQHandler
 .text.UART2_RX_TX_IRQHandler
                0x0000bb8e        0x8 ./startup/startup_mk22d5.o
                0x0000bb8e                UART2_RX_TX_IRQHandler
 .text.UART2_ERR_IRQHandler
                0x0000bb96        0x8 ./startup/startup_mk22d5.o
                0x0000bb96                UART2_ERR_IRQHandler
 .text.UART3_RX_TX_IRQHandler
                0x0000bb9e        0x8 ./startup/startup_mk22d5.o
                0x0000bb9e                UART3_RX_TX_IRQHandler
 .text.UART3_ERR_IRQHandler
                0x0000bba6        0x8 ./startup/startup_mk22d5.o
                0x0000bba6                UART3_ERR_IRQHandler
 .text.ADC0_IRQHandler
                0x0000bbae        0x8 ./startup/startup_mk22d5.o
                0x0000bbae                ADC0_IRQHandler
 .text.CMP0_IRQHandler
                0x0000bbb6        0x8 ./startup/startup_mk22d5.o
                0x0000bbb6                CMP0_IRQHandler
 .text.CMP1_IRQHandler
                0x0000bbbe        0x8 ./startup/startup_mk22d5.o
                0x0000bbbe                CMP1_IRQHandler
 .text.FTM0_IRQHandler
                0x0000bbc6        0x8 ./startup/startup_mk22d5.o
                0x0000bbc6                FTM0_IRQHandler
 .text.FTM1_IRQHandler
                0x0000bbce        0x8 ./startup/startup_mk22d5.o
                0x0000bbce                FTM1_IRQHandler
 .text.FTM2_IRQHandler
                0x0000bbd6        0x8 ./startup/startup_mk22d5.o
                0x0000bbd6                FTM2_IRQHandler
 .text.CMT_IRQHandler
                0x0000bbde        0x8 ./startup/startup_mk22d5.o
                0x0000bbde                CMT_IRQHandler
 .text.RTC_IRQHandler
                0x0000bbe6        0x8 ./startup/startup_mk22d5.o
                0x0000bbe6                RTC_IRQHandler
 .text.RTC_Seconds_IRQHandler
                0x0000bbee        0x8 ./startup/startup_mk22d5.o
                0x0000bbee                RTC_Seconds_IRQHandler
 .text.PIT1_IRQHandler
                0x0000bbf6        0x8 ./startup/startup_mk22d5.o
                0x0000bbf6                PIT1_IRQHandler
 .text.PIT2_IRQHandler
                0x0000bbfe        0x8 ./startup/startup_mk22d5.o
                0x0000bbfe                PIT2_IRQHandler
 .text.PIT3_IRQHandler
                0x0000bc06        0x8 ./startup/startup_mk22d5.o
                0x0000bc06                PIT3_IRQHandler
 .text.PDB0_IRQHandler
                0x0000bc0e        0x8 ./startup/startup_mk22d5.o
                0x0000bc0e                PDB0_IRQHandler
 .text.USBDCD_IRQHandler
                0x0000bc16        0x8 ./startup/startup_mk22d5.o
                0x0000bc16                USBDCD_IRQHandler
 .text.Reserved71_IRQHandler
                0x0000bc1e        0x8 ./startup/startup_mk22d5.o
                0x0000bc1e                Reserved71_IRQHandler
 .text.DAC0_IRQHandler
                0x0000bc26        0x8 ./startup/startup_mk22d5.o
                0x0000bc26                DAC0_IRQHandler
 .text.MCG_IRQHandler
                0x0000bc2e        0x8 ./startup/startup_mk22d5.o
                0x0000bc2e                MCG_IRQHandler
 .text.LPTMR0_IRQHandler
                0x0000bc36        0x8 ./startup/startup_mk22d5.o
                0x0000bc36                LPTMR0_IRQHandler
 .text.PORTA_IRQHandler
                0x0000bc3e        0x8 ./startup/startup_mk22d5.o
                0x0000bc3e                PORTA_IRQHandler
 .text.PORTB_IRQHandler
                0x0000bc46        0x8 ./startup/startup_mk22d5.o
                0x0000bc46                PORTB_IRQHandler
 .text.PORTC_IRQHandler
                0x0000bc4e        0x8 ./startup/startup_mk22d5.o
                0x0000bc4e                PORTC_IRQHandler
 .text.PORTD_IRQHandler
                0x0000bc56        0x8 ./startup/startup_mk22d5.o
                0x0000bc56                PORTD_IRQHandler
 .text.PORTE_IRQHandler
                0x0000bc5e        0x8 ./startup/startup_mk22d5.o
                0x0000bc5e                PORTE_IRQHandler
 .text.SWI_IRQHandler
                0x0000bc66        0x8 ./startup/startup_mk22d5.o
                0x0000bc66                SWI_IRQHandler
 .text.USB_HostControllerTaskFunction
                0x0000bc6e       0x16 ./sources/fsl_usb_disk_bm.o
 .text.USB_HostMsdGetDiskStatus
                0x0000bc84       0x16 ./sources/fsl_usb_disk_bm.o
                0x0000bc84                USB_HostMsdGetDiskStatus
 .text.EnableIRQ
                0x0000bc9a       0x2c ./source/USB_Log.o
 .text.DisableIRQ
                0x0000bcc6       0x2c ./source/USB_Log.o
 .text.UART_ReadByte
                0x0000bcf2       0x18 ./source/USB_Log.o
 .text.PORT_SetPinMux
                0x0000bd0a       0x38 ./source/USB_Log.o
 .text.PIT_EnableInterrupts
                0x0000bd42       0x38 ./source/USB_Log.o
 .text.PIT_ClearStatusFlags
                0x0000bd7a       0x28 ./source/USB_Log.o
 .text.PIT_SetTimerPeriod
                0x0000bda2       0x26 ./source/USB_Log.o
 .text.PIT_StartTimer
                0x0000bdc8       0x36 ./source/USB_Log.o
 .text.GPIO_PinWrite
                0x0000bdfe       0x34 ./source/USB_Log.o
 .text.USB_HostClockInit
                0x0000be32       0x1e ./source/USB_Log.o
                0x0000be32                USB_HostClockInit
 .text.USB_HostIsrEnable
                0x0000be50       0x2c ./source/USB_Log.o
                0x0000be50                USB_HostIsrEnable
 .text.USB_HostTaskFn
                0x0000be7c       0x16 ./source/USB_Log.o
                0x0000be7c                USB_HostTaskFn
 .text.HardFault_Handler
                0x0000be92       0x2c ./source/semihost_hardfault.o
                0x0000be92                HardFault_Handler
 .text.DisableGlobalIRQ
                0x0000bebe       0x20 ./osa/usb_osa_bm.o
 .text.EnableGlobalIRQ
                0x0000bede       0x1e ./osa/usb_osa_bm.o
 .text.USB_OsaMemoryAllocate
                0x0000befc       0x42 ./osa/usb_osa_bm.o
                0x0000befc                USB_OsaMemoryAllocate
 .text.USB_OsaMemoryFree
                0x0000bf3e       0x16 ./osa/usb_osa_bm.o
                0x0000bf3e                USB_OsaMemoryFree
 .text.USB_OsaEnterCritical
                0x0000bf54       0x1c ./osa/usb_osa_bm.o
                0x0000bf54                USB_OsaEnterCritical
 .text.USB_OsaExitCritical
                0x0000bf70       0x16 ./osa/usb_osa_bm.o
                0x0000bf70                USB_OsaExitCritical
 .text.USB_OsaEventDestroy
                0x0000bf86       0x38 ./osa/usb_osa_bm.o
                0x0000bf86                USB_OsaEventDestroy
 .text.USB_OsaEventSet
                0x0000bfbe       0x40 ./osa/usb_osa_bm.o
                0x0000bfbe                USB_OsaEventSet
 .text.USB_OsaEventWait
                0x0000bffe       0x90 ./osa/usb_osa_bm.o
                0x0000bffe                USB_OsaEventWait
 .text.USB_OsaEventClear
                0x0000c08e       0x4c ./osa/usb_osa_bm.o
                0x0000c08e                USB_OsaEventClear
 .text.USB_OsaMutexDestroy
                0x0000c0da       0x14 ./osa/usb_osa_bm.o
                0x0000c0da                USB_OsaMutexDestroy
 .text.USB_OsaMutexLock
                0x0000c0ee       0x14 ./osa/usb_osa_bm.o
                0x0000c0ee                USB_OsaMutexLock
 .text.USB_OsaMutexUnlock
                0x0000c102       0x14 ./osa/usb_osa_bm.o
                0x0000c102                USB_OsaMutexUnlock
 .text.disk_status
                0x0000c116       0x2c ./fatfs/fatfs_source/diskio.o
                0x0000c116                disk_status
 .text.disk_initialize
                0x0000c142       0x2c ./fatfs/fatfs_source/diskio.o
                0x0000c142                disk_initialize
 .text.disk_read
                0x0000c16e       0x36 ./fatfs/fatfs_source/diskio.o
                0x0000c16e                disk_read
 .text.disk_write
                0x0000c1a4       0x36 ./fatfs/fatfs_source/diskio.o
                0x0000c1a4                disk_write
 .text.disk_ioctl
                0x0000c1da       0x36 ./fatfs/fatfs_source/diskio.o
                0x0000c1da                disk_ioctl
 .text.ld_word  0x0000c210       0x2e ./fatfs/fatfs_source/ff.o
 .text.ld_dword
                0x0000c23e       0x44 ./fatfs/fatfs_source/ff.o
 .text.st_word  0x0000c282       0x34 ./fatfs/fatfs_source/ff.o
 .text.st_dword
                0x0000c2b6       0x56 ./fatfs/fatfs_source/ff.o
 .text.mem_cpy  0x0000c30c       0x40 ./fatfs/fatfs_source/ff.o
 .text.mem_set  0x0000c34c       0x34 ./fatfs/fatfs_source/ff.o
 .text.mem_cmp  0x0000c380       0x4c ./fatfs/fatfs_source/ff.o
 .text.chk_chr  0x0000c3cc       0x34 ./fatfs/fatfs_source/ff.o
 .text.sync_window
                0x0000c400       0x88 ./fatfs/fatfs_source/ff.o
 .text.move_window
                0x0000c488       0x5a ./fatfs/fatfs_source/ff.o
 .text.clust2sect
                0x0000c4e2       0x3c ./fatfs/fatfs_source/ff.o
 .text.get_fat  0x0000c51e      0x150 ./fatfs/fatfs_source/ff.o
 .text.put_fat  0x0000c66e      0x1d8 ./fatfs/fatfs_source/ff.o
 .text.remove_chain
                0x0000c846       0xca ./fatfs/fatfs_source/ff.o
 .text.create_chain
                0x0000c910      0x130 ./fatfs/fatfs_source/ff.o
 .text.dir_sdi  0x0000ca40       0xf6 ./fatfs/fatfs_source/ff.o
 .text.dir_next
                0x0000cb36      0x18a ./fatfs/fatfs_source/ff.o
 .text.dir_alloc
                0x0000ccc0       0x8e ./fatfs/fatfs_source/ff.o
 .text.ld_clust
                0x0000cd4e       0x3e ./fatfs/fatfs_source/ff.o
 .text.st_clust
                0x0000cd8c       0x40 ./fatfs/fatfs_source/ff.o
 .text.dir_find
                0x0000cdcc       0xaa ./fatfs/fatfs_source/ff.o
 .text.dir_register
                0x0000ce76       0x64 ./fatfs/fatfs_source/ff.o
 .text.follow_path
                0x0000ceda       0xe2 ./fatfs/fatfs_source/ff.o
 .text.get_ldnumber
                0x0000cfbc       0x86 ./fatfs/fatfs_source/ff.o
 .text.validate
                0x0000d042       0x68 ./fatfs/fatfs_source/ff.o
 .text.f_write  0x0000d0aa      0x2d2 ./fatfs/fatfs_source/ff.o
                0x0000d0aa                f_write
 .text.f_close  0x0000d37c       0x40 ./fatfs/fatfs_source/ff.o
                0x0000d37c                f_close
 .text.CLOCK_EnableClock
                0x0000d3bc       0x32 ./drivers/fsl_clock.o
 .text.CLOCK_DisableClock
                0x0000d3ee       0x36 ./drivers/fsl_clock.o
 .text.OSC_SetExtRefClkConfig
                0x0000d424       0x32 ./drivers/fsl_clock.o
 .text.OSC_SetCapLoad
                0x0000d456       0x32 ./drivers/fsl_clock.o
 .text.CLOCK_GetPll0RefFreq
                0x0000d488        0xe ./drivers/fsl_clock.o
 .text.CLOCK_GetFixedFreqClkFreq
                0x0000d496       0x2e ./drivers/fsl_clock.o
                0x0000d496                CLOCK_GetFixedFreqClkFreq
 .text.FLASH_PrepareExecuteInRamFunctions
                0x0000d4c4       0x44 ./drivers/fsl_flash.o
                0x0000d4c4                FLASH_PrepareExecuteInRamFunctions
 .text.flash_cache_clear
                0x0000d508       0x18 ./drivers/fsl_flash.o
                0x0000d508                flash_cache_clear
 .text.flash_cache_clear_process
                0x0000d520       0x32 ./drivers/fsl_flash.o
 .text.flash_check_execute_in_ram_function_info
                0x0000d552       0x38 ./drivers/fsl_flash.o
 .text.flash_check_range
                0x0000d58a       0x80 ./drivers/fsl_flash.o
 .text.flash_get_matched_operation_info
                0x0000d60a       0xcc ./drivers/fsl_flash.o
 .text.GPIO_PinWrite
                0x0000d6d6       0x34 ./drivers/fsl_gpio.o
 .text.GPIO_WritePinOutput
                0x0000d70a       0x22 ./drivers/fsl_gpio.o
 .text.CLOCK_EnableClock
                0x0000d72c       0x32 ./drivers/fsl_pit.o
 .text.CLOCK_EnableClock
                0x0000d75e       0x32 ./drivers/fsl_uart.o
 .text.UART_GetStatusFlags
                0x0000d790       0x44 ./drivers/fsl_uart.o
                0x0000d790                UART_GetStatusFlags
 .text.UART0_RX_TX_DriverIRQHandler
                0x0000d7d4       0x12 ./drivers/fsl_uart.o
                0x0000d7d4                UART0_RX_TX_DriverIRQHandler
 .text.UART2_RX_TX_DriverIRQHandler
                0x0000d7e6       0x12 ./drivers/fsl_uart.o
                0x0000d7e6                UART2_RX_TX_DriverIRQHandler
 .text.UART3_RX_TX_DriverIRQHandler
                0x0000d7f8       0x12 ./drivers/fsl_uart.o
                0x0000d7f8                UART3_RX_TX_DriverIRQHandler
 .text.BOARD_InitDebugConsole
                0x0000d80a        0xc ./board/board.o
                0x0000d80a                BOARD_InitDebugConsole
 .text.CLOCK_EnableClock
                0x0000d816       0x32 ./board/pin_mux.o
 .text.PORT_SetPinMux
                0x0000d848       0x38 ./board/pin_mux.o
 .text.__main   0x0000d880        0xe c:/nxp/mcuxpressoide_11.1.1_3241/ide/plugins/com.nxp.mcuxpresso.tools.win32_11.1.0.202001081728/tools/bin/../lib/gcc/arm-none-eabi/8.3.1/../../../../arm-none-eabi/lib/thumb/v7e-m/nofp\libcr_semihost_nf.a(_cr__main.o)
                0x0000d880                __CR_SEMIHOST
                0x0000d880                __main
 .text.memcpy   0x0000d88e        0x4 c:/nxp/mcuxpressoide_11.1.1_3241/ide/plugins/com.nxp.mcuxpresso.tools.win32_11.1.0.202001081728/tools/bin/../lib/gcc/arm-none-eabi/8.3.1/../../../../arm-none-eabi/lib/thumb/v7e-m/nofp\libcr_c.a(memcpy.o)
                0x0000d88e                memcpy
 .text.memset   0x0000d892        0x4 c:/nxp/mcuxpressoide_11.1.1_3241/ide/plugins/com.nxp.mcuxpresso.tools.win32_11.1.0.202001081728/tools/bin/../lib/gcc/arm-none-eabi/8.3.1/../../../../arm-none-eabi/lib/thumb/v7e-m/nofp\libcr_c.a(memset.o)
                0x0000d892                memset
 .text._deferredlazyseek
                0x0000d896       0x40 c:/nxp/mcuxpressoide_11.1.1_3241/ide/plugins/com.nxp.mcuxpresso.tools.win32_11.1.0.202001081728/tools/bin/../lib/gcc/arm-none-eabi/8.3.1/../../../../arm-none-eabi/lib/thumb/v7e-m/nofp\libcr_c.a(_deferredlazyseek.o)
                0x0000d896                _deferredlazyseek
 .text.__flsbuf
                0x0000d8d6      0x140 c:/nxp/mcuxpressoide_11.1.1_3241/ide/plugins/com.nxp.mcuxpresso.tools.win32_11.1.0.202001081728/tools/bin/../lib/gcc/arm-none-eabi/8.3.1/../../../../arm-none-eabi/lib/thumb/v7e-m/nofp\libcr_c.a(_deferredlazyseek.o)
                0x0000d8d6                __flsbuf
 .text._fflush  0x0000da16       0x52 c:/nxp/mcuxpressoide_11.1.1_3241/ide/plugins/com.nxp.mcuxpresso.tools.win32_11.1.0.202001081728/tools/bin/../lib/gcc/arm-none-eabi/8.3.1/../../../../arm-none-eabi/lib/thumb/v7e-m/nofp\libcr_c.a(_fflush.o)
                0x0000da16                _fflush
 .text.free     0x0000da68       0x30 c:/nxp/mcuxpressoide_11.1.1_3241/ide/plugins/com.nxp.mcuxpresso.tools.win32_11.1.0.202001081728/tools/bin/../lib/gcc/arm-none-eabi/8.3.1/../../../../arm-none-eabi/lib/thumb/v7e-m/nofp\libcr_c.a(alloc.o)
                0x0000da68                free
 .text.fputs    0x0000da98       0x2c c:/nxp/mcuxpressoide_11.1.1_3241/ide/plugins/com.nxp.mcuxpresso.tools.win32_11.1.0.202001081728/tools/bin/../lib/gcc/arm-none-eabi/8.3.1/../../../../arm-none-eabi/lib/thumb/v7e-m/nofp\libcr_c.a(fputs.o)
                0x0000da98                fputs
 .text.no_fp_display
                0x0000dac4        0x4 c:/nxp/mcuxpressoide_11.1.1_3241/ide/plugins/com.nxp.mcuxpresso.tools.win32_11.1.0.202001081728/tools/bin/../lib/gcc/arm-none-eabi/8.3.1/../../../../arm-none-eabi/lib/thumb/v7e-m/nofp\libcr_c.a(printf.o)
 .text.strlen   0x0000dac8       0x4c c:/nxp/mcuxpressoide_11.1.1_3241/ide/plugins/com.nxp.mcuxpresso.tools.win32_11.1.0.202001081728/tools/bin/../lib/gcc/arm-none-eabi/8.3.1/../../../../arm-none-eabi/lib/thumb/v7e-m/nofp\libcr_c.a(strlen.o)
                0x0000dac8                strlen
 .text._fdopen  0x0000db14       0x68 c:/nxp/mcuxpressoide_11.1.1_3241/ide/plugins/com.nxp.mcuxpresso.tools.win32_11.1.0.202001081728/tools/bin/../lib/gcc/arm-none-eabi/8.3.1/../../../../arm-none-eabi/lib/thumb/v7e-m/nofp\libcr_c.a(_fdopen.o)
                0x0000db14                _fdopen
 .text.fclose   0x0000db7c       0x58 c:/nxp/mcuxpressoide_11.1.1_3241/ide/plugins/com.nxp.mcuxpresso.tools.win32_11.1.0.202001081728/tools/bin/../lib/gcc/arm-none-eabi/8.3.1/../../../../arm-none-eabi/lib/thumb/v7e-m/nofp\libcr_c.a(fclose.o)
                0x0000db7c                fclose
 .text.remove   0x0000dbd4       0x14 c:/nxp/mcuxpressoide_11.1.1_3241/ide/plugins/com.nxp.mcuxpresso.tools.win32_11.1.0.202001081728/tools/bin/../lib/gcc/arm-none-eabi/8.3.1/../../../../arm-none-eabi/lib/thumb/v7e-m/nofp\libcr_c.a(remove.o)
                0x0000dbd4                remove
 .text._do_fflush
                0x0000dbe8       0x40 c:/nxp/mcuxpressoide_11.1.1_3241/ide/plugins/com.nxp.mcuxpresso.tools.win32_11.1.0.202001081728/tools/bin/../lib/gcc/arm-none-eabi/8.3.1/../../../../arm-none-eabi/lib/thumb/v7e-m/nofp\libcr_c.a(_do_fflush.o)
                0x0000dbe8                _do_fflush
 .text.__aeabi_division_uldivmod
                0x0000dc28      0x174 c:/nxp/mcuxpressoide_11.1.1_3241/ide/plugins/com.nxp.mcuxpresso.tools.win32_11.1.0.202001081728/tools/bin/../lib/gcc/arm-none-eabi/8.3.1/thumb/v7e-m/nofp\libcr_eabihelpers.a(division_64.o)
                0x0000dc28                __aeabi_uldivmod
                0x0000dc2c                __bhs_ldivmod1
 .text.__aeabi_division_idiv0
                0x0000dd9c        0x2 c:/nxp/mcuxpressoide_11.1.1_3241/ide/plugins/com.nxp.mcuxpresso.tools.win32_11.1.0.202001081728/tools/bin/../lib/gcc/arm-none-eabi/8.3.1/thumb/v7e-m/nofp\libcr_eabihelpers.a(division_idiv0.o)
                0x0000dd9c                __aeabi_idiv0
 .text.__aeabi_memcpy
                0x0000dd9e       0x34 c:/nxp/mcuxpressoide_11.1.1_3241/ide/plugins/com.nxp.mcuxpresso.tools.win32_11.1.0.202001081728/tools/bin/../lib/gcc/arm-none-eabi/8.3.1/thumb/v7e-m/nofp\libcr_eabihelpers.a(memcpy.o)
                0x0000dd9e                __aeabi_memcpy
                0x0000dda8                __aeabi_memcpy8
                0x0000dda8                __aeabi_memcpy4
 .text.__aeabi_memset_lowlevel
                0x0000ddd2       0x32 c:/nxp/mcuxpressoide_11.1.1_3241/ide/plugins/com.nxp.mcuxpresso.tools.win32_11.1.0.202001081728/tools/bin/../lib/gcc/arm-none-eabi/8.3.1/thumb/v7e-m/nofp\libcr_eabihelpers.a(memcpy.o)
                0x0000ddd2                __aeabi_lowlevel_memset
 .text.__sys_close
                0x0000de04        0xc c:/nxp/mcuxpressoide_11.1.1_3241/ide/plugins/com.nxp.mcuxpresso.tools.win32_11.1.0.202001081728/tools/bin/../lib/gcc/arm-none-eabi/8.3.1/../../../../arm-none-eabi/lib/thumb/v7e-m/nofp\libcr_semihost_nf.a(__sys_close.o)
                0x0000de04                __sys_close
 .text.__sys_flen
                0x0000de10        0xc c:/nxp/mcuxpressoide_11.1.1_3241/ide/plugins/com.nxp.mcuxpresso.tools.win32_11.1.0.202001081728/tools/bin/../lib/gcc/arm-none-eabi/8.3.1/../../../../arm-none-eabi/lib/thumb/v7e-m/nofp\libcr_semihost_nf.a(__sys_flen.o)
                0x0000de10                __sys_flen
 .text.__sys_istty
                0x0000de1c        0xc c:/nxp/mcuxpressoide_11.1.1_3241/ide/plugins/com.nxp.mcuxpresso.tools.win32_11.1.0.202001081728/tools/bin/../lib/gcc/arm-none-eabi/8.3.1/../../../../arm-none-eabi/lib/thumb/v7e-m/nofp\libcr_semihost_nf.a(__sys_istty.o)
                0x0000de1c                __sys_istty
 .text.__sys_remove
                0x0000de28        0xc c:/nxp/mcuxpressoide_11.1.1_3241/ide/plugins/com.nxp.mcuxpresso.tools.win32_11.1.0.202001081728/tools/bin/../lib/gcc/arm-none-eabi/8.3.1/../../../../arm-none-eabi/lib/thumb/v7e-m/nofp\libcr_semihost_nf.a(__sys_remove.o)
                0x0000de28                __sys_remove
 .text.__sys_seek
                0x0000de34        0xc c:/nxp/mcuxpressoide_11.1.1_3241/ide/plugins/com.nxp.mcuxpresso.tools.win32_11.1.0.202001081728/tools/bin/../lib/gcc/arm-none-eabi/8.3.1/../../../../arm-none-eabi/lib/thumb/v7e-m/nofp\libcr_semihost_nf.a(__sys_seek.o)
                0x0000de34                __sys_seek
 .text.__sys_tmpnam
                0x0000de40        0xc c:/nxp/mcuxpressoide_11.1.1_3241/ide/plugins/com.nxp.mcuxpresso.tools.win32_11.1.0.202001081728/tools/bin/../lib/gcc/arm-none-eabi/8.3.1/../../../../arm-none-eabi/lib/thumb/v7e-m/nofp\libcr_semihost_nf.a(__sys_tmpnam.o)
                0x0000de40                __sys_tmpnam
 .text.__sys_write
                0x0000de4c        0xc c:/nxp/mcuxpressoide_11.1.1_3241/ide/plugins/com.nxp.mcuxpresso.tools.win32_11.1.0.202001081728/tools/bin/../lib/gcc/arm-none-eabi/8.3.1/../../../../arm-none-eabi/lib/thumb/v7e-m/nofp\libcr_semihost_nf.a(__sys_write.o)
                0x0000de4c                __sys_write
 *(SORT_BY_ALIGNMENT(.rodata) SORT_BY_ALIGNMENT(.rodata.*) SORT_BY_ALIGNMENT(.constdata) SORT_BY_ALIGNMENT(.constdata.*))
 .rodata.USB_HostHubDeviceEvent.str1.4
                0x0000de58       0x3f ./usb/host/class/usb_host_hub_app.o
 *fill*         0x0000de97        0x1 ff
 .rodata.s_EnumEntries
                0x0000de98       0x38 ./usb/host/usb_host_devices.o
 .rodata.s_KhciInterface
                0x0000ded0       0x1c ./usb/host/usb_host_hci.o
 .rodata.USB_HostMsdFatfsTestDone.str1.4
                0x0000deec       0x3e ./sources/host_msd_fatfs.o
 *fill*         0x0000df2a        0x2 ff
 .rodata.USB_HostMsdFatfsTest.str1.4
                0x0000df2c      0x289 ./sources/host_msd_fatfs.o
 *fill*         0x0000e1b5        0x3 ff
 .rodata.USB_HostMsdTask.str1.4
                0x0000e1b8       0x51 ./sources/host_msd_fatfs.o
 *fill*         0x0000e209        0x3 ff
 .rodata.USB_HostMsdEvent.str1.4
                0x0000e20c       0x4c ./sources/host_msd_fatfs.o
                                 0x5c (size before relaxing)
 .rodata.PIT_GetDefaultConfig.str1.4
                0x0000e258       0x58 ./source/USB_Log.o
 .rodata.USB_HostEvent.str1.4
                0x0000e2b0       0x15 ./source/USB_Log.o
 *fill*         0x0000e2c5        0x3 ff
 .rodata.USB_HostApplicationInit.str1.4
                0x0000e2c8       0x25 ./source/USB_Log.o
 *fill*         0x0000e2ed        0x3 ff
 .rodata.error_trap.str1.4
                0x0000e2f0       0x54 ./source/USB_Log.o
 .rodata.app_finalize.str1.4
                0x0000e344       0x4e ./source/USB_Log.o
 *fill*         0x0000e392        0x2 ff
 .rodata.main.str1.4
                0x0000e394      0x1fc ./source/USB_Log.o
                                0x200 (size before relaxing)
 .rodata.create_name.str1.4
                0x0000e590        0xf ./fatfs/fatfs_source/ff.o
 *fill*         0x0000e59f        0x1 ff
 .rodata.CLOCK_GetMcgExtClkFreq.str1.4
                0x0000e5a0       0x40 ./drivers/fsl_clock.o
 .rodata.CLOCK_GetOsc0ErClkFreq.str1.4
                0x0000e5e0       0x1f ./drivers/fsl_clock.o
 *fill*         0x0000e5ff        0x1 ff
 .rodata.CLOCK_GetEr32kClkFreq.str1.4
                0x0000e600       0x20 ./drivers/fsl_clock.o
 .rodata.CLOCK_GetPll0Freq.str1.4
                0x0000e620       0x1e ./drivers/fsl_clock.o
 *fill*         0x0000e63e        0x2 ff
 .rodata.CLOCK_EnablePll0.str1.4
                0x0000e640       0x1a ./drivers/fsl_clock.o
 *fill*         0x0000e65a        0x2 ff
 .rodata.CLOCK_SetPbeMode.str1.4
                0x0000e65c       0x1b ./drivers/fsl_clock.o
 *fill*         0x0000e677        0x1 ff
 .rodata.CLOCK_BootToPeeMode.str1.4
                0x0000e678       0x1b ./drivers/fsl_clock.o
 *fill*         0x0000e693        0x1 ff
 .rodata.fllFactorTable.6047
                0x0000e694       0x10 ./drivers/fsl_clock.o
 .rodata.s_flashRunCommandFunctionCode
                0x0000e6a4        0xc ./drivers/fsl_flash.o
 .rodata.s_flashCommonBitOperationFunctionCode
                0x0000e6b0       0x1c ./drivers/fsl_flash.o
 .rodata.kPFlashDensities
                0x0000e6cc       0x1e ./drivers/fsl_flash.o
                0x0000e6cc                kPFlashDensities
 *fill*         0x0000e6ea        0x2 ff
 .rodata.GPIO_PinInit.str1.4
                0x0000e6ec       0x18 ./drivers/fsl_gpio.o
 .rodata.PIT_GetInstance.str1.4
                0x0000e704       0x32 ./drivers/fsl_pit.o
 *fill*         0x0000e736        0x2 ff
 .rodata.PIT_Init.str1.4
                0x0000e738       0x17 ./drivers/fsl_pit.o
 *fill*         0x0000e74f        0x1 ff
 .rodata.s_uartBases
                0x0000e750       0x10 ./drivers/fsl_uart.o
 .rodata.s_uartClock
                0x0000e760       0x10 ./drivers/fsl_uart.o
 .rodata.UART_GetInstance.str1.4
                0x0000e770       0x2c ./drivers/fsl_uart.o
 .rodata.UART_Init.str1.4
                0x0000e79c       0xe3 ./drivers/fsl_uart.o
 *fill*         0x0000e87f        0x1 ff
 .rodata.UART_GetDefaultConfig.str1.4
                0x0000e880       0x1c ./drivers/fsl_uart.o
                                 0x19 (size before relaxing)
 .rodata.mcgConfig_BOARD_BootClockRUN
                0x0000e89c        0xb ./board/clock_config.o
                0x0000e89c                mcgConfig_BOARD_BootClockRUN
 *fill*         0x0000e8a7        0x1 ff
 .rodata.simConfig_BOARD_BootClockRUN
                0x0000e8a8        0x8 ./board/clock_config.o
                0x0000e8a8                simConfig_BOARD_BootClockRUN
 .rodata.oscConfig_BOARD_BootClockRUN
                0x0000e8b0        0x8 ./board/clock_config.o
                0x0000e8b0                oscConfig_BOARD_BootClockRUN
 .rodata.__num_Ciob_streams
                0x0000e8b8        0x4 c:/nxp/mcuxpressoide_11.1.1_3241/ide/plugins/com.nxp.mcuxpresso.tools.win32_11.1.0.202001081728/tools/bin/../lib/gcc/arm-none-eabi/8.3.1/../../../../arm-none-eabi/lib/thumb/v7e-m/nofp\libcr_semihost_nf.a(__ciob.o)
                0x0000e8b8                __num_Ciob_streams
 .rodata.__assertion_failed.str1.1
                0x0000e8bc       0x15 c:/nxp/mcuxpressoide_11.1.1_3241/ide/plugins/com.nxp.mcuxpresso.tools.win32_11.1.0.202001081728/tools/bin/../lib/gcc/arm-none-eabi/8.3.1/../../../../arm-none-eabi/lib/thumb/v7e-m/nofp\libcr_semihost_nf.a(_cr_assert.o)
 .rodata._Csys_alloc.str1.1
                0x0000e8d1       0x18 c:/nxp/mcuxpressoide_11.1.1_3241/ide/plugins/com.nxp.mcuxpresso.tools.win32_11.1.0.202001081728/tools/bin/../lib/gcc/arm-none-eabi/8.3.1/../../../../arm-none-eabi/lib/thumb/v7e-m/nofp\libcr_c.a(alloc.o)
 .rodata._initio.str1.1
                0x0000e8e9        0x4 c:/nxp/mcuxpressoide_11.1.1_3241/ide/plugins/com.nxp.mcuxpresso.tools.win32_11.1.0.202001081728/tools/bin/../lib/gcc/arm-none-eabi/8.3.1/../../../../arm-none-eabi/lib/thumb/v7e-m/nofp\libcr_c.a(initio.o)
 .rodata.__vfprintf.str1.1
                0x0000e8ed       0x35 c:/nxp/mcuxpressoide_11.1.1_3241/ide/plugins/com.nxp.mcuxpresso.tools.win32_11.1.0.202001081728/tools/bin/../lib/gcc/arm-none-eabi/8.3.1/../../../../arm-none-eabi/lib/thumb/v7e-m/nofp\libcr_c.a(printf.o)
                                 0x38 (size before relaxing)
                0x0000e924                . = ALIGN (0x4)
 *fill*         0x0000e922        0x2 ff

.glue_7         0x0000e924        0x0
 .glue_7        0x0000e924        0x0 linker stubs

.glue_7t        0x0000e924        0x0
 .glue_7t       0x0000e924        0x0 linker stubs

.vfp11_veneer   0x0000e924        0x0
 .vfp11_veneer  0x0000e924        0x0 linker stubs

.v4_bx          0x0000e924        0x0
 .v4_bx         0x0000e924        0x0 linker stubs

.iplt           0x0000e924        0x0
 .iplt          0x0000e924        0x0 ./usb/host/class/usb_host_hub.o

.rel.dyn        0x0000e924        0x0
 .rel.iplt      0x0000e924        0x0 ./usb/host/class/usb_host_hub.o

.ARM.extab
 *(SORT_BY_ALIGNMENT(.ARM.extab*) SORT_BY_ALIGNMENT(.gnu.linkonce.armextab.*))

.ARM.exidx      0x0000e924        0x0
                0x0000e924                __exidx_start = .
 *(SORT_BY_ALIGNMENT(.ARM.exidx*) SORT_BY_ALIGNMENT(.gnu.linkonce.armexidx.*))
                0x0000e924                __exidx_end = .
                0x0000e924                _etext = .

.m_usb_data
 *(SORT_BY_ALIGNMENT(m_usb_bdt))

.data_RAM2      0x1fffc000        0x0 load address 0x0000e924
 FILL mask 0xff
                [!provide]                PROVIDE (__start_data_RAM2 = .)
                [!provide]                PROVIDE (__start_data_SRAM_LOWER = .)
 *(SORT_BY_ALIGNMENT(.ramfunc.$RAM2))
 *(SORT_BY_ALIGNMENT(.ramfunc.$SRAM_LOWER))
 *(SORT_BY_ALIGNMENT(.data.$RAM2))
 *(SORT_BY_ALIGNMENT(.data.$SRAM_LOWER))
 *(SORT_BY_ALIGNMENT(.data.$RAM2.*))
 *(SORT_BY_ALIGNMENT(.data.$SRAM_LOWER.*))
                0x1fffc000                . = ALIGN (0x4)
                [!provide]                PROVIDE (__end_data_RAM2 = .)
                [!provide]                PROVIDE (__end_data_SRAM_LOWER = .)

.data_RAM3      0x14000000        0x0 load address 0x0000e924
 FILL mask 0xff
                [!provide]                PROVIDE (__start_data_RAM3 = .)
                [!provide]                PROVIDE (__start_data_FLEX_RAM = .)
 *(SORT_BY_ALIGNMENT(.ramfunc.$RAM3))
 *(SORT_BY_ALIGNMENT(.ramfunc.$FLEX_RAM))
 *(SORT_BY_ALIGNMENT(.data.$RAM3))
 *(SORT_BY_ALIGNMENT(.data.$FLEX_RAM))
 *(SORT_BY_ALIGNMENT(.data.$RAM3.*))
 *(SORT_BY_ALIGNMENT(.data.$FLEX_RAM.*))
                0x14000000                . = ALIGN (0x4)
                [!provide]                PROVIDE (__end_data_RAM3 = .)
                [!provide]                PROVIDE (__end_data_FLEX_RAM = .)

.uninit_RESERVED
                0x20000000        0x0
                0x20000000                _start_uninit_RESERVED = .
 *(SORT_BY_ALIGNMENT(.bss.$RESERVED*))
                0x20000000                . = ALIGN (0x4)
                0x20000000                _end_uninit_RESERVED = .

.data           0x20000000       0x10 load address 0x0000e924
 FILL mask 0xff
                0x20000000                _data = .
                [!provide]                PROVIDE (__start_data_RAM = .)
                [!provide]                PROVIDE (__start_data_SRAM_UPPER = .)
 *(SORT_BY_ALIGNMENT(vtable))
 *(SORT_BY_ALIGNMENT(.ramfunc*))
 *(SORT_BY_ALIGNMENT(CodeQuickAccess))
 *(SORT_BY_ALIGNMENT(DataQuickAccess))
 *(SORT_BY_ALIGNMENT(RamFunction))
 *(SORT_BY_ALIGNMENT(.data*))
 .data.Address_Index_Identifier
                0x20000000        0x4 ./source/USB_Log.o
                0x20000000                Address_Index_Identifier
 .data.s_slowIrcFreq
                0x20000004        0x4 ./drivers/fsl_clock.o
 .data.s_fastIrcFreq
                0x20000008        0x4 ./drivers/fsl_clock.o
 .data.SystemCoreClock
                0x2000000c        0x4 ./CMSIS/system_MK22D5.o
                0x2000000c                SystemCoreClock
                0x20000010                . = ALIGN (0x4)
                0x20000010                _edata = .
                [!provide]                PROVIDE (__end_data_RAM = .)
                [!provide]                PROVIDE (__end_data_SRAM_UPPER = .)

.igot.plt       0x20000010        0x0 load address 0x0000e934
 .igot.plt      0x20000010        0x0 ./usb/host/class/usb_host_hub.o

.bss_RAM2       0x1fffc000        0x0
                [!provide]                PROVIDE (__start_bss_RAM2 = .)
                [!provide]                PROVIDE (__start_bss_SRAM_LOWER = .)
 *(SORT_BY_ALIGNMENT(.bss.$RAM2))
 *(SORT_BY_ALIGNMENT(.bss.$SRAM_LOWER))
 *(SORT_BY_ALIGNMENT(.bss.$RAM2.*))
 *(SORT_BY_ALIGNMENT(.bss.$SRAM_LOWER.*))
                0x1fffc000                . = ALIGN ((. != 0x0)?0x4:0x1)
                [!provide]                PROVIDE (__end_bss_RAM2 = .)
                [!provide]                PROVIDE (__end_bss_SRAM_LOWER = .)

.bss_RAM3       0x14000000        0x0
                [!provide]                PROVIDE (__start_bss_RAM3 = .)
                [!provide]                PROVIDE (__start_bss_FLEX_RAM = .)
 *(SORT_BY_ALIGNMENT(.bss.$RAM3))
 *(SORT_BY_ALIGNMENT(.bss.$FLEX_RAM))
 *(SORT_BY_ALIGNMENT(.bss.$RAM3.*))
 *(SORT_BY_ALIGNMENT(.bss.$FLEX_RAM.*))
                0x14000000                . = ALIGN ((. != 0x0)?0x4:0x1)
                [!provide]                PROVIDE (__end_bss_RAM3 = .)
                [!provide]                PROVIDE (__end_bss_FLEX_RAM = .)

.bss            0x20000200      0xfac
                0x20000200                _bss = .
                [!provide]                PROVIDE (__start_bss_RAM = .)
                [!provide]                PROVIDE (__start_bss_SRAM_UPPER = .)
 *(SORT_BY_ALIGNMENT(.bss*))
 .bss.bdt       0x20000200      0x200 ./usb/host/usb_host_khci.o
 .bss.s_HubDeviceHandle
                0x20000400        0x4 ./usb/host/class/usb_host_hub_app.o
 .bss.s_HubInterfaceHandle
                0x20000404        0x4 ./usb/host/class/usb_host_hub_app.o
 .bss.s_HubGlobalArray
                0x20000408       0x10 ./usb/host/class/usb_host_hub_app.o
 .bss.g_UsbHostInstance
                0x20000418      0x32c ./usb/host/usb_host_hci.o
                0x20000418                g_UsbHostInstance
 .bss.s_Setupbuffer
                0x20000744       0x80 ./usb/host/usb_host_hci.o
 .bss.totalFrameNumber.6743
                0x200007c4        0x4 ./usb/host/usb_host_khci.o
 .bss.transferResult.6898
                0x200007c8        0x4 ./usb/host/usb_host_khci.o
 .bss.transferResult.6905
                0x200007cc        0x4 ./usb/host/usb_host_khci.o
 .bss.transfer.6941
                0x200007d0        0x4 ./usb/host/usb_host_khci.o
 .bss.g_UsbFatfsClassHandle
                0x200007d4        0x4 ./sources/fsl_usb_disk_bm.o
                0x200007d4                g_UsbFatfsClassHandle
 .bss.s_FatfsSectorSize
                0x200007d8        0x4 ./sources/fsl_usb_disk_bm.o
 .bss.s_UsbTransferBuffer
                0x200007dc       0x14 ./sources/fsl_usb_disk_bm.o
 .bss.g_MsdFatfsInstance
                0x200007f0       0x14 ./sources/host_msd_fatfs.o
                0x200007f0                g_MsdFatfsInstance
 .bss.fatfs     0x20000804      0x230 ./sources/host_msd_fatfs.o
 .bss.testBuffer
                0x20000a34      0x200 ./sources/host_msd_fatfs.o
 .bss.i         0x20000c34        0x4 ./source/USB_Log.o
                0x20000c34                i
 .bss.demoRingBuffer
                0x20000c38      0x1f4 ./source/USB_Log.o
                0x20000c38                demoRingBuffer
 .bss.g_HostHandle
                0x20000e2c        0x4 ./source/USB_Log.o
                0x20000e2c                g_HostHandle
 .bss.Address_Identifier
                0x20000e30        0x4 ./source/USB_Log.o
                0x20000e30                Address_Identifier
 .bss.US00      0x20000e34        0xf ./source/USB_Log.o
                0x20000e34                US00
 *fill*         0x20000e43        0x1 
 .bss.x         0x20000e44        0x4 ./source/USB_Log.o
                0x20000e44                x
 .bss.demoRingBuffer_test
                0x20000e48       0xc8 ./source/USB_Log.o
                0x20000e48                demoRingBuffer_test
 .bss.failAddr  0x20000f10        0x4 ./source/USB_Log.o
                0x20000f10                failAddr
 .bss.failDat   0x20000f14        0x4 ./source/USB_Log.o
                0x20000f14                failDat
 .bss.Controllo_Fine_Stringa
                0x20000f18        0x4 ./source/USB_Log.o
                0x20000f18                Controllo_Fine_Stringa
 .bss.s_flashDriver.7693
                0x20000f1c       0x34 ./source/USB_Log.o
 .bss.m_usb_global
                0x20000f50       0xd0 ./osa/usb_osa_bm.o
 .bss.FatFs     0x20001020        0xc ./fatfs/fatfs_source/ff.o
 .bss.g_xtal0Freq
                0x2000102c        0x4 ./drivers/fsl_clock.o
                0x2000102c                g_xtal0Freq
 .bss.g_xtal32Freq
                0x20001030        0x4 ./drivers/fsl_clock.o
                0x20001030                g_xtal32Freq
 .bss.callFlashRunCommand
                0x20001034        0x4 ./drivers/fsl_flash.o
 .bss.callFlashCommonBitOperation
                0x20001038        0x4 ./drivers/fsl_flash.o
 .bss.s_flashRunCommand
                0x2000103c       0x40 ./drivers/fsl_flash.o
 .bss.s_flashCommonBitOperation
                0x2000107c       0x40 ./drivers/fsl_flash.o
 .bss.s_flashExecuteInRamFunctionInfo
                0x200010bc        0xc ./drivers/fsl_flash.o
 .bss.s_uartHandle
                0x200010c8       0x10 ./drivers/fsl_uart.o
 .bss.s_uartIsr
                0x200010d8        0x4 ./drivers/fsl_uart.o
 .bss.__Ciob    0x200010dc       0xb4 c:/nxp/mcuxpressoide_11.1.1_3241/ide/plugins/com.nxp.mcuxpresso.tools.win32_11.1.0.202001081728/tools/bin/../lib/gcc/arm-none-eabi/8.3.1/../../../../arm-none-eabi/lib/thumb/v7e-m/nofp\libcr_semihost_nf.a(__ciob.o)
                0x200010dc                __Ciob
 .bss.__end_of_heap
                0x20001190        0x4 c:/nxp/mcuxpressoide_11.1.1_3241/ide/plugins/com.nxp.mcuxpresso.tools.win32_11.1.0.202001081728/tools/bin/../lib/gcc/arm-none-eabi/8.3.1/../../../../arm-none-eabi/lib/thumb/v7e-m/nofp\libcr_c.a(__init_alloc.o)
                0x20001190                __end_of_heap
 .bss.__heaps   0x20001194        0x4 c:/nxp/mcuxpressoide_11.1.1_3241/ide/plugins/com.nxp.mcuxpresso.tools.win32_11.1.0.202001081728/tools/bin/../lib/gcc/arm-none-eabi/8.3.1/../../../../arm-none-eabi/lib/thumb/v7e-m/nofp\libcr_c.a(__init_alloc.o)
                0x20001194                __heaps
 .bss.errno     0x20001198        0x4 c:/nxp/mcuxpressoide_11.1.1_3241/ide/plugins/com.nxp.mcuxpresso.tools.win32_11.1.0.202001081728/tools/bin/../lib/gcc/arm-none-eabi/8.3.1/../../../../arm-none-eabi/lib/thumb/v7e-m/nofp\libcr_c.a(errno.o)
                0x20001198                errno
 .bss.oldFrameNumber.6744
                0x2000119c        0x2 ./usb/host/usb_host_khci.o
 .bss.Dati_Presenti
                0x2000119e        0x2 ./source/USB_Log.o
                0x2000119e                Dati_Presenti
 .bss.rxIndex   0x200011a0        0x2 ./source/USB_Log.o
                0x200011a0                rxIndex
 .bss.Fsid      0x200011a2        0x2 ./fatfs/fatfs_source/ff.o
 .bss.ufiIng    0x200011a4        0x1 ./sources/fsl_usb_disk_bm.o
 .bss.ufiStatus
                0x200011a5        0x1 ./sources/fsl_usb_disk_bm.o
 .bss.controlIng
                0x200011a6        0x1 ./sources/host_msd_fatfs.o
                0x200011a6                controlIng
 .bss.controlStatus
                0x200011a7        0x1 ./sources/host_msd_fatfs.o
                0x200011a7                controlStatus
 .bss.pitIsrFlag
                0x200011a8        0x1 ./source/USB_Log.o
                0x200011a8                pitIsrFlag
 .bss.Controllo_Inizio_Stringa
                0x200011a9        0x1 ./source/USB_Log.o
                0x200011a9                Controllo_Inizio_Stringa
 *(SORT_BY_ALIGNMENT(COMMON))
                0x200011ac                . = ALIGN (0x4)
 *fill*         0x200011aa        0x2 
                0x200011ac                _ebss = .
                [!provide]                PROVIDE (__end_bss_RAM = .)
                [!provide]                PROVIDE (__end_bss_SRAM_UPPER = .)
                [!provide]                PROVIDE (end = .)

.noinit_RAM2    0x1fffc000        0x0
                [!provide]                PROVIDE (__start_noinit_RAM2 = .)
                [!provide]                PROVIDE (__start_noinit_SRAM_LOWER = .)
 *(SORT_BY_ALIGNMENT(.noinit.$RAM2))
 *(SORT_BY_ALIGNMENT(.noinit.$SRAM_LOWER))
 *(SORT_BY_ALIGNMENT(.noinit.$RAM2.*))
 *(SORT_BY_ALIGNMENT(.noinit.$SRAM_LOWER.*))
                0x1fffc000                . = ALIGN (0x4)
                [!provide]                PROVIDE (__end_noinit_RAM2 = .)
                [!provide]                PROVIDE (__end_noinit_SRAM_LOWER = .)

.noinit_RAM3    0x14000000        0x0
                [!provide]                PROVIDE (__start_noinit_RAM3 = .)
                [!provide]                PROVIDE (__start_noinit_FLEX_RAM = .)
 *(SORT_BY_ALIGNMENT(.noinit.$RAM3))
 *(SORT_BY_ALIGNMENT(.noinit.$FLEX_RAM))
 *(SORT_BY_ALIGNMENT(.noinit.$RAM3.*))
 *(SORT_BY_ALIGNMENT(.noinit.$FLEX_RAM.*))
                0x14000000                . = ALIGN (0x4)
                [!provide]                PROVIDE (__end_noinit_RAM3 = .)
                [!provide]                PROVIDE (__end_noinit_FLEX_RAM = .)

.noinit         0x200011ac        0x0
                0x200011ac                _noinit = .
                [!provide]                PROVIDE (__start_noinit_RAM = .)
                [!provide]                PROVIDE (__start_noinit_SRAM_UPPER = .)
 *(SORT_BY_ALIGNMENT(.noinit*))
                0x200011ac                . = ALIGN (0x4)
                0x200011ac                _end_noinit = .
                [!provide]                PROVIDE (__end_noinit_RAM = .)
                [!provide]                PROVIDE (__end_noinit_SRAM_UPPER = .)
                0x00000400                _HeapSize = 0x400

.heap           0x200011ac      0x400
                0x200011ac                _pvHeapStart = .
                0x200015ac                . = (. + _HeapSize)
 *fill*         0x200011ac      0x400 
                0x200015ac                . = ALIGN (0x4)
                0x200015ac                _pvHeapLimit = .
                0x00000400                _StackSize = 0x400

.heap2stackfill
                0x200015ac      0x400
                0x200019ac                . = (. + _StackSize)
 *fill*         0x200015ac      0x400 

.stack          0x20003c00        0x0
                0x20003c00                _vStackBase = .
                0x20003c00                . = ALIGN (0x4)
                0x20004000                _vStackTop = (. + _StackSize)
                0x00000000                _image_start = LOADADDR (.text)
                0x0000e934                _image_end = (LOADADDR (.data) + SIZEOF (.data))
                0x0000e934                _image_size = (_image_end - _image_start)
OUTPUT(USB_Log_Insert.axf elf32-littlearm)

.debug_info     0x00000000    0x193b8
 .debug_info    0x00000000     0x10e8 ./usb/host/class/usb_host_hub.o
 .debug_info    0x000010e8     0x14fe ./usb/host/class/usb_host_hub_app.o
 .debug_info    0x000025e6     0x132d ./usb/host/class/usb_host_msd.o
 .debug_info    0x00003913      0xd8a ./usb/host/class/usb_host_msd_ufi.o
 .debug_info    0x0000469d     0x1998 ./usb/host/usb_host_devices.o
 .debug_info    0x00006035      0xf78 ./usb/host/usb_host_framework.o
 .debug_info    0x00006fad     0x176e ./usb/host/usb_host_hci.o
 .debug_info    0x0000871b     0x1d35 ./usb/host/usb_host_khci.o
 .debug_info    0x0000a450      0x79f ./startup/startup_mk22d5.o
 .debug_info    0x0000abef      0x885 ./sources/fsl_usb_disk_bm.o
 .debug_info    0x0000b474     0x1090 ./sources/host_msd_fatfs.o
 .debug_info    0x0000c504     0x22bc ./source/USB_Log.o
 .debug_info    0x0000e7c0       0x3c ./source/semihost_hardfault.o
 .debug_info    0x0000e7fc      0xeb5 ./osa/usb_osa_bm.o
 .debug_info    0x0000f6b1      0x414 ./fatfs/fatfs_source/diskio.o
 .debug_info    0x0000fac5     0x2127 ./fatfs/fatfs_source/ff.o
 .debug_info    0x00011bec     0x1b6d ./drivers/fsl_clock.o
 .debug_info    0x00013759     0x1fe1 ./drivers/fsl_flash.o
 .debug_info    0x0001573a      0x652 ./drivers/fsl_gpio.o
 .debug_info    0x00015d8c      0x648 ./drivers/fsl_pit.o
 .debug_info    0x000163d4     0x1911 ./drivers/fsl_uart.o
 .debug_info    0x00017ce5       0xba ./board/board.o
 .debug_info    0x00017d9f      0xb3d ./board/clock_config.o
 .debug_info    0x000188dc      0x602 ./board/pin_mux.o
 .debug_info    0x00018ede      0x4da ./CMSIS/system_MK22D5.o

.debug_abbrev   0x00000000     0x35f2
 .debug_abbrev  0x00000000      0x204 ./usb/host/class/usb_host_hub.o
 .debug_abbrev  0x00000204      0x24f ./usb/host/class/usb_host_hub_app.o
 .debug_abbrev  0x00000453      0x202 ./usb/host/class/usb_host_msd.o
 .debug_abbrev  0x00000655      0x183 ./usb/host/class/usb_host_msd_ufi.o
 .debug_abbrev  0x000007d8      0x274 ./usb/host/usb_host_devices.o
 .debug_abbrev  0x00000a4c      0x1f4 ./usb/host/usb_host_framework.o
 .debug_abbrev  0x00000c40      0x2c6 ./usb/host/usb_host_hci.o
 .debug_abbrev  0x00000f06      0x366 ./usb/host/usb_host_khci.o
 .debug_abbrev  0x0000126c      0x17a ./startup/startup_mk22d5.o
 .debug_abbrev  0x000013e6      0x1f9 ./sources/fsl_usb_disk_bm.o
 .debug_abbrev  0x000015df      0x2ba ./sources/host_msd_fatfs.o
 .debug_abbrev  0x00001899      0x418 ./source/USB_Log.o
 .debug_abbrev  0x00001cb1       0x31 ./source/semihost_hardfault.o
 .debug_abbrev  0x00001ce2      0x2d7 ./osa/usb_osa_bm.o
 .debug_abbrev  0x00001fb9      0x15a ./fatfs/fatfs_source/diskio.o
 .debug_abbrev  0x00002113      0x227 ./fatfs/fatfs_source/ff.o
 .debug_abbrev  0x0000233a      0x34b ./drivers/fsl_clock.o
 .debug_abbrev  0x00002685      0x2a6 ./drivers/fsl_flash.o
 .debug_abbrev  0x0000292b      0x1d2 ./drivers/fsl_gpio.o
 .debug_abbrev  0x00002afd      0x203 ./drivers/fsl_pit.o
 .debug_abbrev  0x00002d00      0x345 ./drivers/fsl_uart.o
 .debug_abbrev  0x00003045       0x8b ./board/board.o
 .debug_abbrev  0x000030d0      0x211 ./board/clock_config.o
 .debug_abbrev  0x000032e1      0x1bb ./board/pin_mux.o
 .debug_abbrev  0x0000349c      0x156 ./CMSIS/system_MK22D5.o

.debug_aranges  0x00000000     0x1268
 .debug_aranges
                0x00000000       0x90 ./usb/host/class/usb_host_hub.o
 .debug_aranges
                0x00000090       0x88 ./usb/host/class/usb_host_hub_app.o
 .debug_aranges
                0x00000118       0xc0 ./usb/host/class/usb_host_msd.o
 .debug_aranges
                0x000001d8       0xb0 ./usb/host/class/usb_host_msd_ufi.o
 .debug_aranges
                0x00000288       0xa8 ./usb/host/usb_host_devices.o
 .debug_aranges
                0x00000330       0x60 ./usb/host/usb_host_framework.o
 .debug_aranges
                0x00000390       0x98 ./usb/host/usb_host_hci.o
 .debug_aranges
                0x00000428       0xf8 ./usb/host/usb_host_khci.o
 .debug_aranges
                0x00000520      0x288 ./startup/startup_mk22d5.o
 .debug_aranges
                0x000007a8       0x50 ./sources/fsl_usb_disk_bm.o
 .debug_aranges
                0x000007f8       0x50 ./sources/host_msd_fatfs.o
 .debug_aranges
                0x00000848       0xe8 ./source/USB_Log.o
 .debug_aranges
                0x00000930       0x20 ./source/semihost_hardfault.o
 .debug_aranges
                0x00000950       0xe0 ./osa/usb_osa_bm.o
 .debug_aranges
                0x00000a30       0x40 ./fatfs/fatfs_source/diskio.o
 .debug_aranges
                0x00000a70      0x1e8 ./fatfs/fatfs_source/ff.o
 .debug_aranges
                0x00000c58      0x1e0 ./drivers/fsl_clock.o
 .debug_aranges
                0x00000e38      0x188 ./drivers/fsl_flash.o
 .debug_aranges
                0x00000fc0       0x48 ./drivers/fsl_gpio.o
 .debug_aranges
                0x00001008       0x40 ./drivers/fsl_pit.o
 .debug_aranges
                0x00001048      0x150 ./drivers/fsl_uart.o
 .debug_aranges
                0x00001198       0x20 ./board/board.o
 .debug_aranges
                0x000011b8       0x58 ./board/clock_config.o
 .debug_aranges
                0x00001210       0x30 ./board/pin_mux.o
 .debug_aranges
                0x00001240       0x28 ./CMSIS/system_MK22D5.o

.debug_ranges   0x00000000     0x10d8
 .debug_ranges  0x00000000       0x80 ./usb/host/class/usb_host_hub.o
 .debug_ranges  0x00000080       0x78 ./usb/host/class/usb_host_hub_app.o
 .debug_ranges  0x000000f8       0xb0 ./usb/host/class/usb_host_msd.o
 .debug_ranges  0x000001a8       0xa0 ./usb/host/class/usb_host_msd_ufi.o
 .debug_ranges  0x00000248       0x98 ./usb/host/usb_host_devices.o
 .debug_ranges  0x000002e0       0x50 ./usb/host/usb_host_framework.o
 .debug_ranges  0x00000330       0x88 ./usb/host/usb_host_hci.o
 .debug_ranges  0x000003b8       0xe8 ./usb/host/usb_host_khci.o
 .debug_ranges  0x000004a0      0x278 ./startup/startup_mk22d5.o
 .debug_ranges  0x00000718       0x40 ./sources/fsl_usb_disk_bm.o
 .debug_ranges  0x00000758       0x40 ./sources/host_msd_fatfs.o
 .debug_ranges  0x00000798       0xd8 ./source/USB_Log.o
 .debug_ranges  0x00000870       0x10 ./source/semihost_hardfault.o
 .debug_ranges  0x00000880       0xd0 ./osa/usb_osa_bm.o
 .debug_ranges  0x00000950       0x30 ./fatfs/fatfs_source/diskio.o
 .debug_ranges  0x00000980      0x1d8 ./fatfs/fatfs_source/ff.o
 .debug_ranges  0x00000b58      0x1d0 ./drivers/fsl_clock.o