usb_host_khci.c:75:17:_USB_HostKhciGetRoundUpPow2	24	static
usb_host_khci.c:98:17:_USB_HostKhciGetFrameCount	24	static
usb_host_khci.c:115:17:_USB_HostKhciGetFrameCountSum	24	static
usb_host_khci.c:140:13:_USB_HostKhciDelay	24	static
usb_host_khci.c:159:6:USB_HostKhciIsrFunction	24	static
usb_host_khci.c:247:13:_USB_HostKhciAttach	40	static
usb_host_khci.c:338:13:_USB_HostKhciReset	24	static
usb_host_khci.c:384:13:_USB_HostKhciDetach	16	static
usb_host_khci.c:422:13:_USB_HostKhciGetRightTrRequest	40	static
usb_host_khci.c:513:13:_USB_HostKhciUnlinkTrRequestFromList	32	static
usb_host_khci.c:585:21:_USB_HostKhciLinkTrRequestToList	24	static
usb_host_khci.c:652:13:_USB_HostKhciProcessTrCallback	32	static
usb_host_khci.c:721:16:_USB_HostKhciTransactionDone	48	static
usb_host_khci.c:899:16:_USB_HostKhciAtomNonblockingTransaction	72	static
usb_host_khci.c:1043:24:_USB_HostKhciStartTranfer	32	static
usb_host_khci.c:1133:24:_USB_HostKhciFinishTranfer	24	static
usb_host_khci.c:1218:6:_USB_HostKhciTransferClearUp	24	static
usb_host_khci.c:1299:6:_USB_HostKhciTransferStateMachine	40	static
usb_host_khci.c:1454:6:USB_HostKhciTaskFunction	32	static
usb_host_khci.c:1530:14:USB_HostKhciCreate	40	static
usb_host_khci.c:1634:14:USB_HostKhciDestory	24	static
usb_host_khci.c:1682:14:USB_HostKhciOpenPipe	48	static
usb_host_khci.c:1754:14:USB_HostKhciClosePipe	32	static
usb_host_khci.c:1815:14:USB_HostKhciWritePipe	40	static
usb_host_khci.c:1893:14:USB_HostKhciReadpipe	40	static
usb_host_khci.c:1941:21:_USB_HostKhciCancelPipe	32	static
usb_host_khci.c:1984:21:_USB_HostKhciBusControl	24	static
usb_host_khci.c:2070:14:USB_HostKciIoctl	32	static
