usb_host_devices.c:212:13:USB_HostEnumerationTransferCallback	32	static
usb_host_devices.c:311:21:USB_HostProcessState	40	static
usb_host_devices.c:407:21:USB_HostProcessCallback	32	static
usb_host_devices.c:515:21:USB_HostNotifyDevice	32	static
usb_host_devices.c:581:16:USB_HostAllocateDeviceAddress	24	static
usb_host_devices.c:608:13:USB_HostReleaseDeviceAddress	16	static
usb_host_devices.c:616:21:USB_HostRemoveDeviceInstance	32	static
usb_host_devices.c:652:13:USB_HostReleaseDeviceResource	24	static
usb_host_devices.c:723:21:USB_HostParseDeviceConfigurationDescriptor	40	static
usb_host_devices.c:945:14:USB_HostAttachDevice	48	static
usb_host_devices.c:1101:14:USB_HostDetachDevice	24	static
usb_host_devices.c:1134:14:USB_HostDetachDeviceInternal	24	static
usb_host_devices.c:1168:9:USB_HostGetDeviceAttachState	16	static
usb_host_devices.c:1173:14:USB_HostValidateDevice	24	static
usb_host_devices.c:1195:21:USB_HostControlBus	24	static
usb_host_devices.c:1211:14:USB_HostOpenDeviceInterface	32	static
usb_host_devices.c:1261:14:USB_HostCloseDeviceInterface	32	static
usb_host_devices.c:1344:14:USB_HostRemoveDevice	32	static
