startup_mk22d5.c:372:6:data_init	4	static
startup_mk22d5.c:381:6:bss_init	0	static
startup_mk22d5.c:406:6:ResetISR	8	static
startup_mk22d5.c:511:14:NMI_Handler	0	static
startup_mk22d5.c:515:14:HardFault_Handler	0	static
startup_mk22d5.c:519:14:MemManage_Handler	0	static
startup_mk22d5.c:523:14:BusFault_Handler	0	static
startup_mk22d5.c:527:14:UsageFault_Handler	0	static
startup_mk22d5.c:531:14:SVC_Handler	0	static
startup_mk22d5.c:535:14:DebugMon_Handler	0	static
startup_mk22d5.c:539:14:PendSV_Handler	0	static
startup_mk22d5.c:543:14:SysTick_Handler	0	static
startup_mk22d5.c:551:14:IntDefaultHandler	0	static
startup_mk22d5.c:561:11:DMA0_IRQHandler	8	static
startup_mk22d5.c:565:11:DMA1_IRQHandler	8	static
startup_mk22d5.c:569:11:DMA2_IRQHandler	8	static
startup_mk22d5.c:573:11:DMA3_IRQHandler	8	static
startup_mk22d5.c:577:11:DMA4_IRQHandler	8	static
startup_mk22d5.c:581:11:DMA5_IRQHandler	8	static
startup_mk22d5.c:585:11:DMA6_IRQHandler	8	static
startup_mk22d5.c:589:11:DMA7_IRQHandler	8	static
startup_mk22d5.c:593:11:DMA8_IRQHandler	8	static
startup_mk22d5.c:597:11:DMA9_IRQHandler	8	static
startup_mk22d5.c:601:11:DMA10_IRQHandler	8	static
startup_mk22d5.c:605:11:DMA11_IRQHandler	8	static
startup_mk22d5.c:609:11:DMA12_IRQHandler	8	static
startup_mk22d5.c:613:11:DMA13_IRQHandler	8	static
startup_mk22d5.c:617:11:DMA14_IRQHandler	8	static
startup_mk22d5.c:621:11:DMA15_IRQHandler	8	static
startup_mk22d5.c:625:11:DMA_Error_IRQHandler	8	static
startup_mk22d5.c:629:11:MCM_IRQHandler	8	static
startup_mk22d5.c:633:11:FTFL_IRQHandler	8	static
startup_mk22d5.c:637:11:Read_Collision_IRQHandler	8	static
startup_mk22d5.c:641:11:LVD_LVW_IRQHandler	8	static
startup_mk22d5.c:645:11:LLWU_IRQHandler	8	static
startup_mk22d5.c:649:11:WDOG_EWM_IRQHandler	8	static
startup_mk22d5.c:653:11:Reserved39_IRQHandler	8	static
startup_mk22d5.c:657:11:I2C0_IRQHandler	8	static
startup_mk22d5.c:661:11:I2C1_IRQHandler	8	static
startup_mk22d5.c:665:11:SPI0_IRQHandler	8	static
startup_mk22d5.c:669:11:SPI1_IRQHandler	8	static
startup_mk22d5.c:673:11:I2S0_Tx_IRQHandler	8	static
startup_mk22d5.c:677:11:I2S0_Rx_IRQHandler	8	static
startup_mk22d5.c:681:11:Reserved46_IRQHandler	8	static
startup_mk22d5.c:685:11:UART0_RX_TX_IRQHandler	8	static
startup_mk22d5.c:689:11:UART0_ERR_IRQHandler	8	static
startup_mk22d5.c:693:11:UART1_RX_TX_IRQHandler	8	static
startup_mk22d5.c:697:11:UART1_ERR_IRQHandler	8	static
startup_mk22d5.c:701:11:UART2_RX_TX_IRQHandler	8	static
startup_mk22d5.c:705:11:UART2_ERR_IRQHandler	8	static
startup_mk22d5.c:709:11:UART3_RX_TX_IRQHandler	8	static
startup_mk22d5.c:713:11:UART3_ERR_IRQHandler	8	static
startup_mk22d5.c:717:11:ADC0_IRQHandler	8	static
startup_mk22d5.c:721:11:CMP0_IRQHandler	8	static
startup_mk22d5.c:725:11:CMP1_IRQHandler	8	static
startup_mk22d5.c:729:11:FTM0_IRQHandler	8	static
startup_mk22d5.c:733:11:FTM1_IRQHandler	8	static
startup_mk22d5.c:737:11:FTM2_IRQHandler	8	static
startup_mk22d5.c:741:11:CMT_IRQHandler	8	static
startup_mk22d5.c:745:11:RTC_IRQHandler	8	static
startup_mk22d5.c:749:11:RTC_Seconds_IRQHandler	8	static
startup_mk22d5.c:753:11:PIT0_IRQHandler	8	static
startup_mk22d5.c:757:11:PIT1_IRQHandler	8	static
startup_mk22d5.c:761:11:PIT2_IRQHandler	8	static
startup_mk22d5.c:765:11:PIT3_IRQHandler	8	static
startup_mk22d5.c:769:11:PDB0_IRQHandler	8	static
startup_mk22d5.c:773:11:USB0_IRQHandler	8	static
startup_mk22d5.c:777:11:USBDCD_IRQHandler	8	static
startup_mk22d5.c:781:11:Reserved71_IRQHandler	8	static
startup_mk22d5.c:785:11:DAC0_IRQHandler	8	static
startup_mk22d5.c:789:11:MCG_IRQHandler	8	static
startup_mk22d5.c:793:11:LPTMR0_IRQHandler	8	static
startup_mk22d5.c:797:11:PORTA_IRQHandler	8	static
startup_mk22d5.c:801:11:PORTB_IRQHandler	8	static
startup_mk22d5.c:805:11:PORTC_IRQHandler	8	static
startup_mk22d5.c:809:11:PORTD_IRQHandler	8	static
startup_mk22d5.c:813:11:PORTE_IRQHandler	8	static
startup_mk22d5.c:817:11:SWI_IRQHandler	8	static
